D:\Git\nxp_mcxn947_pfc\CMSIS/core_cm33.h:2390:22:__NVIC_EnableIRQ	16	static
D:\Git\nxp_mcxn947_pfc\drivers/fsl_clock.h:1394:20:CLOCK_EnableClock	24	static
D:\Git\nxp_mcxn947_pfc\drivers/fsl_common_arm.h:586:24:EnableIRQ	24	static
D:\Git\nxp_mcxn947_pfc\drivers/fsl_port.h:360:20:PORT_SetPinConfig	32	static
D:\Git\nxp_mcxn947_pfc\drivers/fsl_gpio.h:466:20:GPIO_SetPinInterruptConfig	24	static
../board/pin_mux.c:38:6:BOARD_InitBootPins	8	static
../board/pin_mux.c:64:6:BOARD_InitPins	8	static
../board/pin_mux.c:88:6:BOARD_InitGPIO	24	static
../board/pin_mux.c:203:6:BOARD_InitUART	16	static
../board/pin_mux.c:282:6:BOARD_InitCAN	16	static
../board/pin_mux.c:339:6:BOARD_InitADC	16	static
../board/pin_mux.c:401:6:BOARD_InitDAC	16	static
../board/pin_mux.c:434:6:BOARD_InitPWM	16	static
