Archive member included to satisfy reference by file (symbol)

C:/nxp/MCUXpressoIDE_24.9.25/ide/plugins/com.nxp.mcuxpresso.tools.win32_24.9.0.202407110857/tools/bin/../lib/gcc/arm-none-eabi/13.2.1/../../../../arm-none-eabi/lib/thumb/v8-m.main+fp/hard\libcr_nohost_nf.a(_cr__main.o)
                              ./startup/startup_mcxn947_cm33_core0.o (__main)
C:/nxp/MCUXpressoIDE_24.9.25/ide/plugins/com.nxp.mcuxpresso.tools.win32_24.9.0.202407110857/tools/bin/../lib/gcc/arm-none-eabi/13.2.1/../../../../arm-none-eabi/lib/thumb/v8-m.main+fp/hard\libcr_c.a(memset.o)
                              ./utilities/fsl_debug_console.o (memset)
C:/nxp/MCUXpressoIDE_24.9.25/ide/plugins/com.nxp.mcuxpresso.tools.win32_24.9.0.202407110857/tools/bin/../lib/gcc/arm-none-eabi/13.2.1/../../../../arm-none-eabi/lib/thumb/v8-m.main+fp/hard\libcr_c.a(alloc.o)
                              ./drivers/fsl_common.o (malloc)
C:/nxp/MCUXpressoIDE_24.9.25/ide/plugins/com.nxp.mcuxpresso.tools.win32_24.9.0.202407110857/tools/bin/../lib/gcc/arm-none-eabi/13.2.1/../../../../arm-none-eabi/lib/thumb/v8-m.main+fp/hard\libcr_c.a(errno.o)
                              ./utilities/fsl_str.o (errno)
C:/nxp/MCUXpressoIDE_24.9.25/ide/plugins/com.nxp.mcuxpresso.tools.win32_24.9.0.202407110857/tools/bin/../lib/gcc/arm-none-eabi/13.2.1/../../../../arm-none-eabi/lib/thumb/v8-m.main+fp/hard\libcr_c.a(initio.o)
                              C:/nxp/MCUXpressoIDE_24.9.25/ide/plugins/com.nxp.mcuxpresso.tools.win32_24.9.0.202407110857/tools/bin/../lib/gcc/arm-none-eabi/13.2.1/../../../../arm-none-eabi/lib/thumb/v8-m.main+fp/hard\libcr_nohost_nf.a(_cr__main.o) (_initio)
C:/nxp/MCUXpressoIDE_24.9.25/ide/plugins/com.nxp.mcuxpresso.tools.win32_24.9.0.202407110857/tools/bin/../lib/gcc/arm-none-eabi/13.2.1/../../../../arm-none-eabi/lib/thumb/v8-m.main+fp/hard\libcr_c.a(scanf.o)
                              ./utilities/fsl_str.o (strtoul)
C:/nxp/MCUXpressoIDE_24.9.25/ide/plugins/com.nxp.mcuxpresso.tools.win32_24.9.0.202407110857/tools/bin/../lib/gcc/arm-none-eabi/13.2.1/../../../../arm-none-eabi/lib/thumb/v8-m.main+fp/hard\libcr_c.a(setvbuf.o)
                              C:/nxp/MCUXpressoIDE_24.9.25/ide/plugins/com.nxp.mcuxpresso.tools.win32_24.9.0.202407110857/tools/bin/../lib/gcc/arm-none-eabi/13.2.1/../../../../arm-none-eabi/lib/thumb/v8-m.main+fp/hard\libcr_c.a(initio.o) (setvbuf)
C:/nxp/MCUXpressoIDE_24.9.25/ide/plugins/com.nxp.mcuxpresso.tools.win32_24.9.0.202407110857/tools/bin/../lib/gcc/arm-none-eabi/13.2.1/../../../../arm-none-eabi/lib/thumb/v8-m.main+fp/hard\libcr_c.a(strlen.o)
                              ./utilities/fsl_str.o (strlen)
C:/nxp/MCUXpressoIDE_24.9.25/ide/plugins/com.nxp.mcuxpresso.tools.win32_24.9.0.202407110857/tools/bin/../lib/gcc/arm-none-eabi/13.2.1/../../../../arm-none-eabi/lib/thumb/v8-m.main+fp/hard\libcr_c.a(ungetc.o)
                              C:/nxp/MCUXpressoIDE_24.9.25/ide/plugins/com.nxp.mcuxpresso.tools.win32_24.9.0.202407110857/tools/bin/../lib/gcc/arm-none-eabi/13.2.1/../../../../arm-none-eabi/lib/thumb/v8-m.main+fp/hard\libcr_c.a(scanf.o) (ungetc)
C:/nxp/MCUXpressoIDE_24.9.25/ide/plugins/com.nxp.mcuxpresso.tools.win32_24.9.0.202407110857/tools/bin/../lib/gcc/arm-none-eabi/13.2.1/../../../../arm-none-eabi/lib/thumb/v8-m.main+fp/hard\libcr_c.a(__fillbuf.o)
                              C:/nxp/MCUXpressoIDE_24.9.25/ide/plugins/com.nxp.mcuxpresso.tools.win32_24.9.0.202407110857/tools/bin/../lib/gcc/arm-none-eabi/13.2.1/../../../../arm-none-eabi/lib/thumb/v8-m.main+fp/hard\libcr_c.a(scanf.o) (__filbuf)
C:/nxp/MCUXpressoIDE_24.9.25/ide/plugins/com.nxp.mcuxpresso.tools.win32_24.9.0.202407110857/tools/bin/../lib/gcc/arm-none-eabi/13.2.1/../../../../arm-none-eabi/lib/thumb/v8-m.main+fp/hard\libcr_c.a(__init_alloc.o)
                              C:/nxp/MCUXpressoIDE_24.9.25/ide/plugins/com.nxp.mcuxpresso.tools.win32_24.9.0.202407110857/tools/bin/../lib/gcc/arm-none-eabi/13.2.1/../../../../arm-none-eabi/lib/thumb/v8-m.main+fp/hard\libcr_c.a(alloc.o) (__heaps)
C:/nxp/MCUXpressoIDE_24.9.25/ide/plugins/com.nxp.mcuxpresso.tools.win32_24.9.0.202407110857/tools/bin/../lib/gcc/arm-none-eabi/13.2.1/../../../../arm-none-eabi/lib/thumb/v8-m.main+fp/hard\libcr_c.a(_cr_sbrk.o)
                              C:/nxp/MCUXpressoIDE_24.9.25/ide/plugins/com.nxp.mcuxpresso.tools.win32_24.9.0.202407110857/tools/bin/../lib/gcc/arm-none-eabi/13.2.1/../../../../arm-none-eabi/lib/thumb/v8-m.main+fp/hard\libcr_c.a(alloc.o) (_sbrk)
C:/nxp/MCUXpressoIDE_24.9.25/ide/plugins/com.nxp.mcuxpresso.tools.win32_24.9.0.202407110857/tools/bin/../lib/gcc/arm-none-eabi/13.2.1/../../../../arm-none-eabi/lib/thumb/v8-m.main+fp/hard\libcr_c.a(_deferredlazyseek.o)
                              C:/nxp/MCUXpressoIDE_24.9.25/ide/plugins/com.nxp.mcuxpresso.tools.win32_24.9.0.202407110857/tools/bin/../lib/gcc/arm-none-eabi/13.2.1/../../../../arm-none-eabi/lib/thumb/v8-m.main+fp/hard\libcr_c.a(__fillbuf.o) (_deferredlazyseek)
[...]
Memory Configuration

Name             Origin             Length             Attributes
PROGRAM_FLASH0   0x00000000         0x00100000         xr
PROGRAM_FLASH1   0x00100000         0x00100000         xr
SRAM             0x20000000         0x00060000         xrw
SRAMX            0x04000000         0x00018000         xrw
SRAMH            0x20060000         0x00008000         xrw
USB_RAM          0x400ba000         0x00001000         xrw
*default*        0x00000000         0xffffffff

Linker script and memory map

LOAD ./utilities/fsl_assert.o
LOAD ./utilities/fsl_debug_console.o
LOAD ./utilities/fsl_memcpy.o
LOAD ./utilities/fsl_str.o
LOAD ./startup/boot_multicore_slave.o
LOAD ./startup/startup_mcxn947_cm33_core0.o
LOAD ./source/freertos_generic.o
LOAD ./source/semihost_hardfault.o
LOAD ./freertos/freertos-kernel/portable/MemMang/heap_4.o
LOAD ./freertos/freertos-kernel/portable/GCC/ARM_CM33_NTZ/non_secure/mpu_wrappers_v2_asm.o
LOAD ./freertos/freertos-kernel/portable/GCC/ARM_CM33_NTZ/non_secure/port.o
LOAD ./freertos/freertos-kernel/portable/GCC/ARM_CM33_NTZ/non_secure/portasm.o
LOAD ./freertos/freertos-kernel/croutine.o
LOAD ./freertos/freertos-kernel/event_groups.o
LOAD ./freertos/freertos-kernel/list.o
LOAD ./freertos/freertos-kernel/queue.o
LOAD ./freertos/freertos-kernel/stream_buffer.o
LOAD ./freertos/freertos-kernel/tasks.o
LOAD ./freertos/freertos-kernel/timers.o
LOAD ./drivers/fsl_clock.o
LOAD ./drivers/fsl_common.o
LOAD ./drivers/fsl_common_arm.o
LOAD ./drivers/fsl_gpio.o
LOAD ./drivers/fsl_lpflexcomm.o
LOAD ./drivers/fsl_lpuart.o
LOAD ./drivers/fsl_reset.o
LOAD ./drivers/fsl_spc.o
LOAD ./device/system_MCXN947_cm33_core0.o
LOAD ./component/uart/fsl_adapter_lpuart.o
LOAD ./component/serial_manager/fsl_component_serial_manager.o
LOAD ./component/serial_manager/fsl_component_serial_port_uart.o
LOAD ./component/lists/fsl_component_generic_list.o
LOAD ./board/board.o
LOAD ./board/clock_config.o
LOAD ./board/pin_mux.o
START GROUP
LOAD C:/nxp/MCUXpressoIDE_24.9.25/ide/plugins/com.nxp.mcuxpresso.tools.win32_24.9.0.202407110857/tools/bin/../lib/gcc/arm-none-eabi/13.2.1/../../../../arm-none-eabi/lib/thumb/v8-m.main+fp/hard\libcr_nohost_nf.a
LOAD C:/nxp/MCUXpressoIDE_24.9.25/ide/plugins/com.nxp.mcuxpresso.tools.win32_24.9.0.202407110857/tools/bin/../lib/gcc/arm-none-eabi/13.2.1/../../../../arm-none-eabi/lib/thumb/v8-m.main+fp/hard\libcr_c.a
LOAD C:/nxp/MCUXpressoIDE_24.9.25/ide/plugins/com.nxp.mcuxpresso.tools.win32_24.9.0.202407110857/tools/bin/../lib/gcc/arm-none-eabi/13.2.1/thumb/v8-m.main+fp/hard\libcr_eabihelpers.a
LOAD C:/nxp/MCUXpressoIDE_24.9.25/ide/plugins/com.nxp.mcuxpresso.tools.win32_24.9.0.202407110857/tools/bin/../lib/gcc/arm-none-eabi/13.2.1/thumb/v8-m.main+fp/hard\libgcc.a
END GROUP
                0x00000000                        __base_PROGRAM_FLASH0 = 0x0
                0x00000000                        __base_Flash = 0x0
                0x00100000                        __top_PROGRAM_FLASH0 = 0x100000
                0x00100000                        __top_Flash = 0x100000
                0x00100000                        __base_PROGRAM_FLASH1 = 0x100000
                0x00100000                        __base_Flash2 = 0x100000
                0x00200000                        __top_PROGRAM_FLASH1 = 0x200000
                0x00200000                        __top_Flash2 = 0x200000
                0x20000000                        __base_SRAM = 0x20000000
                0x20000000                        __base_RAM = 0x20000000
                0x20060000                        __top_SRAM = 0x20060000
                0x20060000                        __top_RAM = 0x20060000
                0x04000000                        __base_SRAMX = 0x4000000
                0x04000000                        __base_RAM2 = 0x4000000
                0x04018000                        __top_SRAMX = 0x4018000
                0x04018000                        __top_RAM2 = 0x4018000
                0x20060000                        __base_SRAMH = 0x20060000
                0x20060000                        __base_RAM3 = 0x20060000
                0x20068000                        __top_SRAMH = 0x20068000
                0x20068000                        __top_RAM3 = 0x20068000
                0x400ba000                        __base_USB_RAM = 0x400ba000
                0x400ba000                        __base_RAM4 = 0x400ba000
                0x400bb000                        __top_USB_RAM = 0x400bb000
                0x400bb000                        __top_RAM4 = 0x400bb000

.text_Flash2    0x00100000        0x0
 FILL mask 0xff
 *(SORT_BY_ALIGNMENT(.text_Flash2))
 *(SORT_BY_ALIGNMENT(.text_PROGRAM_FLASH1))
 *(SORT_BY_ALIGNMENT(.text.$Flash2))
 *(SORT_BY_ALIGNMENT(.text.$PROGRAM_FLASH1))
 *(SORT_BY_ALIGNMENT(.text_Flash2.*))
 *(SORT_BY_ALIGNMENT(.text_PROGRAM_FLASH1.*))
 *(SORT_BY_ALIGNMENT(.text.$Flash2.*))
 *(SORT_BY_ALIGNMENT(.text.$PROGRAM_FLASH1.*))
 *(SORT_BY_ALIGNMENT(.rodata.$Flash2))
 *(SORT_BY_ALIGNMENT(.rodata.$PROGRAM_FLASH1))
 *(SORT_BY_ALIGNMENT(.rodata.$Flash2.*))
 *(SORT_BY_ALIGNMENT(.rodata.$PROGRAM_FLASH1.*))

.text           0x00000000     0x80dc
 FILL mask 0xff
                0x00000000                        __vectors_start__ = ABSOLUTE (.)
 *(SORT_BY_ALIGNMENT(.isr_vector))
 .isr_vector    0x00000000      0x2b0 ./startup/startup_mcxn947_cm33_core0.o
                0x00000000                g_pfnVectors
                0x00000000                __Vectors
                0x000002b0                        . = ALIGN (0x4)
                0x000002b0                        __section_table_start = .
                0x000002b0                        __data_section_table = .
                0x000002b0        0x4 LONG 0x80dc LOADADDR (.data)
                0x000002b4        0x4 LONG 0x20000000 ADDR (.data)
                0x000002b8        0x4 LONG 0x74 SIZEOF (.data)
                0x000002bc        0x4 LONG 0x80dc LOADADDR (.data_RAM2)
                0x000002c0        0x4 LONG 0x4000000 ADDR (.data_RAM2)
                0x000002c4        0x4 LONG 0x0 SIZEOF (.data_RAM2)
                0x000002c8        0x4 LONG 0x80dc LOADADDR (.data_RAM3)
                0x000002cc        0x4 LONG 0x20060000 ADDR (.data_RAM3)
                0x000002d0        0x4 LONG 0x0 SIZEOF (.data_RAM3)
                0x000002d4        0x4 LONG 0x80dc LOADADDR (.data_RAM4)
                0x000002d8        0x4 LONG 0x400ba000 ADDR (.data_RAM4)
                0x000002dc        0x4 LONG 0x0 SIZEOF (.data_RAM4)
                0x000002e0                        __data_section_table_end = .
                0x000002e0                        __bss_section_table = .
                0x000002e0        0x4 LONG 0x20000074 ADDR (.bss)
                0x000002e4        0x4 LONG 0x2e4c SIZEOF (.bss)
                0x000002e8        0x4 LONG 0x4000000 ADDR (.bss_RAM2)
                0x000002ec        0x4 LONG 0x0 SIZEOF (.bss_RAM2)
                0x000002f0        0x4 LONG 0x20060000 ADDR (.bss_RAM3)
                0x000002f4        0x4 LONG 0x0 SIZEOF (.bss_RAM3)
                0x000002f8        0x4 LONG 0x400ba000 ADDR (.bss_RAM4)
                0x000002fc        0x4 LONG 0x0 SIZEOF (.bss_RAM4)
                0x00000300                        __bss_section_table_end = .
                0x00000300                        __section_table_end = .
 *(SORT_BY_ALIGNMENT(.after_vectors*))
 .after_vectors.reset
                0x00000300       0x68 ./startup/startup_mcxn947_cm33_core0.o
                0x00000300                ResetISR
 .after_vectors.init_data
                0x00000368       0x1e ./startup/startup_mcxn947_cm33_core0.o
                0x00000368                data_init
 .after_vectors.init_bss
                0x00000386       0x12 ./startup/startup_mcxn947_cm33_core0.o
                0x00000386                bss_init
 .after_vectors
                0x00000398       0x16 ./startup/startup_mcxn947_cm33_core0.o
                0x00000398                NMI_Handler
                0x0000039c                MemManage_Handler
                0x0000039e                BusFault_Handler
                0x000003a0                UsageFault_Handler
                0x000003a2                SecureFault_Handler
                0x000003a6                DebugMon_Handler
                0x000003ac                EMVSIM0_DriverIRQHandler
                0x000003ac                I3C0_DriverIRQHandler
                0x000003ac                USB0_FS_DriverIRQHandler
                0x000003ac                PKC_ERR_DriverIRQHandler
                0x000003ac                QDC1_HOME_DriverIRQHandler
                0x000003ac                EDMA_0_CH5_DriverIRQHandler
                0x000003ac                EDMA_0_CH14_DriverIRQHandler
                0x000003ac                EDMA_1_CH0_DriverIRQHandler
                0x000003ac                SCG_DriverIRQHandler
                0x000003ac                CMC0_DriverIRQHandler
                0x000003ac                EDMA_0_CH15_DriverIRQHandler
                0x000003ac                LPTMR0_DriverIRQHandler
                0x000003ac                EDMA_0_CH2_DriverIRQHandler
                0x000003ac                FLEXPWM1_SUBMODULE1_DriverIRQHandler
                0x000003ac                FLEXPWM0_SUBMODULE1_DriverIRQHandler
                0x000003ac                PINT0_DriverIRQHandler
                0x000003ac                EDMA_1_CH11_DriverIRQHandler
                0x000003ac                FLEXPWM0_RELOAD_ERROR_DriverIRQHandler
                0x000003ac                QDC0_HOME_DriverIRQHandler
                0x000003ac                EDMA_1_CH13_DriverIRQHandler
                0x000003ac                EDMA_1_CH9_DriverIRQHandler
                0x000003ac                SEC_VIO_DriverIRQHandler
                0x000003ac                ERM_MULTI_BIT_ERROR_DriverIRQHandler
                0x000003ac                GPIO31_DriverIRQHandler
                0x000003ac                EWM0_DriverIRQHandler
                0x000003ac                PKC_DriverIRQHandler
                0x000003ac                EDMA_0_CH10_DriverIRQHandler
                0x000003ac                USB1_HS_PHY_DriverIRQHandler
                0x000003ac                QDC0_IDX_DriverIRQHandler
                0x000003ac                ELS_DriverIRQHandler
                0x000003ac                Reserved166_DriverIRQHandler
                0x000003ac                EDMA_1_CH2_DriverIRQHandler
                0x000003ac                ETHERNET_DriverIRQHandler
                0x000003ac                QDC1_IDX_DriverIRQHandler
                0x000003ac                EDMA_1_CH14_DriverIRQHandler
                0x000003ac                FLEXPWM1_SUBMODULE3_DriverIRQHandler
                0x000003ac                EDMA_1_CH7_DriverIRQHandler
                0x000003ac                EDMA_1_CH6_DriverIRQHandler
                0x000003ac                DAC1_DriverIRQHandler
                0x000003ac                CTIMER2_DriverIRQHandler
                0x000003ac                Reserved167_DriverIRQHandler
                0x000003ac                ITRC0_DriverIRQHandler
                0x000003ac                EDMA_0_CH9_DriverIRQHandler
                0x000003ac                ETB0_DriverIRQHandler
                0x000003ac                EDMA_1_CH5_DriverIRQHandler
                0x000003ac                Reserved80_DriverIRQHandler
                0x000003ac                IntDefaultHandler
                0x000003ac                ELS_ERR_DriverIRQHandler
                0x000003ac                FLEXIO_DriverIRQHandler
                0x000003ac                DAC0_DriverIRQHandler
                0x000003ac                MRT0_DriverIRQHandler
                0x000003ac                UTICK0_DriverIRQHandler
                0x000003ac                FLEXPWM0_SUBMODULE2_DriverIRQHandler
                0x000003ac                GPIO01_DriverIRQHandler
                0x000003ac                EDMA_0_CH3_DriverIRQHandler
                0x000003ac                WWDT0_DriverIRQHandler
                0x000003ac                USDHC0_DriverIRQHandler
                0x000003ac                GPIO00_DriverIRQHandler
                0x000003ac                EDMA_0_CH4_DriverIRQHandler
                0x000003ac                GPIO11_DriverIRQHandler
                0x000003ac                CTIMER4_DriverIRQHandler
                0x000003ac                BSP32_DriverIRQHandler
                0x000003ac                FLEXPWM0_FAULT_DriverIRQHandler
                0x000003ac                EDMA_1_CH1_DriverIRQHandler
                0x000003ac                SAI1_DriverIRQHandler
                0x000003ac                ERM_SINGLE_BIT_ERROR_DriverIRQHandler
                0x000003ac                GPIO21_DriverIRQHandler
                0x000003ac                FLEXPWM1_FAULT_DriverIRQHandler
                0x000003ac                GPIO30_DriverIRQHandler
                0x000003ac                CTIMER0_DriverIRQHandler
                0x000003ac                CTIMER1_DriverIRQHandler
                0x000003ac                QDC0_COMPARE_DriverIRQHandler
                0x000003ac                WWDT1_DriverIRQHandler
                0x000003ac                ADC1_DriverIRQHandler
                0x000003ac                PQ_DriverIRQHandler
                0x000003ac                ETHERNET_MACLP_DriverIRQHandler
                0x000003ac                USB0_DCD_DriverIRQHandler
                0x000003ac                EDMA_0_CH11_DriverIRQHandler
                0x000003ac                MAILBOX_DriverIRQHandler
                0x000003ac                WUU_DriverIRQHandler
                0x000003ac                EDMA_0_CH6_DriverIRQHandler
                0x000003ac                CTIMER3_DriverIRQHandler
                0x000003ac                FLEXPWM1_SUBMODULE0_DriverIRQHandler
                0x000003ac                CDOG1_DriverIRQHandler
                0x000003ac                TSI_OUT_OF_SCAN_DriverIRQHandler
                0x000003ac                EDMA_1_CH4_DriverIRQHandler
                0x000003ac                PUF_DriverIRQHandler
                0x000003ac                SPC_DriverIRQHandler
                0x000003ac                RTC_DriverIRQHandler
                0x000003ac                VBAT0_DriverIRQHandler
                0x000003ac                Reserved65_DriverIRQHandler
                0x000003ac                HSCMP2_DriverIRQHandler
                0x000003ac                EDMA_0_CH0_DriverIRQHandler
                0x000003ac                Freqme_DriverIRQHandler
                0x000003ac                PDM_EVENT_DriverIRQHandler
                0x000003ac                ETHERNET_PMT_DriverIRQHandler
                0x000003ac                FLEXPWM1_RELOAD_ERROR_DriverIRQHandler
                0x000003ac                FMU0_DriverIRQHandler
                0x000003ac                QDC1_COMPARE_DriverIRQHandler
                0x000003ac                EDMA_0_CH8_DriverIRQHandler
                0x000003ac                LPTMR1_DriverIRQHandler
                0x000003ac                GPIO40_DriverIRQHandler
                0x000003ac                CTI0_DriverIRQHandler
                0x000003ac                EDMA_1_CH3_DriverIRQHandler
                0x000003ac                EDMA_1_CH15_DriverIRQHandler
                0x000003ac                FLEXPWM1_SUBMODULE2_DriverIRQHandler
                0x000003ac                GPIO20_DriverIRQHandler
                0x000003ac                QDC1_WDG_SAB_DriverIRQHandler
                0x000003ac                EDMA_1_CH8_DriverIRQHandler
                0x000003ac                GDET_DriverIRQHandler
                0x000003ac                PORT_EFT_DriverIRQHandler
                0x000003ac                Reserved85_DriverIRQHandler
                0x000003ac                Reserved81_DriverIRQHandler
                0x000003ac                TSI_END_OF_SCAN_DriverIRQHandler
                0x000003ac                FLEXPWM0_SUBMODULE3_DriverIRQHandler
                0x000003ac                ADC0_DriverIRQHandler
                0x000003ac                OR_DriverIRQHandler
                0x000003ac                EDMA_0_CH13_DriverIRQHandler
                0x000003ac                USB1_HS_DriverIRQHandler
                0x000003ac                EDMA_0_CH1_DriverIRQHandler
                0x000003ac                DAC2_DriverIRQHandler
                0x000003ac                GPIO51_DriverIRQHandler
                0x000003ac                HSCMP0_DriverIRQHandler
                0x000003ac                EDMA_0_CH12_DriverIRQHandler
                0x000003ac                QDC0_WDG_SAB_DriverIRQHandler
                0x000003ac                CDOG0_DriverIRQHandler
                0x000003ac                CAN0_DriverIRQHandler
                0x000003ac                SMARTDMA_DriverIRQHandler
                0x000003ac                SAI0_DriverIRQHandler
                0x000003ac                EMVSIM1_DriverIRQHandler
                0x000003ac                I3C1_DriverIRQHandler
                0x000003ac                EDMA_0_CH7_DriverIRQHandler
                0x000003ac                HSCMP1_DriverIRQHandler
                0x000003ac                EDMA_1_CH10_DriverIRQHandler
                0x000003ac                EDMA_1_CH12_DriverIRQHandler
                0x000003ac                FLEXSPI0_DriverIRQHandler
                0x000003ac                GPIO50_DriverIRQHandler
                0x000003ac                GPIO10_DriverIRQHandler
                0x000003ac                SCT0_DriverIRQHandler
                0x000003ac                CAN1_DriverIRQHandler
                0x000003ac                PLU_DriverIRQHandler
                0x000003ac                FLEXPWM0_SUBMODULE0_DriverIRQHandler
                0x000003ac                OS_EVENT_DriverIRQHandler
                0x000003ac                SINC_FILTER_DriverIRQHandler
                0x000003ac                NPU_DriverIRQHandler
                0x000003ac                GPIO41_DriverIRQHandler
                0x000003ac                SEC_HYPERVISOR_CALL_DriverIRQHandler
 *(SORT_BY_ALIGNMENT(.text*))
 *fill*         0x000003ae        0x2 ff
 .text.vRestoreContextOfFirstTask
                0x000003b0       0x38 ./freertos/freertos-kernel/portable/GCC/ARM_CM33_NTZ/non_secure/portasm.o
                0x000003b0                vRestoreContextOfFirstTask
 *fill*         0x000003e8        0x8 ff
 .text.vStartFirstTask
                0x000003f0       0x28 ./freertos/freertos-kernel/portable/GCC/ARM_CM33_NTZ/non_secure/portasm.o
                0x000003f0                vStartFirstTask
 *fill*         0x00000418        0x8 ff
 .text.PendSV_Handler
                0x00000420       0x68 ./freertos/freertos-kernel/portable/GCC/ARM_CM33_NTZ/non_secure/portasm.o
                0x00000420                PendSV_Handler
 *fill*         0x00000488        0x8 ff
 .text.SVC_Handler
                0x00000490       0x28 ./freertos/freertos-kernel/portable/GCC/ARM_CM33_NTZ/non_secure/portasm.o
                0x00000490                SVC_Handler
 .text.__assertion_failed
                0x000004b8       0x2c ./utilities/fsl_assert.o
                0x000004b8                __assertion_failed
 .text.DbgConsole_SendDataReliable
                0x000004e4       0x54 ./utilities/fsl_debug_console.o
                0x000004e4                DbgConsole_SendDataReliable
 .text.DbgConsole_Init
                0x00000538      0x138 ./utilities/fsl_debug_console.o
                0x00000538                DbgConsole_Init
 .text.DbgConsole_Vprintf
                0x00000670       0x68 ./utilities/fsl_debug_console.o
                0x00000670                DbgConsole_Vprintf
 .text          0x000006d8       0xa0 ./utilities/fsl_memcpy.o
                0x000006d8                memcpy
 .text.LPUART_UserCallback
                0x00000778       0x44 ./source/freertos_generic.o
                0x00000778                LPUART_UserCallback
 .text.main     0x000007bc      0x174 ./source/freertos_generic.o
                0x000007bc                main
 .text.vExampleTimerCallback
                0x00000930       0x2c ./source/freertos_generic.o
 .text.prvQueueSendTask
                0x0000095c       0x38 ./source/freertos_generic.o
 .text.prvQueueReceiveTask
                0x00000994       0x38 ./source/freertos_generic.o
 .text.prvEventSemaphoreTask
                0x000009cc       0x3c ./source/freertos_generic.o
 .text.vApplicationTickHook
                0x00000a08       0x44 ./source/freertos_generic.o
                0x00000a08                vApplicationTickHook
 .text.UART_Configure
                0x00000a4c       0x7c ./source/freertos_generic.o
 .text.GPIO_Configure
                0x00000ac8       0x1c ./source/freertos_generic.o
 .text.prvCommandTask
                0x00000ae4      0x110 ./source/freertos_generic.o
 .text.pvPortMalloc
                0x00000bf4      0x200 ./freertos/freertos-kernel/portable/MemMang/heap_4.o
                0x00000bf4                pvPortMalloc
 .text.vPortFree
                0x00000df4       0xb8 ./freertos/freertos-kernel/portable/MemMang/heap_4.o
                0x00000df4                vPortFree
 .text.xPortGetFreeHeapSize
                0x00000eac       0x18 ./freertos/freertos-kernel/portable/MemMang/heap_4.o
                0x00000eac                xPortGetFreeHeapSize
 .text.prvHeapInit
                0x00000ec4       0xb4 ./freertos/freertos-kernel/portable/MemMang/heap_4.o
 .text.prvInsertBlockIntoFreeList
                0x00000f78       0xe0 ./freertos/freertos-kernel/portable/MemMang/heap_4.o
 .text.vPortSetupTimerInterrupt
                0x00001058       0x48 ./freertos/freertos-kernel/portable/GCC/ARM_CM33_NTZ/non_secure/port.o
                0x00001058                vPortSetupTimerInterrupt
 .text.prvTaskExitError
                0x000010a0       0x34 ./freertos/freertos-kernel/portable/GCC/ARM_CM33_NTZ/non_secure/port.o
 .text.prvSetupFPU
                0x000010d4       0x30 ./freertos/freertos-kernel/portable/GCC/ARM_CM33_NTZ/non_secure/port.o
 .text.vPortYield
                0x00001104       0x24 ./freertos/freertos-kernel/portable/GCC/ARM_CM33_NTZ/non_secure/port.o
                0x00001104                vPortYield
 .text.vPortEnterCritical
                0x00001128       0x24 ./freertos/freertos-kernel/portable/GCC/ARM_CM33_NTZ/non_secure/port.o
                0x00001128                vPortEnterCritical
 .text.vPortExitCritical
                0x0000114c       0x34 ./freertos/freertos-kernel/portable/GCC/ARM_CM33_NTZ/non_secure/port.o
                0x0000114c                vPortExitCritical
 .text.SysTick_Handler
                0x00001180       0x30 ./freertos/freertos-kernel/portable/GCC/ARM_CM33_NTZ/non_secure/port.o
                0x00001180                SysTick_Handler
 .text.pxPortInitialiseStack
                0x000011b0      0x114 ./freertos/freertos-kernel/portable/GCC/ARM_CM33_NTZ/non_secure/port.o
                0x000011b0                pxPortInitialiseStack
 .text.xPortStartScheduler
                0x000012c4      0x120 ./freertos/freertos-kernel/portable/GCC/ARM_CM33_NTZ/non_secure/port.o
                0x000012c4                xPortStartScheduler
 .text.vPortValidateInterruptPriority
                0x000013e4       0x5c ./freertos/freertos-kernel/portable/GCC/ARM_CM33_NTZ/non_secure/port.o
                0x000013e4                vPortValidateInterruptPriority
 .text.vQueueAddToRegistry
                0x00001440       0x88 ./freertos/freertos-kernel/queue.o
                0x00001440                vQueueAddToRegistry
 .text.prvAddNewTaskToReadyList
                0x000014c8      0x11c ./freertos/freertos-kernel/tasks.o
 .text.xTaskDelayUntil
                0x000015e4       0xbc ./freertos/freertos-kernel/tasks.o
                0x000015e4                xTaskDelayUntil
 .text.prvCreateIdleTasks
                0x000016a0       0x94 ./freertos/freertos-kernel/tasks.o
 .text.vTaskStartScheduler
                0x00001734       0x68 ./freertos/freertos-kernel/tasks.o
                0x00001734                vTaskStartScheduler
 .text.vTaskSuspendAll
                0x0000179c       0x1c ./freertos/freertos-kernel/tasks.o
                0x0000179c                vTaskSuspendAll
 .text.xTaskResumeAll
                0x000017b8      0x1ec ./freertos/freertos-kernel/tasks.o
                0x000017b8                xTaskResumeAll
 .text.xTaskGetTickCount
                0x000019a4       0x20 ./freertos/freertos-kernel/tasks.o
                0x000019a4                xTaskGetTickCount
 .text.uxTaskGetNumberOfTasks
                0x000019c4       0x18 ./freertos/freertos-kernel/tasks.o
                0x000019c4                uxTaskGetNumberOfTasks
 .text.xTaskIncrementTick
                0x000019dc      0x210 ./freertos/freertos-kernel/tasks.o
                0x000019dc                xTaskIncrementTick
 .text.vTaskSwitchContext
                0x00001bec       0xf4 ./freertos/freertos-kernel/tasks.o
                0x00001bec                vTaskSwitchContext
 .text.vTaskPlaceOnEventList
                0x00001ce0       0x38 ./freertos/freertos-kernel/tasks.o
                0x00001ce0                vTaskPlaceOnEventList
 .text.vTaskPlaceOnEventListRestricted
                0x00001d18       0x7c ./freertos/freertos-kernel/tasks.o
                0x00001d18                vTaskPlaceOnEventListRestricted
 .text.xTaskRemoveFromEventList
                0x00001d94      0x198 ./freertos/freertos-kernel/tasks.o
                0x00001d94                xTaskRemoveFromEventList
 .text.vTaskInternalSetTimeOutState
                0x00001f2c       0x2c ./freertos/freertos-kernel/tasks.o
                0x00001f2c                vTaskInternalSetTimeOutState
 .text.xTaskCheckForTimeOut
                0x00001f58       0xac ./freertos/freertos-kernel/tasks.o
                0x00001f58                xTaskCheckForTimeOut
 .text.vTaskMissedYield
                0x00002004       0x18 ./freertos/freertos-kernel/tasks.o
                0x00002004                vTaskMissedYield
 .text.prvIdleTask
                0x0000201c       0x24 ./freertos/freertos-kernel/tasks.o
 .text.prvInitialiseTaskLists
                0x00002040       0x80 ./freertos/freertos-kernel/tasks.o
 .text.prvCheckTasksWaitingTermination
                0x000020c0       0x5c ./freertos/freertos-kernel/tasks.o
 .text.prvResetNextTaskUnblockTime
                0x0000211c       0x38 ./freertos/freertos-kernel/tasks.o
 .text.xTaskGetSchedulerState
                0x00002154       0x3c ./freertos/freertos-kernel/tasks.o
                0x00002154                xTaskGetSchedulerState
 .text.xTaskPriorityInherit
                0x00002190      0x13c ./freertos/freertos-kernel/tasks.o
                0x00002190                xTaskPriorityInherit
 .text.xTaskPriorityDisinherit
                0x000022cc      0x124 ./freertos/freertos-kernel/tasks.o
                0x000022cc                xTaskPriorityDisinherit
 .text.vTaskPriorityDisinheritAfterTimeout
                0x000023f0      0x150 ./freertos/freertos-kernel/tasks.o
                0x000023f0                vTaskPriorityDisinheritAfterTimeout
 .text.pvTaskIncrementMutexHeldCount
                0x00002540       0x30 ./freertos/freertos-kernel/tasks.o
                0x00002540                pvTaskIncrementMutexHeldCount
 .text.prvAddCurrentTaskToDelayedList
                0x00002570      0x104 ./freertos/freertos-kernel/tasks.o
 .text.xTimerCreateTimerTask
                0x00002674       0x54 ./freertos/freertos-kernel/timers.o
                0x00002674                xTimerCreateTimerTask
 .text.xTimerGenericCommandFromTask
                0x000026c8       0x84 ./freertos/freertos-kernel/timers.o
                0x000026c8                xTimerGenericCommandFromTask
 .text.prvProcessExpiredTimer
                0x0000274c       0x60 ./freertos/freertos-kernel/timers.o
 .text.prvProcessTimerOrBlockTask
                0x000027ac       0x8c ./freertos/freertos-kernel/timers.o
 .text.prvGetNextExpireTime
                0x00002838       0x48 ./freertos/freertos-kernel/timers.o
 .text.prvSampleTimeNow
                0x00002880       0x40 ./freertos/freertos-kernel/timers.o
 .text.prvInsertTimerInActiveList
                0x000028c0       0x84 ./freertos/freertos-kernel/timers.o
 .text.prvProcessReceivedCommands
                0x00002944      0x1a0 ./freertos/freertos-kernel/timers.o
 .text.prvSwitchTimerLists
                0x00002ae4       0x4c ./freertos/freertos-kernel/timers.o
 .text.prvCheckForValidListAndQueue
                0x00002b30       0x6c ./freertos/freertos-kernel/timers.o
 .text.CLOCK_IsPLL0Locked
                0x00002b9c       0x28 ./drivers/fsl_clock.o
 .text.CLOCK_IsPLL1Locked
                0x00002bc4       0x28 ./drivers/fsl_clock.o
 .text.CLOCK_SetupFROHFClocking
                0x00002bec       0x9c ./drivers/fsl_clock.o
                0x00002bec                CLOCK_SetupFROHFClocking
 .text.CLOCK_SetPll0MonitorMode
                0x00002c88       0x38 ./drivers/fsl_clock.o
                0x00002c88                CLOCK_SetPll0MonitorMode
 .text.CLOCK_AttachClk
                0x00002cc0       0xb0 ./drivers/fsl_clock.o
                0x00002cc0                CLOCK_AttachClk
 .text.CLOCK_SetClkDiv
                0x00002d70       0x54 ./drivers/fsl_clock.o
                0x00002d70                CLOCK_SetClkDiv
 .text.CLOCK_GetLPFlexCommClkFreq
                0x00002dc4       0xa0 ./drivers/fsl_clock.o
                0x00002dc4                CLOCK_GetLPFlexCommClkFreq
 .text.CLOCK_GetPLL0InClockRate
                0x00002e64       0x58 ./drivers/fsl_clock.o
                0x00002e64                CLOCK_GetPLL0InClockRate
 .text.CLOCK_GetPLL1InClockRate
                0x00002ebc       0x58 ./drivers/fsl_clock.o
                0x00002ebc                CLOCK_GetPLL1InClockRate
 .text.CLOCK_SetPLL0Freq
                0x00002f14      0x10c ./drivers/fsl_clock.o
                0x00002f14                CLOCK_SetPLL0Freq
 .text.CLOCK_GetFro12MFreq
                0x00003020       0x2c ./drivers/fsl_clock.o
 .text.CLOCK_GetClk1MFreq
                0x0000304c       0x14 ./drivers/fsl_clock.o
 .text.CLOCK_GetFroHfFreq
                0x00003060       0x4c ./drivers/fsl_clock.o
 .text.CLOCK_GetClk48MFreq
                0x000030ac       0x2c ./drivers/fsl_clock.o
 .text.CLOCK_GetClk16KFreq
                0x000030d8       0x44 ./drivers/fsl_clock.o
 .text.CLOCK_GetExtClkFreq
                0x0000311c       0x2c ./drivers/fsl_clock.o
 .text.CLOCK_GetOsc32KFreq
                0x00003148       0x4c ./drivers/fsl_clock.o
 .text.CLOCK_GetLposcFreq
                0x00003194       0x48 ./drivers/fsl_clock.o
 .text.findPll0PreDiv
                0x000031dc       0x40 ./drivers/fsl_clock.o
 .text.findPll1PreDiv
                0x0000321c       0x40 ./drivers/fsl_clock.o
 .text.findPll0PostDiv
                0x0000325c       0x60 ./drivers/fsl_clock.o
 .text.findPll1PostDiv
                0x000032bc       0x60 ./drivers/fsl_clock.o
 .text.findPll0MMult
                0x0000331c       0xac ./drivers/fsl_clock.o
 .text.findPll1MMult
                0x000033c8       0xac ./drivers/fsl_clock.o
 .text.GPIO_PinInit
                0x00003474       0x64 ./drivers/fsl_gpio.o
                0x00003474                GPIO_PinInit
 .text.LP_FLEXCOMM_GetInterruptStatus
                0x000034d8       0x28 ./drivers/fsl_lpflexcomm.o
                0x000034d8                LP_FLEXCOMM_GetInterruptStatus
 .text.LP_FLEXCOMM_SetPeriph
                0x00003500       0x94 ./drivers/fsl_lpflexcomm.o
 .text.LP_FLEXCOMM_Init
                0x00003594       0x58 ./drivers/fsl_lpflexcomm.o
                0x00003594                LP_FLEXCOMM_Init
 .text.LP_FLEXCOMM_SetIRQHandler
                0x000035ec       0x70 ./drivers/fsl_lpflexcomm.o
                0x000035ec                LP_FLEXCOMM_SetIRQHandler
 .text.LP_FLEXCOMM_CommonIRQHandler
                0x0000365c       0xb8 ./drivers/fsl_lpflexcomm.o
 .text.__NVIC_EnableIRQ
                0x00003714       0x3c ./drivers/fsl_lpuart.o
 .text.LPUART_GetInstance
                0x00003750       0x4c ./drivers/fsl_lpuart.o
                0x00003750                LPUART_GetInstance
 .text.LPUART_TransferGetRxRingBufferLength
                0x0000379c       0x54 ./drivers/fsl_lpuart.o
                0x0000379c                LPUART_TransferGetRxRingBufferLength
 .text.LPUART_TransferIsRxRingBufferFull
                0x000037f0       0x44 ./drivers/fsl_lpuart.o
 .text.LPUART_WriteNonBlocking
                0x00003834       0x48 ./drivers/fsl_lpuart.o
 .text.LPUART_WriteNonBlocking16bit
                0x0000387c       0x4c ./drivers/fsl_lpuart.o
 .text.LPUART_ReadNonBlocking
                0x000038c8       0x98 ./drivers/fsl_lpuart.o
 .text.LPUART_ReadNonBlocking16bit
                0x00003960       0x50 ./drivers/fsl_lpuart.o
 .text.LPUART_Init
                0x000039b0      0x3b4 ./drivers/fsl_lpuart.o
                0x000039b0                LPUART_Init
 .text.LPUART_GetDefaultConfig
                0x00003d64       0x8c ./drivers/fsl_lpuart.o
                0x00003d64                LPUART_GetDefaultConfig
 .text.LPUART_GetEnabledInterrupts
                0x00003df0       0x7c ./drivers/fsl_lpuart.o
                0x00003df0                LPUART_GetEnabledInterrupts
 .text.LPUART_GetStatusFlags
                0x00003e6c       0x60 ./drivers/fsl_lpuart.o
                0x00003e6c                LPUART_GetStatusFlags
 .text.LPUART_WriteBlocking
                0x00003ecc       0x68 ./drivers/fsl_lpuart.o
                0x00003ecc                LPUART_WriteBlocking
 .text.LPUART_TransferCreateHandle
                0x00003f34       0xc4 ./drivers/fsl_lpuart.o
                0x00003f34                LPUART_TransferCreateHandle
 .text.LPUART_TransferSendNonBlocking
                0x00003ff8       0xc4 ./drivers/fsl_lpuart.o
                0x00003ff8                LPUART_TransferSendNonBlocking
 .text.LPUART_TransferHandleIRQ
                0x000040bc      0x4dc ./drivers/fsl_lpuart.o
                0x000040bc                LPUART_TransferHandleIRQ
 .text.RESET_ClearPeripheralReset
                0x00004598       0x64 ./drivers/fsl_reset.o
                0x00004598                RESET_ClearPeripheralReset
 .text.SPC_SetSRAMOperateVoltage
                0x000045fc       0x64 ./drivers/fsl_spc.o
                0x000045fc                SPC_SetSRAMOperateVoltage
 .text.SPC_SetActiveModeCoreLDORegulatorConfig
                0x00004660       0x94 ./drivers/fsl_spc.o
                0x00004660                SPC_SetActiveModeCoreLDORegulatorConfig
 .text.SPC_SetActiveModeDCDCRegulatorConfig
                0x000046f4       0x68 ./drivers/fsl_spc.o
                0x000046f4                SPC_SetActiveModeDCDCRegulatorConfig
 .text.SystemInit
                0x0000475c      0x114 ./device/system_MCXN947_cm33_core0.o
                0x0000475c                SystemInit
 .text.HAL_UartInitCommon
                0x00004870       0xe4 ./component/uart/fsl_adapter_lpuart.o
 .text.HAL_UartInit
                0x00004954       0x84 ./component/uart/fsl_adapter_lpuart.o
                0x00004954                HAL_UartInit
 .text.HAL_UartSendBlocking
                0x000049d8       0x64 ./component/uart/fsl_adapter_lpuart.o
                0x000049d8                HAL_UartSendBlocking
 .text.BOARD_InitDebugConsole
                0x00004a3c       0x38 ./board/board.o
                0x00004a3c                BOARD_InitDebugConsole
 .text.BOARD_BootClockPLL150M
                0x00004a74       0xd8 ./board/clock_config.o
                0x00004a74                BOARD_BootClockPLL150M
 .text.PORT_SetPinConfig
                0x00004b4c       0x38 ./board/pin_mux.o
 .text.BOARD_InitPins
                0x00004b84       0x84 ./board/pin_mux.o
                0x00004b84                BOARD_InitPins
 .text._initio  0x00004c08       0x78 C:/nxp/MCUXpressoIDE_24.9.25/ide/plugins/com.nxp.mcuxpresso.tools.win32_24.9.0.202407110857/tools/bin/../lib/gcc/arm-none-eabi/13.2.1/../../../../arm-none-eabi/lib/thumb/v8-m.main+fp/hard\libcr_c.a(initio.o)
                0x00004c08                _initio
 .text._Cwritebuf
                0x00004c80       0x6c C:/nxp/MCUXpressoIDE_24.9.25/ide/plugins/com.nxp.mcuxpresso.tools.win32_24.9.0.202407110857/tools/bin/../lib/gcc/arm-none-eabi/13.2.1/../../../../arm-none-eabi/lib/thumb/v8-m.main+fp/hard\libcr_c.a(_writebuf.o)
                0x00004c80                _Cwritebuf
 .text.fflush   0x00004cec       0x3c C:/nxp/MCUXpressoIDE_24.9.25/ide/plugins/com.nxp.mcuxpresso.tools.win32_24.9.0.202407110857/tools/bin/../lib/gcc/arm-none-eabi/13.2.1/../../../../arm-none-eabi/lib/thumb/v8-m.main+fp/hard\libcr_c.a(fflush.o)
                0x00004cec                fflush
 .text.fseek    0x00004d28       0xf8 C:/nxp/MCUXpressoIDE_24.9.25/ide/plugins/com.nxp.mcuxpresso.tools.win32_24.9.0.202407110857/tools/bin/../lib/gcc/arm-none-eabi/13.2.1/../../../../arm-none-eabi/lib/thumb/v8-m.main+fp/hard\libcr_c.a(fseek.o)
                0x00004d28                fseek
 .text.ftell    0x00004e20       0x44 C:/nxp/MCUXpressoIDE_24.9.25/ide/plugins/com.nxp.mcuxpresso.tools.win32_24.9.0.202407110857/tools/bin/../lib/gcc/arm-none-eabi/13.2.1/../../../../arm-none-eabi/lib/thumb/v8-m.main+fp/hard\libcr_c.a(ftell.o)
                0x00004e20                ftell
 .text.fsl_assert_hook
                0x00004e64       0x1a ./utilities/fsl_assert.o
                0x00004e64                fsl_assert_hook
 .text.DbgConsole_PrintCallback
                0x00004e7e       0x66 ./utilities/fsl_debug_console.o
 .text.DbgConsole_Printf
                0x00004ee4       0x2c ./utilities/fsl_debug_console.o
                0x00004ee4                DbgConsole_Printf
 .text.PrintGetWidth
                0x00004f10       0x6a ./utilities/fsl_str.o
 .text.PrintGetPrecision
                0x00004f7a       0x8c ./utilities/fsl_str.o
 .text.PrintIsobpu
                0x00005006       0x38 ./utilities/fsl_str.o
 .text.PrintIsdi
                0x0000503e       0x2c ./utilities/fsl_str.o
 .text.PrintOutputdifFobpu
                0x0000506a       0x44 ./utilities/fsl_str.o
 .text.PrintOutputxX
                0x000050ae       0x44 ./utilities/fsl_str.o
 .text.PrintIsfF
                0x000050f2       0x2c ./utilities/fsl_str.o
 .text.PrintIsxX
                0x0000511e       0x2c ./utilities/fsl_str.o
 .text.PrintFilterLengthFlag
                0x0000514a       0x3e ./utilities/fsl_str.o
 .text.PrintGetRadixFromobpu
                0x00005188       0x40 ./utilities/fsl_str.o
 .text.ConvertRadixNumToString
                0x000051c8       0xc2 ./utilities/fsl_str.o
 .text.StrFormatExaminedi
                0x0000528a       0x26 ./utilities/fsl_str.o
 .text.StrFormatExaminexX
                0x000052b0       0x26 ./utilities/fsl_str.o
 .text.StrFormatExamineobpu
                0x000052d6       0x26 ./utilities/fsl_str.o
 .text.ConvertPrecisionWidthToLength
                0x000052fc       0x20 ./utilities/fsl_str.o
 .text.StrFormatPrintf
                0x0000531c      0x2bc ./utilities/fsl_str.o
                0x0000531c                StrFormatPrintf
 .text.OR_IRQHandler
                0x000055d8        0x8 ./startup/startup_mcxn947_cm33_core0.o
                0x000055d8                OR_IRQHandler
 .text.EDMA_0_CH0_IRQHandler
                0x000055e0        0x8 ./startup/startup_mcxn947_cm33_core0.o
                0x000055e0                EDMA_0_CH0_IRQHandler
 .text.EDMA_0_CH1_IRQHandler
                0x000055e8        0x8 ./startup/startup_mcxn947_cm33_core0.o
                0x000055e8                EDMA_0_CH1_IRQHandler
 .text.EDMA_0_CH2_IRQHandler
                0x000055f0        0x8 ./startup/startup_mcxn947_cm33_core0.o
                0x000055f0                EDMA_0_CH2_IRQHandler
 .text.EDMA_0_CH3_IRQHandler
                0x000055f8        0x8 ./startup/startup_mcxn947_cm33_core0.o
                0x000055f8                EDMA_0_CH3_IRQHandler
 .text.EDMA_0_CH4_IRQHandler
                0x00005600        0x8 ./startup/startup_mcxn947_cm33_core0.o
                0x00005600                EDMA_0_CH4_IRQHandler
 .text.EDMA_0_CH5_IRQHandler
                0x00005608        0x8 ./startup/startup_mcxn947_cm33_core0.o
                0x00005608                EDMA_0_CH5_IRQHandler
 .text.EDMA_0_CH6_IRQHandler
                0x00005610        0x8 ./startup/startup_mcxn947_cm33_core0.o
                0x00005610                EDMA_0_CH6_IRQHandler
 .text.EDMA_0_CH7_IRQHandler
                0x00005618        0x8 ./startup/startup_mcxn947_cm33_core0.o
                0x00005618                EDMA_0_CH7_IRQHandler
 .text.EDMA_0_CH8_IRQHandler
                0x00005620        0x8 ./startup/startup_mcxn947_cm33_core0.o
                0x00005620                EDMA_0_CH8_IRQHandler
 .text.EDMA_0_CH9_IRQHandler
                0x00005628        0x8 ./startup/startup_mcxn947_cm33_core0.o
                0x00005628                EDMA_0_CH9_IRQHandler
 .text.EDMA_0_CH10_IRQHandler
                0x00005630        0x8 ./startup/startup_mcxn947_cm33_core0.o
                0x00005630                EDMA_0_CH10_IRQHandler
 .text.EDMA_0_CH11_IRQHandler
                0x00005638        0x8 ./startup/startup_mcxn947_cm33_core0.o
                0x00005638                EDMA_0_CH11_IRQHandler
 .text.EDMA_0_CH12_IRQHandler
                0x00005640        0x8 ./startup/startup_mcxn947_cm33_core0.o
                0x00005640                EDMA_0_CH12_IRQHandler
 .text.EDMA_0_CH13_IRQHandler
                0x00005648        0x8 ./startup/startup_mcxn947_cm33_core0.o
                0x00005648                EDMA_0_CH13_IRQHandler
 .text.EDMA_0_CH14_IRQHandler
                0x00005650        0x8 ./startup/startup_mcxn947_cm33_core0.o
                0x00005650                EDMA_0_CH14_IRQHandler
 .text.EDMA_0_CH15_IRQHandler
                0x00005658        0x8 ./startup/startup_mcxn947_cm33_core0.o
                0x00005658                EDMA_0_CH15_IRQHandler
 .text.GPIO00_IRQHandler
                0x00005660        0x8 ./startup/startup_mcxn947_cm33_core0.o
                0x00005660                GPIO00_IRQHandler
 .text.GPIO01_IRQHandler
                0x00005668        0x8 ./startup/startup_mcxn947_cm33_core0.o
                0x00005668                GPIO01_IRQHandler
 .text.GPIO10_IRQHandler
                0x00005670        0x8 ./startup/startup_mcxn947_cm33_core0.o
                0x00005670                GPIO10_IRQHandler
 .text.GPIO11_IRQHandler
                0x00005678        0x8 ./startup/startup_mcxn947_cm33_core0.o
                0x00005678                GPIO11_IRQHandler
 .text.GPIO20_IRQHandler
                0x00005680        0x8 ./startup/startup_mcxn947_cm33_core0.o
                0x00005680                GPIO20_IRQHandler
 .text.GPIO21_IRQHandler
                0x00005688        0x8 ./startup/startup_mcxn947_cm33_core0.o
                0x00005688                GPIO21_IRQHandler
 .text.GPIO30_IRQHandler
                0x00005690        0x8 ./startup/startup_mcxn947_cm33_core0.o
                0x00005690                GPIO30_IRQHandler
 .text.GPIO31_IRQHandler
                0x00005698        0x8 ./startup/startup_mcxn947_cm33_core0.o
                0x00005698                GPIO31_IRQHandler
 .text.GPIO40_IRQHandler
                0x000056a0        0x8 ./startup/startup_mcxn947_cm33_core0.o
                0x000056a0                GPIO40_IRQHandler
 .text.GPIO41_IRQHandler
                0x000056a8        0x8 ./startup/startup_mcxn947_cm33_core0.o
                0x000056a8                GPIO41_IRQHandler
 .text.GPIO50_IRQHandler
                0x000056b0        0x8 ./startup/startup_mcxn947_cm33_core0.o
                0x000056b0                GPIO50_IRQHandler
 .text.GPIO51_IRQHandler
                0x000056b8        0x8 ./startup/startup_mcxn947_cm33_core0.o
                0x000056b8                GPIO51_IRQHandler
 .text.UTICK0_IRQHandler
                0x000056c0        0x8 ./startup/startup_mcxn947_cm33_core0.o
                0x000056c0                UTICK0_IRQHandler
 .text.MRT0_IRQHandler
                0x000056c8        0x8 ./startup/startup_mcxn947_cm33_core0.o
                0x000056c8                MRT0_IRQHandler
 .text.CTIMER0_IRQHandler
                0x000056d0        0x8 ./startup/startup_mcxn947_cm33_core0.o
                0x000056d0                CTIMER0_IRQHandler
 .text.CTIMER1_IRQHandler
                0x000056d8        0x8 ./startup/startup_mcxn947_cm33_core0.o
                0x000056d8                CTIMER1_IRQHandler
 .text.SCT0_IRQHandler
                0x000056e0        0x8 ./startup/startup_mcxn947_cm33_core0.o
                0x000056e0                SCT0_IRQHandler
 .text.CTIMER2_IRQHandler
                0x000056e8        0x8 ./startup/startup_mcxn947_cm33_core0.o
                0x000056e8                CTIMER2_IRQHandler
 .text.LP_FLEXCOMM0_IRQHandler
                0x000056f0        0x8 ./startup/startup_mcxn947_cm33_core0.o
                0x000056f0                LP_FLEXCOMM0_IRQHandler
 .text.LP_FLEXCOMM1_IRQHandler
                0x000056f8        0x8 ./startup/startup_mcxn947_cm33_core0.o
                0x000056f8                LP_FLEXCOMM1_IRQHandler
 .text.LP_FLEXCOMM2_IRQHandler
                0x00005700        0x8 ./startup/startup_mcxn947_cm33_core0.o
                0x00005700                LP_FLEXCOMM2_IRQHandler
 .text.LP_FLEXCOMM3_IRQHandler
                0x00005708        0x8 ./startup/startup_mcxn947_cm33_core0.o
                0x00005708                LP_FLEXCOMM3_IRQHandler
 .text.LP_FLEXCOMM4_IRQHandler
                0x00005710        0x8 ./startup/startup_mcxn947_cm33_core0.o
                0x00005710                LP_FLEXCOMM4_IRQHandler
 .text.LP_FLEXCOMM5_IRQHandler
                0x00005718        0x8 ./startup/startup_mcxn947_cm33_core0.o
                0x00005718                LP_FLEXCOMM5_IRQHandler
 .text.LP_FLEXCOMM6_IRQHandler
                0x00005720        0x8 ./startup/startup_mcxn947_cm33_core0.o
                0x00005720                LP_FLEXCOMM6_IRQHandler
 .text.LP_FLEXCOMM7_IRQHandler
                0x00005728        0x8 ./startup/startup_mcxn947_cm33_core0.o
                0x00005728                LP_FLEXCOMM7_IRQHandler
 .text.LP_FLEXCOMM8_IRQHandler
                0x00005730        0x8 ./startup/startup_mcxn947_cm33_core0.o
                0x00005730                LP_FLEXCOMM8_IRQHandler
 .text.LP_FLEXCOMM9_IRQHandler
                0x00005738        0x8 ./startup/startup_mcxn947_cm33_core0.o
                0x00005738                LP_FLEXCOMM9_IRQHandler
 .text.ADC0_IRQHandler
                0x00005740        0x8 ./startup/startup_mcxn947_cm33_core0.o
                0x00005740                ADC0_IRQHandler
 .text.ADC1_IRQHandler
                0x00005748        0x8 ./startup/startup_mcxn947_cm33_core0.o
                0x00005748                ADC1_IRQHandler
 .text.PINT0_IRQHandler
                0x00005750        0x8 ./startup/startup_mcxn947_cm33_core0.o
                0x00005750                PINT0_IRQHandler
 .text.PDM_EVENT_IRQHandler
                0x00005758        0x8 ./startup/startup_mcxn947_cm33_core0.o
                0x00005758                PDM_EVENT_IRQHandler
 .text.Reserved65_IRQHandler
                0x00005760        0x8 ./startup/startup_mcxn947_cm33_core0.o
                0x00005760                Reserved65_IRQHandler
 .text.USB0_FS_IRQHandler
                0x00005768        0x8 ./startup/startup_mcxn947_cm33_core0.o
                0x00005768                USB0_FS_IRQHandler
 .text.USB0_DCD_IRQHandler
                0x00005770        0x8 ./startup/startup_mcxn947_cm33_core0.o
                0x00005770                USB0_DCD_IRQHandler
 .text.RTC_IRQHandler
                0x00005778        0x8 ./startup/startup_mcxn947_cm33_core0.o
                0x00005778                RTC_IRQHandler
 .text.SMARTDMA_IRQHandler
                0x00005780        0x8 ./startup/startup_mcxn947_cm33_core0.o
                0x00005780                SMARTDMA_IRQHandler
 .text.MAILBOX_IRQHandler
                0x00005788        0x8 ./startup/startup_mcxn947_cm33_core0.o
                0x00005788                MAILBOX_IRQHandler
 .text.CTIMER3_IRQHandler
                0x00005790        0x8 ./startup/startup_mcxn947_cm33_core0.o
                0x00005790                CTIMER3_IRQHandler
 .text.CTIMER4_IRQHandler
                0x00005798        0x8 ./startup/startup_mcxn947_cm33_core0.o
                0x00005798                CTIMER4_IRQHandler
 .text.OS_EVENT_IRQHandler
                0x000057a0        0x8 ./startup/startup_mcxn947_cm33_core0.o
                0x000057a0                OS_EVENT_IRQHandler
 .text.FLEXSPI0_IRQHandler
                0x000057a8        0x8 ./startup/startup_mcxn947_cm33_core0.o
                0x000057a8                FLEXSPI0_IRQHandler
 .text.SAI0_IRQHandler
                0x000057b0        0x8 ./startup/startup_mcxn947_cm33_core0.o
                0x000057b0                SAI0_IRQHandler
 .text.SAI1_IRQHandler
                0x000057b8        0x8 ./startup/startup_mcxn947_cm33_core0.o
                0x000057b8                SAI1_IRQHandler
 .text.USDHC0_IRQHandler
                0x000057c0        0x8 ./startup/startup_mcxn947_cm33_core0.o
                0x000057c0                USDHC0_IRQHandler
 .text.CAN0_IRQHandler
                0x000057c8        0x8 ./startup/startup_mcxn947_cm33_core0.o
                0x000057c8                CAN0_IRQHandler
 .text.CAN1_IRQHandler
                0x000057d0        0x8 ./startup/startup_mcxn947_cm33_core0.o
                0x000057d0                CAN1_IRQHandler
 .text.Reserved80_IRQHandler
                0x000057d8        0x8 ./startup/startup_mcxn947_cm33_core0.o
                0x000057d8                Reserved80_IRQHandler
 .text.Reserved81_IRQHandler
                0x000057e0        0x8 ./startup/startup_mcxn947_cm33_core0.o
                0x000057e0                Reserved81_IRQHandler
 .text.USB1_HS_PHY_IRQHandler
                0x000057e8        0x8 ./startup/startup_mcxn947_cm33_core0.o
                0x000057e8                USB1_HS_PHY_IRQHandler
 .text.USB1_HS_IRQHandler
                0x000057f0        0x8 ./startup/startup_mcxn947_cm33_core0.o
                0x000057f0                USB1_HS_IRQHandler
 .text.SEC_HYPERVISOR_CALL_IRQHandler
                0x000057f8        0x8 ./startup/startup_mcxn947_cm33_core0.o
                0x000057f8                SEC_HYPERVISOR_CALL_IRQHandler
 .text.Reserved85_IRQHandler
                0x00005800        0x8 ./startup/startup_mcxn947_cm33_core0.o
                0x00005800                Reserved85_IRQHandler
 .text.PLU_IRQHandler
                0x00005808        0x8 ./startup/startup_mcxn947_cm33_core0.o
                0x00005808                PLU_IRQHandler
 .text.Freqme_IRQHandler
                0x00005810        0x8 ./startup/startup_mcxn947_cm33_core0.o
                0x00005810                Freqme_IRQHandler
 .text.SEC_VIO_IRQHandler
                0x00005818        0x8 ./startup/startup_mcxn947_cm33_core0.o
                0x00005818                SEC_VIO_IRQHandler
 .text.ELS_IRQHandler
                0x00005820        0x8 ./startup/startup_mcxn947_cm33_core0.o
                0x00005820                ELS_IRQHandler
 .text.PKC_IRQHandler
                0x00005828        0x8 ./startup/startup_mcxn947_cm33_core0.o
                0x00005828                PKC_IRQHandler
 .text.PUF_IRQHandler
                0x00005830        0x8 ./startup/startup_mcxn947_cm33_core0.o
                0x00005830                PUF_IRQHandler
 .text.PQ_IRQHandler
                0x00005838        0x8 ./startup/startup_mcxn947_cm33_core0.o
                0x00005838                PQ_IRQHandler
 .text.EDMA_1_CH0_IRQHandler
                0x00005840        0x8 ./startup/startup_mcxn947_cm33_core0.o
                0x00005840                EDMA_1_CH0_IRQHandler
 .text.EDMA_1_CH1_IRQHandler
                0x00005848        0x8 ./startup/startup_mcxn947_cm33_core0.o
                0x00005848                EDMA_1_CH1_IRQHandler
 .text.EDMA_1_CH2_IRQHandler
                0x00005850        0x8 ./startup/startup_mcxn947_cm33_core0.o
                0x00005850                EDMA_1_CH2_IRQHandler
 .text.EDMA_1_CH3_IRQHandler
                0x00005858        0x8 ./startup/startup_mcxn947_cm33_core0.o
                0x00005858                EDMA_1_CH3_IRQHandler
 .text.EDMA_1_CH4_IRQHandler
                0x00005860        0x8 ./startup/startup_mcxn947_cm33_core0.o
                0x00005860                EDMA_1_CH4_IRQHandler
 .text.EDMA_1_CH5_IRQHandler
                0x00005868        0x8 ./startup/startup_mcxn947_cm33_core0.o
                0x00005868                EDMA_1_CH5_IRQHandler
 .text.EDMA_1_CH6_IRQHandler
                0x00005870        0x8 ./startup/startup_mcxn947_cm33_core0.o
                0x00005870                EDMA_1_CH6_IRQHandler
 .text.EDMA_1_CH7_IRQHandler
                0x00005878        0x8 ./startup/startup_mcxn947_cm33_core0.o
                0x00005878                EDMA_1_CH7_IRQHandler
 .text.EDMA_1_CH8_IRQHandler
                0x00005880        0x8 ./startup/startup_mcxn947_cm33_core0.o
                0x00005880                EDMA_1_CH8_IRQHandler
 .text.EDMA_1_CH9_IRQHandler
                0x00005888        0x8 ./startup/startup_mcxn947_cm33_core0.o
                0x00005888                EDMA_1_CH9_IRQHandler
 .text.EDMA_1_CH10_IRQHandler
                0x00005890        0x8 ./startup/startup_mcxn947_cm33_core0.o
                0x00005890                EDMA_1_CH10_IRQHandler
 .text.EDMA_1_CH11_IRQHandler
                0x00005898        0x8 ./startup/startup_mcxn947_cm33_core0.o
                0x00005898                EDMA_1_CH11_IRQHandler
 .text.EDMA_1_CH12_IRQHandler
                0x000058a0        0x8 ./startup/startup_mcxn947_cm33_core0.o
                0x000058a0                EDMA_1_CH12_IRQHandler
 .text.EDMA_1_CH13_IRQHandler
                0x000058a8        0x8 ./startup/startup_mcxn947_cm33_core0.o
                0x000058a8                EDMA_1_CH13_IRQHandler
 .text.EDMA_1_CH14_IRQHandler
                0x000058b0        0x8 ./startup/startup_mcxn947_cm33_core0.o
                0x000058b0                EDMA_1_CH14_IRQHandler
 .text.EDMA_1_CH15_IRQHandler
                0x000058b8        0x8 ./startup/startup_mcxn947_cm33_core0.o
                0x000058b8                EDMA_1_CH15_IRQHandler
 .text.CDOG0_IRQHandler
                0x000058c0        0x8 ./startup/startup_mcxn947_cm33_core0.o
                0x000058c0                CDOG0_IRQHandler
 .text.CDOG1_IRQHandler
                0x000058c8        0x8 ./startup/startup_mcxn947_cm33_core0.o
                0x000058c8                CDOG1_IRQHandler
 .text.I3C0_IRQHandler
                0x000058d0        0x8 ./startup/startup_mcxn947_cm33_core0.o
                0x000058d0                I3C0_IRQHandler
 .text.I3C1_IRQHandler
                0x000058d8        0x8 ./startup/startup_mcxn947_cm33_core0.o
                0x000058d8                I3C1_IRQHandler
 .text.NPU_IRQHandler
                0x000058e0        0x8 ./startup/startup_mcxn947_cm33_core0.o
                0x000058e0                NPU_IRQHandler
 .text.GDET_IRQHandler
                0x000058e8        0x8 ./startup/startup_mcxn947_cm33_core0.o
                0x000058e8                GDET_IRQHandler
 .text.VBAT0_IRQHandler
                0x000058f0        0x8 ./startup/startup_mcxn947_cm33_core0.o
                0x000058f0                VBAT0_IRQHandler
 .text.EWM0_IRQHandler
                0x000058f8        0x8 ./startup/startup_mcxn947_cm33_core0.o
                0x000058f8                EWM0_IRQHandler
 .text.TSI_END_OF_SCAN_IRQHandler
                0x00005900        0x8 ./startup/startup_mcxn947_cm33_core0.o
                0x00005900                TSI_END_OF_SCAN_IRQHandler
 .text.TSI_OUT_OF_SCAN_IRQHandler
                0x00005908        0x8 ./startup/startup_mcxn947_cm33_core0.o
                0x00005908                TSI_OUT_OF_SCAN_IRQHandler
 .text.EMVSIM0_IRQHandler
                0x00005910        0x8 ./startup/startup_mcxn947_cm33_core0.o
                0x00005910                EMVSIM0_IRQHandler
 .text.EMVSIM1_IRQHandler
                0x00005918        0x8 ./startup/startup_mcxn947_cm33_core0.o
                0x00005918                EMVSIM1_IRQHandler
 .text.FLEXIO_IRQHandler
                0x00005920        0x8 ./startup/startup_mcxn947_cm33_core0.o
                0x00005920                FLEXIO_IRQHandler
 .text.DAC0_IRQHandler
                0x00005928        0x8 ./startup/startup_mcxn947_cm33_core0.o
                0x00005928                DAC0_IRQHandler
 .text.DAC1_IRQHandler
                0x00005930        0x8 ./startup/startup_mcxn947_cm33_core0.o
                0x00005930                DAC1_IRQHandler
 .text.DAC2_IRQHandler
                0x00005938        0x8 ./startup/startup_mcxn947_cm33_core0.o
                0x00005938                DAC2_IRQHandler
 .text.HSCMP0_IRQHandler
                0x00005940        0x8 ./startup/startup_mcxn947_cm33_core0.o
                0x00005940                HSCMP0_IRQHandler
 .text.HSCMP1_IRQHandler
                0x00005948        0x8 ./startup/startup_mcxn947_cm33_core0.o
                0x00005948                HSCMP1_IRQHandler
 .text.HSCMP2_IRQHandler
                0x00005950        0x8 ./startup/startup_mcxn947_cm33_core0.o
                0x00005950                HSCMP2_IRQHandler
 .text.FLEXPWM0_RELOAD_ERROR_IRQHandler
                0x00005958        0x8 ./startup/startup_mcxn947_cm33_core0.o
                0x00005958                FLEXPWM0_RELOAD_ERROR_IRQHandler
 .text.FLEXPWM0_FAULT_IRQHandler
                0x00005960        0x8 ./startup/startup_mcxn947_cm33_core0.o
                0x00005960                FLEXPWM0_FAULT_IRQHandler
 .text.FLEXPWM0_SUBMODULE0_IRQHandler
                0x00005968        0x8 ./startup/startup_mcxn947_cm33_core0.o
                0x00005968                FLEXPWM0_SUBMODULE0_IRQHandler
 .text.FLEXPWM0_SUBMODULE1_IRQHandler
                0x00005970        0x8 ./startup/startup_mcxn947_cm33_core0.o
                0x00005970                FLEXPWM0_SUBMODULE1_IRQHandler
 .text.FLEXPWM0_SUBMODULE2_IRQHandler
                0x00005978        0x8 ./startup/startup_mcxn947_cm33_core0.o
                0x00005978                FLEXPWM0_SUBMODULE2_IRQHandler
 .text.FLEXPWM0_SUBMODULE3_IRQHandler
                0x00005980        0x8 ./startup/startup_mcxn947_cm33_core0.o
                0x00005980                FLEXPWM0_SUBMODULE3_IRQHandler
 .text.FLEXPWM1_RELOAD_ERROR_IRQHandler
                0x00005988        0x8 ./startup/startup_mcxn947_cm33_core0.o
                0x00005988                FLEXPWM1_RELOAD_ERROR_IRQHandler
 .text.FLEXPWM1_FAULT_IRQHandler
                0x00005990        0x8 ./startup/startup_mcxn947_cm33_core0.o
                0x00005990                FLEXPWM1_FAULT_IRQHandler
 .text.FLEXPWM1_SUBMODULE0_IRQHandler
                0x00005998        0x8 ./startup/startup_mcxn947_cm33_core0.o
                0x00005998                FLEXPWM1_SUBMODULE0_IRQHandler
 .text.FLEXPWM1_SUBMODULE1_IRQHandler
                0x000059a0        0x8 ./startup/startup_mcxn947_cm33_core0.o
                0x000059a0                FLEXPWM1_SUBMODULE1_IRQHandler
 .text.FLEXPWM1_SUBMODULE2_IRQHandler
                0x000059a8        0x8 ./startup/startup_mcxn947_cm33_core0.o
                0x000059a8                FLEXPWM1_SUBMODULE2_IRQHandler
 .text.FLEXPWM1_SUBMODULE3_IRQHandler
                0x000059b0        0x8 ./startup/startup_mcxn947_cm33_core0.o
                0x000059b0                FLEXPWM1_SUBMODULE3_IRQHandler
 .text.QDC0_COMPARE_IRQHandler
                0x000059b8        0x8 ./startup/startup_mcxn947_cm33_core0.o
                0x000059b8                QDC0_COMPARE_IRQHandler
 .text.QDC0_HOME_IRQHandler
                0x000059c0        0x8 ./startup/startup_mcxn947_cm33_core0.o
                0x000059c0                QDC0_HOME_IRQHandler
 .text.QDC0_WDG_SAB_IRQHandler
                0x000059c8        0x8 ./startup/startup_mcxn947_cm33_core0.o
                0x000059c8                QDC0_WDG_SAB_IRQHandler
 .text.QDC0_IDX_IRQHandler
                0x000059d0        0x8 ./startup/startup_mcxn947_cm33_core0.o
                0x000059d0                QDC0_IDX_IRQHandler
 .text.QDC1_COMPARE_IRQHandler
                0x000059d8        0x8 ./startup/startup_mcxn947_cm33_core0.o
                0x000059d8                QDC1_COMPARE_IRQHandler
 .text.QDC1_HOME_IRQHandler
                0x000059e0        0x8 ./startup/startup_mcxn947_cm33_core0.o
                0x000059e0                QDC1_HOME_IRQHandler
 .text.QDC1_WDG_SAB_IRQHandler
                0x000059e8        0x8 ./startup/startup_mcxn947_cm33_core0.o
                0x000059e8                QDC1_WDG_SAB_IRQHandler
 .text.QDC1_IDX_IRQHandler
                0x000059f0        0x8 ./startup/startup_mcxn947_cm33_core0.o
                0x000059f0                QDC1_IDX_IRQHandler
 .text.ITRC0_IRQHandler
                0x000059f8        0x8 ./startup/startup_mcxn947_cm33_core0.o
                0x000059f8                ITRC0_IRQHandler
 .text.BSP32_IRQHandler
                0x00005a00        0x8 ./startup/startup_mcxn947_cm33_core0.o
                0x00005a00                BSP32_IRQHandler
 .text.ELS_ERR_IRQHandler
                0x00005a08        0x8 ./startup/startup_mcxn947_cm33_core0.o
                0x00005a08                ELS_ERR_IRQHandler
 .text.PKC_ERR_IRQHandler
                0x00005a10        0x8 ./startup/startup_mcxn947_cm33_core0.o
                0x00005a10                PKC_ERR_IRQHandler
 .text.ERM_SINGLE_BIT_ERROR_IRQHandler
                0x00005a18        0x8 ./startup/startup_mcxn947_cm33_core0.o
                0x00005a18                ERM_SINGLE_BIT_ERROR_IRQHandler
 .text.ERM_MULTI_BIT_ERROR_IRQHandler
                0x00005a20        0x8 ./startup/startup_mcxn947_cm33_core0.o
                0x00005a20                ERM_MULTI_BIT_ERROR_IRQHandler
 .text.FMU0_IRQHandler
                0x00005a28        0x8 ./startup/startup_mcxn947_cm33_core0.o
                0x00005a28                FMU0_IRQHandler
 .text.ETHERNET_IRQHandler
                0x00005a30        0x8 ./startup/startup_mcxn947_cm33_core0.o
                0x00005a30                ETHERNET_IRQHandler
 .text.ETHERNET_PMT_IRQHandler
                0x00005a38        0x8 ./startup/startup_mcxn947_cm33_core0.o
                0x00005a38                ETHERNET_PMT_IRQHandler
 .text.ETHERNET_MACLP_IRQHandler
                0x00005a40        0x8 ./startup/startup_mcxn947_cm33_core0.o
                0x00005a40                ETHERNET_MACLP_IRQHandler
 .text.SINC_FILTER_IRQHandler
                0x00005a48        0x8 ./startup/startup_mcxn947_cm33_core0.o
                0x00005a48                SINC_FILTER_IRQHandler
 .text.LPTMR0_IRQHandler
                0x00005a50        0x8 ./startup/startup_mcxn947_cm33_core0.o
                0x00005a50                LPTMR0_IRQHandler
 .text.LPTMR1_IRQHandler
                0x00005a58        0x8 ./startup/startup_mcxn947_cm33_core0.o
                0x00005a58                LPTMR1_IRQHandler
 .text.SCG_IRQHandler
                0x00005a60        0x8 ./startup/startup_mcxn947_cm33_core0.o
                0x00005a60                SCG_IRQHandler
 .text.SPC_IRQHandler
                0x00005a68        0x8 ./startup/startup_mcxn947_cm33_core0.o
                0x00005a68                SPC_IRQHandler
 .text.WUU_IRQHandler
                0x00005a70        0x8 ./startup/startup_mcxn947_cm33_core0.o
                0x00005a70                WUU_IRQHandler
 .text.PORT_EFT_IRQHandler
                0x00005a78        0x8 ./startup/startup_mcxn947_cm33_core0.o
                0x00005a78                PORT_EFT_IRQHandler
 .text.ETB0_IRQHandler
                0x00005a80        0x8 ./startup/startup_mcxn947_cm33_core0.o
                0x00005a80                ETB0_IRQHandler
 .text.Reserved166_IRQHandler
                0x00005a88        0x8 ./startup/startup_mcxn947_cm33_core0.o
                0x00005a88                Reserved166_IRQHandler
 .text.Reserved167_IRQHandler
                0x00005a90        0x8 ./startup/startup_mcxn947_cm33_core0.o
                0x00005a90                Reserved167_IRQHandler
 .text.WWDT0_IRQHandler
                0x00005a98        0x8 ./startup/startup_mcxn947_cm33_core0.o
                0x00005a98                WWDT0_IRQHandler
 .text.WWDT1_IRQHandler
                0x00005aa0        0x8 ./startup/startup_mcxn947_cm33_core0.o
                0x00005aa0                WWDT1_IRQHandler
 .text.CMC0_IRQHandler
                0x00005aa8        0x8 ./startup/startup_mcxn947_cm33_core0.o
                0x00005aa8                CMC0_IRQHandler
 .text.CTI0_IRQHandler
                0x00005ab0        0x8 ./startup/startup_mcxn947_cm33_core0.o
                0x00005ab0                CTI0_IRQHandler
 .text.CLOCK_EnableClock
                0x00005ab8       0x8c ./source/freertos_generic.o
 .text.GPIO_PortToggle
                0x00005b44       0x1c ./source/freertos_generic.o
 .text.LPUART_WriteByte
                0x00005b60       0x1e ./source/freertos_generic.o
 .text.LPUART_ReadByte
                0x00005b7e       0x6e ./source/freertos_generic.o
 .text.buffer_is_full
                0x00005bec       0x28 ./source/freertos_generic.o
 .text.buffer_is_empty
                0x00005c14       0x26 ./source/freertos_generic.o
 .text.buffer_push
                0x00005c3a       0x6c ./source/freertos_generic.o
 .text.buffer_pop
                0x00005ca6       0x6c ./source/freertos_generic.o
 .text.vApplicationMallocFailedHook
                0x00005d12        0x6 ./source/freertos_generic.o
                0x00005d12                vApplicationMallocFailedHook
 .text.vApplicationStackOverflowHook
                0x00005d18        0xc ./source/freertos_generic.o
                0x00005d18                vApplicationStackOverflowHook
 .text.vApplicationIdleHook
                0x00005d24       0x18 ./source/freertos_generic.o
                0x00005d24                vApplicationIdleHook
 .text.HardFault_Handler
                0x00005d3c       0x36 ./source/semihost_hardfault.o
                0x00005d3c                HardFault_Handler
 .text.vPortSVCHandler_C
                0x00005d72       0x34 ./freertos/freertos-kernel/portable/GCC/ARM_CM33_NTZ/non_secure/port.o
                0x00005d72                vPortSVCHandler_C
 .text.ulSetInterruptMask
                0x00005da6       0x1a ./freertos/freertos-kernel/portable/GCC/ARM_CM33_NTZ/non_secure/portasm.o
                0x00005da6                ulSetInterruptMask
 .text.vClearInterruptMask
                0x00005dc0       0x10 ./freertos/freertos-kernel/portable/GCC/ARM_CM33_NTZ/non_secure/portasm.o
                0x00005dc0                vClearInterruptMask
 .text.vListInitialise
                0x00005dd0       0x40 ./freertos/freertos-kernel/list.o
                0x00005dd0                vListInitialise
 .text.vListInitialiseItem
                0x00005e10       0x1a ./freertos/freertos-kernel/list.o
                0x00005e10                vListInitialiseItem
 .text.vListInsert
                0x00005e2a       0x72 ./freertos/freertos-kernel/list.o
                0x00005e2a                vListInsert
 .text.uxListRemove
                0x00005e9c       0x54 ./freertos/freertos-kernel/list.o
                0x00005e9c                uxListRemove
 .text.xQueueGenericReset
                0x00005ef0       0xee ./freertos/freertos-kernel/queue.o
                0x00005ef0                xQueueGenericReset
 .text.xQueueGenericCreate
                0x00005fde       0x8c ./freertos/freertos-kernel/queue.o
                0x00005fde                xQueueGenericCreate
 .text.prvInitialiseNewQueue
                0x0000606a       0x46 ./freertos/freertos-kernel/queue.o
 .text.xQueueGenericSend
                0x000060b0      0x192 ./freertos/freertos-kernel/queue.o
                0x000060b0                xQueueGenericSend
 .text.xQueueGiveFromISR
                0x00006242       0xe8 ./freertos/freertos-kernel/queue.o
                0x00006242                xQueueGiveFromISR
 .text.xQueueReceive
                0x0000632a      0x172 ./freertos/freertos-kernel/queue.o
                0x0000632a                xQueueReceive
 .text.xQueueSemaphoreTake
                0x0000649c      0x1ae ./freertos/freertos-kernel/queue.o
                0x0000649c                xQueueSemaphoreTake
 .text.prvGetDisinheritPriorityAfterTimeout
                0x0000664a       0x30 ./freertos/freertos-kernel/queue.o
 .text.prvCopyDataToQueue
                0x0000667a       0xd4 ./freertos/freertos-kernel/queue.o
 .text.prvCopyDataFromQueue
                0x0000674e       0x4c ./freertos/freertos-kernel/queue.o
 .text.prvUnlockQueue
                0x0000679a       0xa4 ./freertos/freertos-kernel/queue.o
 .text.prvIsQueueEmpty
                0x0000683e       0x2c ./freertos/freertos-kernel/queue.o
 .text.prvIsQueueFull
                0x0000686a       0x30 ./freertos/freertos-kernel/queue.o
 .text.vQueueWaitForMessageRestricted
                0x0000689a       0x68 ./freertos/freertos-kernel/queue.o
                0x0000689a                vQueueWaitForMessageRestricted
 .text.prvCreateTask
                0x00006902       0x7a ./freertos/freertos-kernel/tasks.o
 .text.xTaskCreate
                0x0000697c       0x48 ./freertos/freertos-kernel/tasks.o
                0x0000697c                xTaskCreate
 .text.prvInitialiseNewTask
                0x000069c4      0x106 ./freertos/freertos-kernel/tasks.o
 .text.prvDeleteTCB
                0x00006aca       0x20 ./freertos/freertos-kernel/tasks.o
 .text.xTimerCreate
                0x00006aea       0x42 ./freertos/freertos-kernel/timers.o
                0x00006aea                xTimerCreate
 .text.prvInitialiseNewTimer
                0x00006b2c       0x60 ./freertos/freertos-kernel/timers.o
 .text.prvReloadTimer
                0x00006b8c       0x42 ./freertos/freertos-kernel/timers.o
 .text.prvTimerTask
                0x00006bce       0x24 ./freertos/freertos-kernel/timers.o
 .text.CLOCK_GetPll0OutFreq
                0x00006bf2       0x82 ./drivers/fsl_clock.o
                0x00006bf2                CLOCK_GetPll0OutFreq
 .text.CLOCK_GetPll1OutFreq
                0x00006c74       0x82 ./drivers/fsl_clock.o
                0x00006c74                CLOCK_GetPll1OutFreq
 .text.CLOCK_GetPllClkDivFreq
                0x00006cf6       0x5e ./drivers/fsl_clock.o
                0x00006cf6                CLOCK_GetPllClkDivFreq
 .text.GPIO_PinWrite
                0x00006d54       0x36 ./drivers/fsl_gpio.o
 .text.CLOCK_EnableClock
                0x00006d8a       0x8c ./drivers/fsl_lpflexcomm.o
 .text.LP_FLEXCOMM_PeripheralIsPresent
                0x00006e16       0x52 ./drivers/fsl_lpflexcomm.o
 .text.LP_FLEXCOMM0_DriverIRQHandler
                0x00006e68        0xe ./drivers/fsl_lpflexcomm.o
                0x00006e68                LP_FLEXCOMM0_DriverIRQHandler
 .text.LP_FLEXCOMM1_DriverIRQHandler
                0x00006e76        0xe ./drivers/fsl_lpflexcomm.o
                0x00006e76                LP_FLEXCOMM1_DriverIRQHandler
 .text.LP_FLEXCOMM2_DriverIRQHandler
                0x00006e84        0xe ./drivers/fsl_lpflexcomm.o
                0x00006e84                LP_FLEXCOMM2_DriverIRQHandler
 .text.LP_FLEXCOMM3_DriverIRQHandler
                0x00006e92        0xe ./drivers/fsl_lpflexcomm.o
                0x00006e92                LP_FLEXCOMM3_DriverIRQHandler
 .text.LP_FLEXCOMM4_DriverIRQHandler
                0x00006ea0        0xe ./drivers/fsl_lpflexcomm.o
                0x00006ea0                LP_FLEXCOMM4_DriverIRQHandler
 .text.LP_FLEXCOMM5_DriverIRQHandler
                0x00006eae        0xe ./drivers/fsl_lpflexcomm.o
                0x00006eae                LP_FLEXCOMM5_DriverIRQHandler
 .text.LP_FLEXCOMM6_DriverIRQHandler
                0x00006ebc        0xe ./drivers/fsl_lpflexcomm.o
                0x00006ebc                LP_FLEXCOMM6_DriverIRQHandler
 .text.LP_FLEXCOMM7_DriverIRQHandler
                0x00006eca        0xe ./drivers/fsl_lpflexcomm.o
                0x00006eca                LP_FLEXCOMM7_DriverIRQHandler
 .text.LP_FLEXCOMM8_DriverIRQHandler
                0x00006ed8        0xe ./drivers/fsl_lpflexcomm.o
                0x00006ed8                LP_FLEXCOMM8_DriverIRQHandler
 .text.LP_FLEXCOMM9_DriverIRQHandler
                0x00006ee6        0xe ./drivers/fsl_lpflexcomm.o
                0x00006ee6                LP_FLEXCOMM9_DriverIRQHandler
 .text.EnableIRQ
                0x00006ef4       0x32 ./drivers/fsl_lpuart.o
 .text.DisableGlobalIRQ
                0x00006f26       0x22 ./drivers/fsl_lpuart.o
 .text.EnableGlobalIRQ
                0x00006f48       0x20 ./drivers/fsl_lpuart.o
 .text.LPUART_SoftwareReset
                0x00006f68       0x2c ./drivers/fsl_lpuart.o
 .text.SPC_GetActiveModeBandgapMode
                0x00006f94       0x22 ./drivers/fsl_spc.o
 .text.SPC_GetActiveModeVoltageDetectStatus
                0x00006fb6       0x22 ./drivers/fsl_spc.o
 .text.SPC_GetActiveModeCoreLDOVDDVoltageLevel
                0x00006fd8       0x22 ./drivers/fsl_spc.o
 .text.SPC_GetActiveModeCoreLDODriveStrength
                0x00006ffa       0x22 ./drivers/fsl_spc.o
 .text.SPC_SetActiveModeDCDCRegulatorVoltageLevel
                0x0000701c       0x32 ./drivers/fsl_spc.o
 .text.SPC_SetActiveModeCoreLDORegulatorVoltageLevel
                0x0000704e       0x60 ./drivers/fsl_spc.o
                0x0000704e                SPC_SetActiveModeCoreLDORegulatorVoltageLevel
 .text.SPC_SetActiveModeCoreLDORegulatorDriveStrength
                0x000070ae       0x5e ./drivers/fsl_spc.o
                0x000070ae                SPC_SetActiveModeCoreLDORegulatorDriveStrength
 .text.SPC_SetActiveModeDCDCRegulatorDriveStrength
                0x0000710c       0x48 ./drivers/fsl_spc.o
                0x0000710c                SPC_SetActiveModeDCDCRegulatorDriveStrength
 .text.SystemInitHook
                0x00007154        0xe ./device/system_MCXN947_cm33_core0.o
                0x00007154                SystemInitHook
 .text.HAL_UartGetStatus
                0x00007162       0x28 ./component/uart/fsl_adapter_lpuart.o
 .text.DisableGlobalIRQ
                0x0000718a       0x22 ./component/serial_manager/fsl_component_serial_manager.o
 .text.EnableGlobalIRQ
                0x000071ac       0x20 ./component/serial_manager/fsl_component_serial_manager.o
 .text.SerialManager_StartWriting
                0x000071cc       0x38 ./component/serial_manager/fsl_component_serial_manager.o
 .text.SerialManager_Write
                0x00007204       0x44 ./component/serial_manager/fsl_component_serial_manager.o
 .text.SerialManager_Init
                0x00007248       0x60 ./component/serial_manager/fsl_component_serial_manager.o
                0x00007248                SerialManager_Init
 .text.SerialManager_OpenWriteHandle
                0x000072a8       0x50 ./component/serial_manager/fsl_component_serial_manager.o
                0x000072a8                SerialManager_OpenWriteHandle
 .text.SerialManager_OpenReadHandle
                0x000072f8       0x60 ./component/serial_manager/fsl_component_serial_manager.o
                0x000072f8                SerialManager_OpenReadHandle
 .text.SerialManager_WriteBlocking
                0x00007358       0x20 ./component/serial_manager/fsl_component_serial_manager.o
                0x00007358                SerialManager_WriteBlocking
 .text.Serial_UartInit
                0x00007378       0x3e ./component/serial_manager/fsl_component_serial_port_uart.o
                0x00007378                Serial_UartInit
 .text.Serial_UartWrite
                0x000073b6       0x38 ./component/serial_manager/fsl_component_serial_port_uart.o
                0x000073b6                Serial_UartWrite
 .text.CLOCK_EnableClock
                0x000073ee       0x8c ./board/clock_config.o
 .text.BOARD_InitBootClocks
                0x0000747a        0xc ./board/clock_config.o
                0x0000747a                BOARD_InitBootClocks
 .text.CLOCK_EnableClock
                0x00007486       0x8c ./board/pin_mux.o
 .text.__main   0x00007512        0xe C:/nxp/MCUXpressoIDE_24.9.25/ide/plugins/com.nxp.mcuxpresso.tools.win32_24.9.0.202407110857/tools/bin/../lib/gcc/arm-none-eabi/13.2.1/../../../../arm-none-eabi/lib/thumb/v8-m.main+fp/hard\libcr_nohost_nf.a(_cr__main.o)
                0x00007512                __main
 .text.memset   0x00007520        0x4 C:/nxp/MCUXpressoIDE_24.9.25/ide/plugins/com.nxp.mcuxpresso.tools.win32_24.9.0.202407110857/tools/bin/../lib/gcc/arm-none-eabi/13.2.1/../../../../arm-none-eabi/lib/thumb/v8-m.main+fp/hard\libcr_c.a(memset.o)
                0x00007520                memset
 .text.free     0x00007524       0x30 C:/nxp/MCUXpressoIDE_24.9.25/ide/plugins/com.nxp.mcuxpresso.tools.win32_24.9.0.202407110857/tools/bin/../lib/gcc/arm-none-eabi/13.2.1/../../../../arm-none-eabi/lib/thumb/v8-m.main+fp/hard\libcr_c.a(alloc.o)
                0x00007524                free
 .text.setvbuf  0x00007554       0x3e C:/nxp/MCUXpressoIDE_24.9.25/ide/plugins/com.nxp.mcuxpresso.tools.win32_24.9.0.202407110857/tools/bin/../lib/gcc/arm-none-eabi/13.2.1/../../../../arm-none-eabi/lib/thumb/v8-m.main+fp/hard\libcr_c.a(setvbuf.o)
                0x00007554                setvbuf
 .text.strlen   0x00007592       0x4e C:/nxp/MCUXpressoIDE_24.9.25/ide/plugins/com.nxp.mcuxpresso.tools.win32_24.9.0.202407110857/tools/bin/../lib/gcc/arm-none-eabi/13.2.1/../../../../arm-none-eabi/lib/thumb/v8-m.main+fp/hard\libcr_c.a(strlen.o)
                0x00007592                strlen
 .text._deferredlazyseek
                0x000075e0       0x40 C:/nxp/MCUXpressoIDE_24.9.25/ide/plugins/com.nxp.mcuxpresso.tools.win32_24.9.0.202407110857/tools/bin/../lib/gcc/arm-none-eabi/13.2.1/../../../../arm-none-eabi/lib/thumb/v8-m.main+fp/hard\libcr_c.a(_deferredlazyseek.o)
                0x000075e0                _deferredlazyseek
 .text._fdopen  0x00007620       0x68 C:/nxp/MCUXpressoIDE_24.9.25/ide/plugins/com.nxp.mcuxpresso.tools.win32_24.9.0.202407110857/tools/bin/../lib/gcc/arm-none-eabi/13.2.1/../../../../arm-none-eabi/lib/thumb/v8-m.main+fp/hard\libcr_c.a(_fdopen.o)
                0x00007620                _fdopen
 .text._fflush  0x00007688       0x52 C:/nxp/MCUXpressoIDE_24.9.25/ide/plugins/com.nxp.mcuxpresso.tools.win32_24.9.0.202407110857/tools/bin/../lib/gcc/arm-none-eabi/13.2.1/../../../../arm-none-eabi/lib/thumb/v8-m.main+fp/hard\libcr_c.a(_fflush.o)
                0x00007688                _fflush
 .text.fclose   0x000076da       0x58 C:/nxp/MCUXpressoIDE_24.9.25/ide/plugins/com.nxp.mcuxpresso.tools.win32_24.9.0.202407110857/tools/bin/../lib/gcc/arm-none-eabi/13.2.1/../../../../arm-none-eabi/lib/thumb/v8-m.main+fp/hard\libcr_c.a(fclose.o)
                0x000076da                fclose
 .text.remove   0x00007732       0x14 C:/nxp/MCUXpressoIDE_24.9.25/ide/plugins/com.nxp.mcuxpresso.tools.win32_24.9.0.202407110857/tools/bin/../lib/gcc/arm-none-eabi/13.2.1/../../../../arm-none-eabi/lib/thumb/v8-m.main+fp/hard\libcr_c.a(remove.o)
                0x00007732                remove
 .text._do_fflush
                0x00007746       0x40 C:/nxp/MCUXpressoIDE_24.9.25/ide/plugins/com.nxp.mcuxpresso.tools.win32_24.9.0.202407110857/tools/bin/../lib/gcc/arm-none-eabi/13.2.1/../../../../arm-none-eabi/lib/thumb/v8-m.main+fp/hard\libcr_c.a(_do_fflush.o)
                0x00007746                _do_fflush
 .text.__aeabi_f2ulz
                0x00007786       0x3e C:/nxp/MCUXpressoIDE_24.9.25/ide/plugins/com.nxp.mcuxpresso.tools.win32_24.9.0.202407110857/tools/bin/../lib/gcc/arm-none-eabi/13.2.1/thumb/v8-m.main+fp/hard\libcr_eabihelpers.a(float.o)
                0x00007786                __aeabi_f2ulz
 .text.__aeabi_memset_lowlevel
                0x000077c4       0x32 C:/nxp/MCUXpressoIDE_24.9.25/ide/plugins/com.nxp.mcuxpresso.tools.win32_24.9.0.202407110857/tools/bin/../lib/gcc/arm-none-eabi/13.2.1/thumb/v8-m.main+fp/hard\libcr_eabihelpers.a(memcpy.o)
                0x000077c4                __aeabi_lowlevel_memset
 .text.__sys_close
                0x000077f6        0x6 C:/nxp/MCUXpressoIDE_24.9.25/ide/plugins/com.nxp.mcuxpresso.tools.win32_24.9.0.202407110857/tools/bin/../lib/gcc/arm-none-eabi/13.2.1/../../../../arm-none-eabi/lib/thumb/v8-m.main+fp/hard\libcr_nohost_nf.a(__sys_close.o)
                0x000077f6                __sys_close
 .text.__sys_flen
                0x000077fc        0x6 C:/nxp/MCUXpressoIDE_24.9.25/ide/plugins/com.nxp.mcuxpresso.tools.win32_24.9.0.202407110857/tools/bin/../lib/gcc/arm-none-eabi/13.2.1/../../../../arm-none-eabi/lib/thumb/v8-m.main+fp/hard\libcr_nohost_nf.a(__sys_flen.o)
                0x000077fc                __sys_flen
 .text.__sys_istty
                0x00007802        0x6 C:/nxp/MCUXpressoIDE_24.9.25/ide/plugins/com.nxp.mcuxpresso.tools.win32_24.9.0.202407110857/tools/bin/../lib/gcc/arm-none-eabi/13.2.1/../../../../arm-none-eabi/lib/thumb/v8-m.main+fp/hard\libcr_nohost_nf.a(__sys_istty.o)
                0x00007802                __sys_istty
 .text.__sys_remove
                0x00007808        0x6 C:/nxp/MCUXpressoIDE_24.9.25/ide/plugins/com.nxp.mcuxpresso.tools.win32_24.9.0.202407110857/tools/bin/../lib/gcc/arm-none-eabi/13.2.1/../../../../arm-none-eabi/lib/thumb/v8-m.main+fp/hard\libcr_nohost_nf.a(__sys_remove.o)
                0x00007808                __sys_remove
 .text.__sys_seek
                0x0000780e        0x6 C:/nxp/MCUXpressoIDE_24.9.25/ide/plugins/com.nxp.mcuxpresso.tools.win32_24.9.0.202407110857/tools/bin/../lib/gcc/arm-none-eabi/13.2.1/../../../../arm-none-eabi/lib/thumb/v8-m.main+fp/hard\libcr_nohost_nf.a(__sys_seek.o)
                0x0000780e                __sys_seek
 .text.__sys_tmpnam
                0x00007814        0x6 C:/nxp/MCUXpressoIDE_24.9.25/ide/plugins/com.nxp.mcuxpresso.tools.win32_24.9.0.202407110857/tools/bin/../lib/gcc/arm-none-eabi/13.2.1/../../../../arm-none-eabi/lib/thumb/v8-m.main+fp/hard\libcr_nohost_nf.a(__sys_tmpnam.o)
                0x00007814                __sys_tmpnam
 .text.__sys_write
                0x0000781a        0x4 C:/nxp/MCUXpressoIDE_24.9.25/ide/plugins/com.nxp.mcuxpresso.tools.win32_24.9.0.202407110857/tools/bin/../lib/gcc/arm-none-eabi/13.2.1/../../../../arm-none-eabi/lib/thumb/v8-m.main+fp/hard\libcr_nohost_nf.a(__sys_write.o)
                0x0000781a                __sys_write
 *freertos*/tasks.o(SORT_BY_ALIGNMENT(.rodata*))
 *fill*         0x0000781e        0x2 ff
 .rodata.uxTopUsedPriority
                0x00007820        0x4 ./freertos/freertos-kernel/tasks.o
 .rodata.prvCreateIdleTasks.str1.4
                0x00007824        0x5 ./freertos/freertos-kernel/tasks.o
 .rodata.str1.4
                0x00007824        0xb ./freertos/freertos-kernel/tasks.o
 .rodata        0x00007824       0x1c ./freertos/freertos-kernel/tasks.o
                0x00007824                portArch_Name
                0x00007828                FreeRTOSDebugConfig
 *(SORT_BY_ALIGNMENT(.rodata) SORT_BY_ALIGNMENT(.rodata.*) SORT_BY_ALIGNMENT(.constdata) SORT_BY_ALIGNMENT(.constdata.*))
 .rodata.__assertion_failed.str1.4
                0x00007840      0x7a8 ./utilities/fsl_assert.o
                                 0x14 (size before relaxing)
 .rodata.main.str1.4
                0x00007fe8       0x41 ./source/freertos_generic.o
 .rodata.prvEventSemaphoreTask.str1.4
                0x00007fe8       0x1c ./source/freertos_generic.o
 .rodata.xTimerCreateTimerTask.str1.4
                0x00007fe8        0x8 ./freertos/freertos-kernel/timers.o
 .rodata.prvCheckForValidListAndQueue.str1.4
                0x00007fe8        0x5 ./freertos/freertos-kernel/timers.o
 .rodata.GPIO_PinInit.str1.4
                0x00007fe8       0x20 ./drivers/fsl_gpio.o
 .rodata.s_lpflexcommBase
                0x00007fe8       0x28 ./drivers/fsl_lpflexcomm.o
 .rodata.s_lpflexcommClocks
                0x00008010       0x14 ./drivers/fsl_lpflexcomm.o
 .rodata.s_lpflexcommResets
                0x00008024       0x28 ./drivers/fsl_lpflexcomm.o
 .rodata.LP_FLEXCOMM_SetPeriph.str1.4
                0x0000804c       0x43 ./drivers/fsl_lpflexcomm.o
 .rodata.LP_FLEXCOMM_Init.str1.4
                0x0000804c       0x49 ./drivers/fsl_lpflexcomm.o
 .rodata.LP_FLEXCOMM_SetIRQHandler.str1.4
                0x0000804c       0x49 ./drivers/fsl_lpflexcomm.o
 .rodata.s_lpuartBases
                0x0000804c       0x28 ./drivers/fsl_lpuart.o
 .rodata.s_lpuartIRQ
                0x00008074       0x14 ./drivers/fsl_lpuart.o
                0x00008074                s_lpuartIRQ
 .rodata.LPUART_GetInstance.str1.4
                0x00008088       0x38 ./drivers/fsl_lpuart.o
 .rodata.LPUART_TransferGetRxRingBufferLength.str1.4
                0x00008088       0x22 ./drivers/fsl_lpuart.o
 .rodata.LPUART_TransferIsRxRingBufferFull.str1.4
                0x00008088       0x22 ./drivers/fsl_lpuart.o
 .rodata.LPUART_WriteNonBlocking.str1.4
                0x00008088       0x20 ./drivers/fsl_lpuart.o
 .rodata.LPUART_WriteNonBlocking16bit.str1.4
                0x00008088       0x20 ./drivers/fsl_lpuart.o
 .rodata.LPUART_ReadNonBlocking.str1.4
                0x00008088       0x20 ./drivers/fsl_lpuart.o
 .rodata.LPUART_ReadNonBlocking16bit.str1.4
                0x00008088       0x20 ./drivers/fsl_lpuart.o
 .rodata.LPUART_Init.str1.4
                0x00008088      0x10a ./drivers/fsl_lpuart.o
 .rodata.LPUART_GetDefaultConfig.str1.4
                0x00008088       0x22 ./drivers/fsl_lpuart.o
 .rodata.LPUART_WriteBlocking.str1.4
                0x00008088       0x21 ./drivers/fsl_lpuart.o
 .rodata.LPUART_TransferCreateHandle.str1.4
                0x00008088       0x23 ./drivers/fsl_lpuart.o
 .rodata.LPUART_TransferSendNonBlocking.str1.4
                0x00008088       0x9d ./drivers/fsl_lpuart.o
 .rodata.LPUART_TransferHandleIRQ.str1.4
                0x00008088       0x61 ./drivers/fsl_lpuart.o
 .rodata.RESET_ClearPeripheralReset.str1.4
                0x00008088       0x1e ./drivers/fsl_reset.o
 .rodata.SPC_SetSRAMOperateVoltage.str1.4
                0x00008088       0x1f ./drivers/fsl_spc.o
 .rodata.SPC_SetActiveModeCoreLDORegulatorConfig.str1.4
                0x00008088       0x1f ./drivers/fsl_spc.o
 .rodata.SPC_SetActiveModeDCDCRegulatorConfig.str1.4
                0x00008088       0x20 ./drivers/fsl_spc.o
 .rodata.s_LpuartAdapterBase
                0x00008088       0x28 ./component/uart/fsl_adapter_lpuart.o
 .rodata.HAL_UartInit.str1.4
                0x000080b0      0x116 ./component/uart/fsl_adapter_lpuart.o
 .rodata.HAL_UartSendBlocking.str1.4
                0x000080b0       0x7b ./component/uart/fsl_adapter_lpuart.o
 .rodata        0x000080b0       0x22 ./board/clock_config.o
 .rodata.PORT_SetPinConfig.str1.4
                0x000080d2       0x84 ./board/pin_mux.o
 *fill*         0x000080d2        0x2 ff
 .rodata.__num_Ciob_streams
                0x000080d4        0x4 C:/nxp/MCUXpressoIDE_24.9.25/ide/plugins/com.nxp.mcuxpresso.tools.win32_24.9.0.202407110857/tools/bin/../lib/gcc/arm-none-eabi/13.2.1/../../../../arm-none-eabi/lib/thumb/v8-m.main+fp/hard\libcr_nohost_nf.a(__ciob.o)
                0x000080d4                __num_Ciob_streams
 .rodata._initio.str1.1
                0x000080d8        0x4 C:/nxp/MCUXpressoIDE_24.9.25/ide/plugins/com.nxp.mcuxpresso.tools.win32_24.9.0.202407110857/tools/bin/../lib/gcc/arm-none-eabi/13.2.1/../../../../arm-none-eabi/lib/thumb/v8-m.main+fp/hard\libcr_c.a(initio.o)
                0x000080dc                        . = ALIGN (0x4)

.glue_7         0x000080dc        0x0
 .glue_7        0x000080dc        0x0 linker stubs

.glue_7t        0x000080dc        0x0
 .glue_7t       0x000080dc        0x0 linker stubs

.vfp11_veneer   0x000080dc        0x0
 .vfp11_veneer  0x000080dc        0x0 linker stubs

.v4_bx          0x000080dc        0x0
 .v4_bx         0x000080dc        0x0 linker stubs

.iplt           0x000080dc        0x0
 .iplt          0x000080dc        0x0 ./utilities/fsl_assert.o

.rel.dyn        0x000080dc        0x0
 .rel.iplt      0x000080dc        0x0 ./utilities/fsl_assert.o

.ARM.extab
 *(SORT_BY_ALIGNMENT(.ARM.extab*) SORT_BY_ALIGNMENT(.gnu.linkonce.armextab.*))

.ARM.exidx      0x000080dc        0x0
                0x000080dc                        __exidx_start = .
 *(SORT_BY_ALIGNMENT(.ARM.exidx*) SORT_BY_ALIGNMENT(.gnu.linkonce.armexidx.*))
                0x000080dc                        __exidx_end = .
                0x000080dc                        _etext = .

.m_usb_data
 *(SORT_BY_ALIGNMENT(m_usb_global))

.data_RAM2      0x04000000        0x0 load address 0x000080dc
 FILL mask 0xff
                [!provide]                        PROVIDE (__start_data_RAM2 = .)
                [!provide]                        PROVIDE (__start_data_SRAMX = .)
 *(SORT_BY_ALIGNMENT(.ramfunc.$RAM2))
 *(SORT_BY_ALIGNMENT(.ramfunc.$SRAMX))
 *(SORT_BY_ALIGNMENT(.data.$RAM2))
 *(SORT_BY_ALIGNMENT(.data.$SRAMX))
 *(SORT_BY_ALIGNMENT(.data.$RAM2.*))
 *(SORT_BY_ALIGNMENT(.data.$SRAMX.*))
                0x04000000                        . = ALIGN (0x4)
                [!provide]                        PROVIDE (__end_data_RAM2 = .)
                [!provide]                        PROVIDE (__end_data_SRAMX = .)

.data_RAM3      0x20060000        0x0 load address 0x000080dc
 FILL mask 0xff
                [!provide]                        PROVIDE (__start_data_RAM3 = .)
                [!provide]                        PROVIDE (__start_data_SRAMH = .)
 *(SORT_BY_ALIGNMENT(.ramfunc.$RAM3))
 *(SORT_BY_ALIGNMENT(.ramfunc.$SRAMH))
 *(SORT_BY_ALIGNMENT(.data.$RAM3))
 *(SORT_BY_ALIGNMENT(.data.$SRAMH))
 *(SORT_BY_ALIGNMENT(.data.$RAM3.*))
 *(SORT_BY_ALIGNMENT(.data.$SRAMH.*))
                0x20060000                        . = ALIGN (0x4)
                [!provide]                        PROVIDE (__end_data_RAM3 = .)
                [!provide]                        PROVIDE (__end_data_SRAMH = .)

.data_RAM4      0x400ba000        0x0 load address 0x000080dc
 FILL mask 0xff
                [!provide]                        PROVIDE (__start_data_RAM4 = .)
                [!provide]                        PROVIDE (__start_data_USB_RAM = .)
 *(SORT_BY_ALIGNMENT(.ramfunc.$RAM4))
 *(SORT_BY_ALIGNMENT(.ramfunc.$USB_RAM))
 *(SORT_BY_ALIGNMENT(.data.$RAM4))
 *(SORT_BY_ALIGNMENT(.data.$USB_RAM))
 *(SORT_BY_ALIGNMENT(.data.$RAM4.*))
 *(SORT_BY_ALIGNMENT(.data.$USB_RAM.*))
                0x400ba000                        . = ALIGN (0x4)
                [!provide]                        PROVIDE (__end_data_RAM4 = .)
                [!provide]                        PROVIDE (__end_data_USB_RAM = .)

.uninit_RESERVED
                0x20000000        0x0
                0x20000000                        _start_uninit_RESERVED = .
 *(SORT_BY_ALIGNMENT(.bss.$RESERVED*))
                0x20000000                        . = ALIGN (0x4)
                0x20000000                        _end_uninit_RESERVED = .

.data           0x20000000       0x74 load address 0x000080dc
 FILL mask 0xff
                0x20000000                        _data = .
                [!provide]                        PROVIDE (__start_data_RAM = .)
                [!provide]                        PROVIDE (__start_data_SRAM = .)
 *(SORT_BY_ALIGNMENT(vtable))
 *(SORT_BY_ALIGNMENT(.ramfunc*))
 *(SORT_BY_ALIGNMENT(CodeQuickAccess))
 *(SORT_BY_ALIGNMENT(DataQuickAccess))
 *(SORT_BY_ALIGNMENT(RamFunction))
 *(SORT_BY_ALIGNMENT(.data*))
 .data.g_tipString
                0x20000000       0x5d ./source/freertos_generic.o
                0x20000000                g_tipString
 *fill*         0x2000005d        0x3 ff
 .data.gpio_config
                0x20000060        0x2 ./source/freertos_generic.o
                0x20000060                gpio_config
 *fill*         0x20000062        0x2 ff
 .data.ulCriticalNesting
                0x20000064        0x4 ./freertos/freertos-kernel/portable/GCC/ARM_CM33_NTZ/non_secure/port.o
 .data.s_Ext_Clk_Freq
                0x20000068        0x4 ./drivers/fsl_clock.o
 .data.s_Xtal32_Freq
                0x2000006c        0x4 ./drivers/fsl_clock.o
 .data.SystemCoreClock
                0x20000070        0x4 ./device/system_MCXN947_cm33_core0.o
                0x20000070                SystemCoreClock
                0x20000074                        . = ALIGN (0x4)
                0x20000074                        _edata = .
                [!provide]                        PROVIDE (__end_data_RAM = .)
                [!provide]                        PROVIDE (__end_data_SRAM = .)

.igot.plt       0x20000074        0x0 load address 0x00008150
 .igot.plt      0x20000074        0x0 ./utilities/fsl_assert.o

.bss_RAM2       0x04000000        0x0
                [!provide]                        PROVIDE (__start_bss_RAM2 = .)
                [!provide]                        PROVIDE (__start_bss_SRAMX = .)
 *(SORT_BY_ALIGNMENT(.bss.$RAM2))
 *(SORT_BY_ALIGNMENT(.bss.$SRAMX))
 *(SORT_BY_ALIGNMENT(.bss.$RAM2.*))
 *(SORT_BY_ALIGNMENT(.bss.$SRAMX.*))
                0x04000000                        . = ALIGN ((. != 0x0)?0x4:0x1)
                [!provide]                        PROVIDE (__end_bss_RAM2 = .)
                [!provide]                        PROVIDE (__end_bss_SRAMX = .)

.bss_RAM3       0x20060000        0x0
                [!provide]                        PROVIDE (__start_bss_RAM3 = .)
                [!provide]                        PROVIDE (__start_bss_SRAMH = .)
 *(SORT_BY_ALIGNMENT(.bss.$RAM3))
 *(SORT_BY_ALIGNMENT(.bss.$SRAMH))
 *(SORT_BY_ALIGNMENT(.bss.$RAM3.*))
 *(SORT_BY_ALIGNMENT(.bss.$SRAMH.*))
                0x20060000                        . = ALIGN ((. != 0x0)?0x4:0x1)
                [!provide]                        PROVIDE (__end_bss_RAM3 = .)
                [!provide]                        PROVIDE (__end_bss_SRAMH = .)

.bss_RAM4       0x400ba000        0x0