Archive member included to satisfy reference by file (symbol)

C:/nxp/MCUXpressoIDE_24.9.25/ide/plugins/com.nxp.mcuxpresso.tools.win32_24.9.0.202407110857/tools/bin/../lib/gcc/arm-none-eabi/13.2.1/../../../../arm-none-eabi/lib/thumb/v8-m.main+fp/hard\libcr_nohost_nf.a(_cr__main.o)
                              ./startup/startup_mcxn947_cm33_core0.o (__main)
C:/nxp/MCUXpressoIDE_24.9.25/ide/plugins/com.nxp.mcuxpresso.tools.win32_24.9.0.202407110857/tools/bin/../lib/gcc/arm-none-eabi/13.2.1/../../../../arm-none-eabi/lib/thumb/v8-m.main+fp/hard\libcr_c.a(memset.o)
                              ./utilities/fsl_debug_console.o (memset)
C:/nxp/MCUXpressoIDE_24.9.25/ide/plugins/com.nxp.mcuxpresso.tools.win32_24.9.0.202407110857/tools/bin/../lib/gcc/arm-none-eabi/13.2.1/../../../../arm-none-eabi/lib/thumb/v8-m.main+fp/hard\libcr_c.a(alloc.o)
                              ./drivers/fsl_common.o (malloc)
C:/nxp/MCUXpressoIDE_24.9.25/ide/plugins/com.nxp.mcuxpresso.tools.win32_24.9.0.202407110857/tools/bin/../lib/gcc/arm-none-eabi/13.2.1/../../../../arm-none-eabi/lib/thumb/v8-m.main+fp/hard\libcr_c.a(errno.o)
                              ./utilities/fsl_str.o (errno)
C:/nxp/MCUXpressoIDE_24.9.25/ide/plugins/com.nxp.mcuxpresso.tools.win32_24.9.0.202407110857/tools/bin/../lib/gcc/arm-none-eabi/13.2.1/../../../../arm-none-eabi/lib/thumb/v8-m.main+fp/hard\libcr_c.a(initio.o)
                              C:/nxp/MCUXpressoIDE_24.9.25/ide/plugins/com.nxp.mcuxpresso.tools.win32_24.9.0.202407110857/tools/bin/../lib/gcc/arm-none-eabi/13.2.1/../../../../arm-none-eabi/lib/thumb/v8-m.main+fp/hard\libcr_nohost_nf.a(_cr__main.o) (_initio)
C:/nxp/MCUXpressoIDE_24.9.25/ide/plugins/com.nxp.mcuxpresso.tools.win32_24.9.0.202407110857/tools/bin/../lib/gcc/arm-none-eabi/13.2.1/../../../../arm-none-eabi/lib/thumb/v8-m.main+fp/hard\libcr_c.a(scanf.o)
                              ./utilities/fsl_str.o (strtoul)
C:/nxp/MCUXpressoIDE_24.9.25/ide/plugins/com.nxp.mcuxpresso.tools.win32_24.9.0.202407110857/tools/bin/../lib/gcc/arm-none-eabi/13.2.1/../../../../arm-none-eabi/lib/thumb/v8-m.main+fp/hard\libcr_c.a(setvbuf.o)
                              C:/nxp/MCUXpressoIDE_24.9.25/ide/plugins/com.nxp.mcuxpresso.tools.win32_24.9.0.202407110857/tools/bin/../lib/gcc/arm-none-eabi/13.2.1/../../../../arm-none-eabi/lib/thumb/v8-m.main+fp/hard\libcr_c.a(initio.o) (setvbuf)
C:/nxp/MCUXpressoIDE_24.9.25/ide/plugins/com.nxp.mcuxpresso.tools.win32_24.9.0.202407110857/tools/bin/../lib/gcc/arm-none-eabi/13.2.1/../../../../arm-none-eabi/lib/thumb/v8-m.main+fp/hard\libcr_c.a(strlen.o)
                              ./utilities/fsl_str.o (strlen)
C:/nxp/MCUXpressoIDE_24.9.25/ide/plugins/com.nxp.mcuxpresso.tools.win32_24.9.0.202407110857/tools/bin/../lib/gcc/arm-none-eabi/13.2.1/../../../../arm-none-eabi/lib/thumb/v8-m.main+fp/hard\libcr_c.a(strncpy.o)
                              ./source/command.o (strncpy)
C:/nxp/MCUXpressoIDE_24.9.25/ide/plugins/com.nxp.mcuxpresso.tools.win32_24.9.0.202407110857/tools/bin/../lib/gcc/arm-none-eabi/13.2.1/../../../../arm-none-eabi/lib/thumb/v8-m.main+fp/hard\libcr_c.a(strstr.o)
                              ./source/command.o (strstr)
C:/nxp/MCUXpressoIDE_24.9.25/ide/plugins/com.nxp.mcuxpresso.tools.win32_24.9.0.202407110857/tools/bin/../lib/gcc/arm-none-eabi/13.2.1/../../../../arm-none-eabi/lib/thumb/v8-m.main+fp/hard\libcr_c.a(ungetc.o)
                              C:/nxp/MCUXpressoIDE_24.9.25/ide/plugins/com.nxp.mcuxpresso.tools.win32_24.9.0.202407110857/tools/bin/../lib/gcc/arm-none-eabi/13.2.1/../../../../arm-none-eabi/lib/thumb/v8-m.main+fp/hard\libcr_c.a(scanf.o) (ungetc)
C:/nxp/MCUXpressoIDE_24.9.25/ide/plugins/com.nxp.mcuxpresso.tools.win32_24.9.0.202407110857/tools/bin/../lib/gcc/arm-none-eabi/13.2.1/../../../../arm-none-eabi/lib/thumb/v8-m.main+fp/hard\libcr_c.a(__fillbuf.o)
                              C:/nxp/MCUXpressoIDE_24.9.25/ide/plugins/com.nxp.mcuxpresso.tools.win32_24.9.0.202407110857/tools/bin/../lib/gcc/arm-none-eabi/13.2.1/../../../../arm-none-eabi/lib/thumb/v8-m.main+fp/hard\libcr_c.a(scanf.o) (__filbuf)
C:/nxp/MCUXpressoIDE_24.9.25/ide/plugins/com.nxp.mcuxpresso.tools.win32_24.9.0.202407110857/tools/bin/../lib/gcc/arm-none-eabi/13.2.1/../../../../arm-none-eabi/lib/thumb/v8-m.main+fp/hard\libcr_c.a(__init_alloc.o)
                              C:/nxp/MCUXpressoIDE_24.9.25/ide/plugins/com.nxp.mcuxpresso.tools.win32_24.9.0.202407110857/tools/bin/../lib/gcc/arm-none-eabi/13.2.1/../../../../arm-none-eabi/lib/thumb/v8-m.main+fp/hard\libcr_c.a(alloc.o) (__heaps)
C:/nxp/MCUXpressoIDE_24.9.25/ide/plugins/com.nxp.mcuxpresso.tools.win32_24.9.0.202407110857/tools/bin/../lib/gcc/arm-none-eabi/13.2.1/../../../../arm-none-eabi/lib/thumb/v8-m.main+fp/hard\libcr_c.a(_cr_sbrk.o)
                              C:/nxp/MCUXpressoIDE_24.9.25/ide/plugins/com.nxp.mcuxpresso.tools.win32_24.9.0.202407110857/tools/bin/../lib/gcc/arm-none-eabi/13.2.1/../../../../arm-none-eabi/lib/thumb/v8-m.main+fp/hard\libcr_c.a(alloc.o) (_sbrk)
[...]
Memory Configuration

Name             Origin             Length             Attributes
PROGRAM_FLASH0   0x00000000         0x00100000         xr
PROGRAM_FLASH1   0x00100000         0x00100000         xr
SRAM             0x20000000         0x00060000         xrw
SRAMX            0x04000000         0x00018000         xrw
SRAMH            0x20060000         0x00008000         xrw
USB_RAM          0x400ba000         0x00001000         xrw
*default*        0x00000000         0xffffffff

Linker script and memory map

LOAD ./utilities/fsl_assert.o
LOAD ./utilities/fsl_debug_console.o
LOAD ./utilities/fsl_memcpy.o
LOAD ./utilities/fsl_str.o
LOAD ./startup/boot_multicore_slave.o
LOAD ./startup/startup_mcxn947_cm33_core0.o
LOAD ./source/can.o
LOAD ./source/command.o
LOAD ./source/lcd.o
LOAD ./source/main.o
LOAD ./source/semihost_hardfault.o
LOAD ./source/sensor.o
LOAD ./freertos/freertos-kernel/portable/MemMang/heap_4.o
LOAD ./freertos/freertos-kernel/portable/GCC/ARM_CM33_NTZ/non_secure/mpu_wrappers_v2_asm.o
LOAD ./freertos/freertos-kernel/portable/GCC/ARM_CM33_NTZ/non_secure/port.o
LOAD ./freertos/freertos-kernel/portable/GCC/ARM_CM33_NTZ/non_secure/portasm.o
LOAD ./freertos/freertos-kernel/croutine.o
LOAD ./freertos/freertos-kernel/event_groups.o
LOAD ./freertos/freertos-kernel/list.o
LOAD ./freertos/freertos-kernel/queue.o
LOAD ./freertos/freertos-kernel/stream_buffer.o
LOAD ./freertos/freertos-kernel/tasks.o
LOAD ./freertos/freertos-kernel/timers.o
LOAD ./drivers/fsl_clock.o
LOAD ./drivers/fsl_common.o
LOAD ./drivers/fsl_common_arm.o
LOAD ./drivers/fsl_ctimer.o
LOAD ./drivers/fsl_dac.o
LOAD ./drivers/fsl_flexcan.o
LOAD ./drivers/fsl_flexio.o
LOAD ./drivers/fsl_flexio_uart.o
LOAD ./drivers/fsl_gpio.o
LOAD ./drivers/fsl_lpadc.o
LOAD ./drivers/fsl_lpflexcomm.o
LOAD ./drivers/fsl_lpuart.o
LOAD ./drivers/fsl_reset.o
LOAD ./drivers/fsl_spc.o
LOAD ./drivers/fsl_vref.o
LOAD ./drivers/fsl_wwdt.o
LOAD ./device/system_MCXN947_cm33_core0.o
LOAD ./component/uart/fsl_adapter_lpuart.o
LOAD ./component/serial_manager/fsl_component_serial_manager.o
LOAD ./component/serial_manager/fsl_component_serial_port_uart.o
LOAD ./component/lists/fsl_component_generic_list.o
LOAD ./board/board.o
LOAD ./board/clock_config.o
LOAD ./board/pin_mux.o
START GROUP
LOAD C:/nxp/MCUXpressoIDE_24.9.25/ide/plugins/com.nxp.mcuxpresso.tools.win32_24.9.0.202407110857/tools/bin/../lib/gcc/arm-none-eabi/13.2.1/../../../../arm-none-eabi/lib/thumb/v8-m.main+fp/hard\libcr_nohost_nf.a
LOAD C:/nxp/MCUXpressoIDE_24.9.25/ide/plugins/com.nxp.mcuxpresso.tools.win32_24.9.0.202407110857/tools/bin/../lib/gcc/arm-none-eabi/13.2.1/../../../../arm-none-eabi/lib/thumb/v8-m.main+fp/hard\libcr_c.a
LOAD C:/nxp/MCUXpressoIDE_24.9.25/ide/plugins/com.nxp.mcuxpresso.tools.win32_24.9.0.202407110857/tools/bin/../lib/gcc/arm-none-eabi/13.2.1/thumb/v8-m.main+fp/hard\libcr_eabihelpers.a
LOAD C:/nxp/MCUXpressoIDE_24.9.25/ide/plugins/com.nxp.mcuxpresso.tools.win32_24.9.0.202407110857/tools/bin/../lib/gcc/arm-none-eabi/13.2.1/thumb/v8-m.main+fp/hard\libgcc.a
END GROUP
                0x00000000                        __base_PROGRAM_FLASH0 = 0x0
                0x00000000                        __base_Flash = 0x0
                0x00100000                        __top_PROGRAM_FLASH0 = 0x100000
                0x00100000                        __top_Flash = 0x100000
                0x00100000                        __base_PROGRAM_FLASH1 = 0x100000
                0x00100000                        __base_Flash2 = 0x100000
                0x00200000                        __top_PROGRAM_FLASH1 = 0x200000
                0x00200000                        __top_Flash2 = 0x200000
                0x20000000                        __base_SRAM = 0x20000000
                0x20000000                        __base_RAM = 0x20000000
                0x20060000                        __top_SRAM = 0x20060000
                0x20060000                        __top_RAM = 0x20060000
                0x04000000                        __base_SRAMX = 0x4000000
                0x04000000                        __base_RAM2 = 0x4000000
                0x04018000                        __top_SRAMX = 0x4018000
                0x04018000                        __top_RAM2 = 0x4018000
                0x20060000                        __base_SRAMH = 0x20060000
                0x20060000                        __base_RAM3 = 0x20060000
                0x20068000                        __top_SRAMH = 0x20068000
                0x20068000                        __top_RAM3 = 0x20068000
                0x400ba000                        __base_USB_RAM = 0x400ba000
                0x400ba000                        __base_RAM4 = 0x400ba000
                0x400bb000                        __top_USB_RAM = 0x400bb000
                0x400bb000                        __top_RAM4 = 0x400bb000

.text_Flash2    0x00100000        0x0
 FILL mask 0xff
 *(SORT_BY_ALIGNMENT(.text_Flash2))
 *(SORT_BY_ALIGNMENT(.text_PROGRAM_FLASH1))
 *(SORT_BY_ALIGNMENT(.text.$Flash2))
 *(SORT_BY_ALIGNMENT(.text.$PROGRAM_FLASH1))
 *(SORT_BY_ALIGNMENT(.text_Flash2.*))
 *(SORT_BY_ALIGNMENT(.text_PROGRAM_FLASH1.*))
 *(SORT_BY_ALIGNMENT(.text.$Flash2.*))
 *(SORT_BY_ALIGNMENT(.text.$PROGRAM_FLASH1.*))
 *(SORT_BY_ALIGNMENT(.rodata.$Flash2))
 *(SORT_BY_ALIGNMENT(.rodata.$PROGRAM_FLASH1))
 *(SORT_BY_ALIGNMENT(.rodata.$Flash2.*))
 *(SORT_BY_ALIGNMENT(.rodata.$PROGRAM_FLASH1.*))

.text           0x00000000     0xd960
 FILL mask 0xff
                0x00000000                        __vectors_start__ = ABSOLUTE (.)
 *(SORT_BY_ALIGNMENT(.isr_vector))
 .isr_vector    0x00000000      0x2b0 ./startup/startup_mcxn947_cm33_core0.o
                0x00000000                g_pfnVectors
                0x00000000                __Vectors
                0x000002b0                        . = ALIGN (0x4)
                0x000002b0                        __section_table_start = .
                0x000002b0                        __data_section_table = .
                0x000002b0        0x4 LONG 0xd960 LOADADDR (.data)
                0x000002b4        0x4 LONG 0x20000000 ADDR (.data)
                0x000002b8        0x4 LONG 0x2a4 SIZEOF (.data)
                0x000002bc        0x4 LONG 0xd960 LOADADDR (.data_RAM2)
                0x000002c0        0x4 LONG 0x4000000 ADDR (.data_RAM2)
                0x000002c4        0x4 LONG 0x0 SIZEOF (.data_RAM2)
                0x000002c8        0x4 LONG 0xd960 LOADADDR (.data_RAM3)
                0x000002cc        0x4 LONG 0x20060000 ADDR (.data_RAM3)
                0x000002d0        0x4 LONG 0x0 SIZEOF (.data_RAM3)
                0x000002d4        0x4 LONG 0xd960 LOADADDR (.data_RAM4)
                0x000002d8        0x4 LONG 0x400ba000 ADDR (.data_RAM4)
                0x000002dc        0x4 LONG 0x0 SIZEOF (.data_RAM4)
                0x000002e0                        __data_section_table_end = .
                0x000002e0                        __bss_section_table = .
                0x000002e0        0x4 LONG 0x200002a4 ADDR (.bss)
                0x000002e4        0x4 LONG 0x5b04 SIZEOF (.bss)
                0x000002e8        0x4 LONG 0x4000000 ADDR (.bss_RAM2)
                0x000002ec        0x4 LONG 0x0 SIZEOF (.bss_RAM2)
                0x000002f0        0x4 LONG 0x20060000 ADDR (.bss_RAM3)
                0x000002f4        0x4 LONG 0x0 SIZEOF (.bss_RAM3)
                0x000002f8        0x4 LONG 0x400ba000 ADDR (.bss_RAM4)
                0x000002fc        0x4 LONG 0x0 SIZEOF (.bss_RAM4)
                0x00000300                        __bss_section_table_end = .
                0x00000300                        __section_table_end = .
 *(SORT_BY_ALIGNMENT(.after_vectors*))
 .after_vectors.reset
                0x00000300       0x68 ./startup/startup_mcxn947_cm33_core0.o
                0x00000300                ResetISR
 .after_vectors.init_data
                0x00000368       0x1e ./startup/startup_mcxn947_cm33_core0.o
                0x00000368                data_init
 .after_vectors.init_bss
                0x00000386       0x12 ./startup/startup_mcxn947_cm33_core0.o
                0x00000386                bss_init
 .after_vectors
                0x00000398       0x16 ./startup/startup_mcxn947_cm33_core0.o
                0x00000398                NMI_Handler
                0x0000039c                MemManage_Handler
                0x0000039e                BusFault_Handler
                0x000003a0                UsageFault_Handler
                0x000003a2                SecureFault_Handler
                0x000003a6                DebugMon_Handler
                0x000003ac                EMVSIM0_DriverIRQHandler
                0x000003ac                I3C0_DriverIRQHandler
                0x000003ac                USB0_FS_DriverIRQHandler
                0x000003ac                PKC_ERR_DriverIRQHandler
                0x000003ac                QDC1_HOME_DriverIRQHandler
                0x000003ac                EDMA_0_CH5_DriverIRQHandler
                0x000003ac                EDMA_0_CH14_DriverIRQHandler
                0x000003ac                EDMA_1_CH0_DriverIRQHandler
                0x000003ac                SCG_DriverIRQHandler
                0x000003ac                CMC0_DriverIRQHandler
                0x000003ac                EDMA_0_CH15_DriverIRQHandler
                0x000003ac                LPTMR0_DriverIRQHandler
                0x000003ac                EDMA_0_CH2_DriverIRQHandler
                0x000003ac                FLEXPWM1_SUBMODULE1_DriverIRQHandler
                0x000003ac                FLEXPWM0_SUBMODULE1_DriverIRQHandler
                0x000003ac                PINT0_DriverIRQHandler
                0x000003ac                EDMA_1_CH11_DriverIRQHandler
                0x000003ac                FLEXPWM0_RELOAD_ERROR_DriverIRQHandler
                0x000003ac                EDMA_1_CH13_DriverIRQHandler
                0x000003ac                Reserved167_DriverIRQHandler
                0x000003ac                EDMA_1_CH9_DriverIRQHandler
                0x000003ac                SEC_VIO_DriverIRQHandler
                0x000003ac                ERM_MULTI_BIT_ERROR_DriverIRQHandler
                0x000003ac                GPIO31_DriverIRQHandler
                0x000003ac                EWM0_DriverIRQHandler
                0x000003ac                PKC_DriverIRQHandler
                0x000003ac                EDMA_0_CH10_DriverIRQHandler
                0x000003ac                USB1_HS_PHY_DriverIRQHandler
                0x000003ac                QDC0_IDX_DriverIRQHandler
                0x000003ac                ELS_DriverIRQHandler
                0x000003ac                Reserved166_DriverIRQHandler
                0x000003ac                EDMA_1_CH2_DriverIRQHandler
                0x000003ac                ETHERNET_DriverIRQHandler
                0x000003ac                QDC1_IDX_DriverIRQHandler
                0x000003ac                EDMA_1_CH14_DriverIRQHandler
                0x000003ac                FLEXPWM1_SUBMODULE3_DriverIRQHandler
                0x000003ac                EDMA_1_CH7_DriverIRQHandler
                0x000003ac                EDMA_1_CH6_DriverIRQHandler
                0x000003ac                DAC1_DriverIRQHandler
                0x000003ac                QDC0_HOME_DriverIRQHandler
                0x000003ac                ITRC0_DriverIRQHandler
                0x000003ac                EDMA_1_CH5_DriverIRQHandler
                0x000003ac                ETB0_DriverIRQHandler
                0x000003ac                Freqme_DriverIRQHandler
                0x000003ac                Reserved80_DriverIRQHandler
                0x000003ac                IntDefaultHandler
                0x000003ac                ELS_ERR_DriverIRQHandler
                0x000003ac                DAC0_DriverIRQHandler
                0x000003ac                MRT0_DriverIRQHandler
                0x000003ac                UTICK0_DriverIRQHandler
                0x000003ac                FLEXPWM0_SUBMODULE2_DriverIRQHandler
                0x000003ac                GPIO01_DriverIRQHandler
                0x000003ac                EDMA_0_CH3_DriverIRQHandler
                0x000003ac                WWDT0_DriverIRQHandler
                0x000003ac                USDHC0_DriverIRQHandler
                0x000003ac                GPIO00_DriverIRQHandler
                0x000003ac                EDMA_0_CH4_DriverIRQHandler
                0x000003ac                GPIO11_DriverIRQHandler
                0x000003ac                BSP32_DriverIRQHandler
                0x000003ac                FLEXPWM0_FAULT_DriverIRQHandler
                0x000003ac                EDMA_1_CH1_DriverIRQHandler
                0x000003ac                SAI1_DriverIRQHandler
                0x000003ac                ERM_SINGLE_BIT_ERROR_DriverIRQHandler
                0x000003ac                GPIO21_DriverIRQHandler
                0x000003ac                FLEXPWM1_FAULT_DriverIRQHandler
                0x000003ac                GPIO30_DriverIRQHandler
                0x000003ac                QDC0_COMPARE_DriverIRQHandler
                0x000003ac                WWDT1_DriverIRQHandler
                0x000003ac                ADC1_DriverIRQHandler
                0x000003ac                PQ_DriverIRQHandler
                0x000003ac                ETHERNET_MACLP_DriverIRQHandler
                0x000003ac                USB0_DCD_DriverIRQHandler
                0x000003ac                EDMA_0_CH11_DriverIRQHandler
                0x000003ac                MAILBOX_DriverIRQHandler
                0x000003ac                WUU_DriverIRQHandler
                0x000003ac                EDMA_0_CH6_DriverIRQHandler
                0x000003ac                FLEXPWM1_SUBMODULE0_DriverIRQHandler
                0x000003ac                CDOG1_DriverIRQHandler
                0x000003ac                TSI_OUT_OF_SCAN_DriverIRQHandler
                0x000003ac                EDMA_1_CH4_DriverIRQHandler
                0x000003ac                PUF_DriverIRQHandler
                0x000003ac                SPC_DriverIRQHandler
                0x000003ac                RTC_DriverIRQHandler
                0x000003ac                VBAT0_DriverIRQHandler
                0x000003ac                Reserved65_DriverIRQHandler
                0x000003ac                HSCMP2_DriverIRQHandler
                0x000003ac                EDMA_0_CH0_DriverIRQHandler
                0x000003ac                EDMA_0_CH9_DriverIRQHandler
                0x000003ac                PDM_EVENT_DriverIRQHandler
                0x000003ac                ETHERNET_PMT_DriverIRQHandler
                0x000003ac                FLEXPWM1_RELOAD_ERROR_DriverIRQHandler
                0x000003ac                FMU0_DriverIRQHandler
                0x000003ac                QDC1_COMPARE_DriverIRQHandler
                0x000003ac                EDMA_0_CH8_DriverIRQHandler
                0x000003ac                LPTMR1_DriverIRQHandler
                0x000003ac                GPIO40_DriverIRQHandler
                0x000003ac                CTI0_DriverIRQHandler
                0x000003ac                EDMA_1_CH3_DriverIRQHandler
                0x000003ac                EDMA_1_CH15_DriverIRQHandler
                0x000003ac                FLEXPWM1_SUBMODULE2_DriverIRQHandler
                0x000003ac                GPIO20_DriverIRQHandler
                0x000003ac                QDC1_WDG_SAB_DriverIRQHandler
                0x000003ac                EDMA_1_CH8_DriverIRQHandler
                0x000003ac                GDET_DriverIRQHandler
                0x000003ac                PORT_EFT_DriverIRQHandler
                0x000003ac                Reserved85_DriverIRQHandler
                0x000003ac                Reserved81_DriverIRQHandler
                0x000003ac                TSI_END_OF_SCAN_DriverIRQHandler
                0x000003ac                FLEXPWM0_SUBMODULE3_DriverIRQHandler
                0x000003ac                ADC0_DriverIRQHandler
                0x000003ac                OR_DriverIRQHandler
                0x000003ac                EDMA_0_CH13_DriverIRQHandler
                0x000003ac                USB1_HS_DriverIRQHandler
                0x000003ac                EDMA_0_CH1_DriverIRQHandler
                0x000003ac                DAC2_DriverIRQHandler
                0x000003ac                GPIO51_DriverIRQHandler
                0x000003ac                HSCMP0_DriverIRQHandler
                0x000003ac                EDMA_0_CH12_DriverIRQHandler
                0x000003ac                QDC0_WDG_SAB_DriverIRQHandler
                0x000003ac                CDOG0_DriverIRQHandler
                0x000003ac                SMARTDMA_DriverIRQHandler
                0x000003ac                SAI0_DriverIRQHandler
                0x000003ac                EMVSIM1_DriverIRQHandler
                0x000003ac                I3C1_DriverIRQHandler
                0x000003ac                EDMA_0_CH7_DriverIRQHandler
                0x000003ac                HSCMP1_DriverIRQHandler
                0x000003ac                EDMA_1_CH10_DriverIRQHandler
                0x000003ac                EDMA_1_CH12_DriverIRQHandler
                0x000003ac                FLEXSPI0_DriverIRQHandler
                0x000003ac                GPIO50_DriverIRQHandler
                0x000003ac                GPIO10_DriverIRQHandler
                0x000003ac                SCT0_DriverIRQHandler
                0x000003ac                PLU_DriverIRQHandler
                0x000003ac                FLEXPWM0_SUBMODULE0_DriverIRQHandler
                0x000003ac                OS_EVENT_DriverIRQHandler
                0x000003ac                SINC_FILTER_DriverIRQHandler
                0x000003ac                NPU_DriverIRQHandler
                0x000003ac                GPIO41_DriverIRQHandler
                0x000003ac                SEC_HYPERVISOR_CALL_DriverIRQHandler
 *(SORT_BY_ALIGNMENT(.text*))
 *fill*         0x000003ae        0x2 ff
 .text.vRestoreContextOfFirstTask
                0x000003b0       0x38 ./freertos/freertos-kernel/portable/GCC/ARM_CM33_NTZ/non_secure/portasm.o
                0x000003b0                vRestoreContextOfFirstTask
 *fill*         0x000003e8        0x8 ff
 .text.vStartFirstTask
                0x000003f0       0x28 ./freertos/freertos-kernel/portable/GCC/ARM_CM33_NTZ/non_secure/portasm.o
                0x000003f0                vStartFirstTask
 *fill*         0x00000418        0x8 ff
 .text.PendSV_Handler
                0x00000420       0x68 ./freertos/freertos-kernel/portable/GCC/ARM_CM33_NTZ/non_secure/portasm.o
                0x00000420                PendSV_Handler
 *fill*         0x00000488        0x8 ff
 .text.SVC_Handler
                0x00000490       0x28 ./freertos/freertos-kernel/portable/GCC/ARM_CM33_NTZ/non_secure/portasm.o
                0x00000490                SVC_Handler
 .text.__assertion_failed
                0x000004b8       0x2c ./utilities/fsl_assert.o
                0x000004b8                __assertion_failed
 .text.DbgConsole_SendDataReliable
                0x000004e4       0x54 ./utilities/fsl_debug_console.o
                0x000004e4                DbgConsole_SendDataReliable
 .text.DbgConsole_Init
                0x00000538      0x138 ./utilities/fsl_debug_console.o
                0x00000538                DbgConsole_Init
 .text.DbgConsole_Vprintf
                0x00000670       0x68 ./utilities/fsl_debug_console.o
                0x00000670                DbgConsole_Vprintf
 .text          0x000006d8       0xa0 ./utilities/fsl_memcpy.o
                0x000006d8                memcpy
 .text.sendCAN  0x00000778       0x90 ./source/can.o
                0x00000778                sendCAN
 .text.processReceivedCommand
                0x00000808      0x144 ./source/command.o
                0x00000808                processReceivedCommand
 .text.handle_SS_RLY_EN_Command
                0x0000094c       0x28 ./source/command.o
 .text.handle_SS_PLY_DIS_Command
                0x00000974       0x28 ./source/command.o
 .text.handle_PFC1_FLT_DETECT_Command
                0x0000099c       0x3c ./source/command.o
 .text.handle_PFC2_FLT_DETECT_Command
                0x000009d8       0x3c ./source/command.o
 .text.handle_SYS_CFG0_DETECT_Command
                0x00000a14       0x3c ./source/command.o
 .text.handle_SYS_CFG1_DETECT_Command
                0x00000a50       0x3c ./source/command.o
 .text.handle_SYS_CFG2_DETECT_Command
                0x00000a8c       0x3c ./source/command.o
 .text.handle_FAN1_FB_DETECT_Command
                0x00000ac8       0x3c ./source/command.o
 .text.handle_FAN2_FB_DETECT_Command
                0x00000b04       0x3c ./source/command.o
 .text.handle_FAN3_FB_DETECT_Command
                0x00000b40       0x3c ./source/command.o
 .text.handle_PFC1_EN_Command
                0x00000b7c       0x28 ./source/command.o
 .text.handle_PFC1_DIS_Command
                0x00000ba4       0x28 ./source/command.o
 .text.handle_PFC2_EN_Command
                0x00000bcc       0x28 ./source/command.o
 .text.handle_PFC2_DIS_Command
                0x00000bf4       0x28 ./source/command.o
 .text.handle_DCDC1_EN_Command
                0x00000c1c       0x28 ./source/command.o
 .text.handle_DCDC1_DIS_Command
                0x00000c44       0x28 ./source/command.o
 .text.handle_DCDC2_EN_Command
                0x00000c6c       0x28 ./source/command.o
 .text.handle_DCDC2_DIS_Command
                0x00000c94       0x28 ./source/command.o
 .text.handle_FAN1_EN_Command
                0x00000cbc       0x28 ./source/command.o
 .text.handle_FAN1_DIS_Command
                0x00000ce4       0x28 ./source/command.o
 .text.handle_FAN2_EN_Command
                0x00000d0c       0x28 ./source/command.o
 .text.handle_FAN2_DIS_Command
                0x00000d34       0x28 ./source/command.o
 .text.handle_FAN3_EN_Command
                0x00000d5c       0x28 ./source/command.o
 .text.handle_FAN3_DIS_Command
                0x00000d84       0x28 ./source/command.o
 .text.handle_ReadAdc_Command
                0x00000dac      0x104 ./source/command.o
 .text.handle_WriteDac0_Command
                0x00000eb0       0x88 ./source/command.o
 .text.handle_WriteDac1_Command
                0x00000f38       0x88 ./source/command.o
 .text.transfer_command_lcd
                0x00000fc0       0x84 ./source/lcd.o
                0x00000fc0                transfer_command_lcd
 .text.transfer_data_lcd
                0x00001044       0x84 ./source/lcd.o
                0x00001044                transfer_data_lcd
 .text.lv_port_disp_init
                0x000010c8       0x8c ./source/lcd.o
                0x000010c8                lv_port_disp_init
 .text.Display  0x00001154      0x428 ./source/lcd.o
                0x00001154                Display
 .text.__NVIC_EnableIRQ
                0x0000157c       0x3c ./source/main.o
 .text.__NVIC_SetPriority
                0x000015b8       0x54 ./source/main.o
 .text.GPIO00_IRQHandler
                0x0000160c       0x20 ./source/main.o
                0x0000160c                GPIO00_IRQHandler
 .text.LP_FLEXCOMM4_IRQHandler
                0x0000162c       0xd4 ./source/main.o
                0x0000162c                LP_FLEXCOMM4_IRQHandler
 .text.main     0x00001700      0x310 ./source/main.o
                0x00001700                main
 .text.vExampleTimerCallback
                0x00001a10       0x64 ./source/main.o
 .text.prvQueueSendTask
                0x00001a74       0x38 ./source/main.o
 .text.prvQueueReceiveTask
                0x00001aac       0x38 ./source/main.o
 .text.prvEventSemaphoreTask
                0x00001ae4       0x3c ./source/main.o
 .text.vApplicationTickHook
                0x00001b20       0x44 ./source/main.o
                0x00001b20                vApplicationTickHook
 .text.vApplicationMallocFailedHook
                0x00001b64       0x10 ./source/main.o
                0x00001b64                vApplicationMallocFailedHook
 .text.prvUartRxTask
                0x00001b74       0x64 ./source/main.o
 .text.vTaskCANRx
                0x00001bd8       0x7c ./source/main.o
 .text.ADC_Configure
                0x00001c54      0x428 ./source/main.o
 .text.DAC_Configure
                0x0000207c       0x60 ./source/main.o
 .text.CAN_Configure
                0x000020dc      0x104 ./source/main.o
 .text.UART_Configure
                0x000021e0       0x68 ./source/main.o
 .text.WWDT_Configure
                0x00002248       0x58 ./source/main.o
 .text.readSensor
                0x000022a0      0x3e8 ./source/sensor.o
                0x000022a0                readSensor
 .text.pvPortMalloc
                0x00002688      0x200 ./freertos/freertos-kernel/portable/MemMang/heap_4.o
                0x00002688                pvPortMalloc
 .text.vPortFree
                0x00002888       0xb8 ./freertos/freertos-kernel/portable/MemMang/heap_4.o
                0x00002888                vPortFree
 .text.xPortGetFreeHeapSize
                0x00002940       0x18 ./freertos/freertos-kernel/portable/MemMang/heap_4.o
                0x00002940                xPortGetFreeHeapSize
 .text.prvHeapInit
                0x00002958       0xb4 ./freertos/freertos-kernel/portable/MemMang/heap_4.o
 .text.prvInsertBlockIntoFreeList
                0x00002a0c       0xe0 ./freertos/freertos-kernel/portable/MemMang/heap_4.o
 .text.vPortSetupTimerInterrupt
                0x00002aec       0x48 ./freertos/freertos-kernel/portable/GCC/ARM_CM33_NTZ/non_secure/port.o
                0x00002aec                vPortSetupTimerInterrupt
 .text.prvTaskExitError
                0x00002b34       0x34 ./freertos/freertos-kernel/portable/GCC/ARM_CM33_NTZ/non_secure/port.o
 .text.prvSetupFPU
                0x00002b68       0x30 ./freertos/freertos-kernel/portable/GCC/ARM_CM33_NTZ/non_secure/port.o
 .text.vPortYield
                0x00002b98       0x24 ./freertos/freertos-kernel/portable/GCC/ARM_CM33_NTZ/non_secure/port.o
                0x00002b98                vPortYield
 .text.vPortEnterCritical
                0x00002bbc       0x24 ./freertos/freertos-kernel/portable/GCC/ARM_CM33_NTZ/non_secure/port.o
                0x00002bbc                vPortEnterCritical
 .text.vPortExitCritical
                0x00002be0       0x34 ./freertos/freertos-kernel/portable/GCC/ARM_CM33_NTZ/non_secure/port.o
                0x00002be0                vPortExitCritical
 .text.SysTick_Handler
                0x00002c14       0x30 ./freertos/freertos-kernel/portable/GCC/ARM_CM33_NTZ/non_secure/port.o
                0x00002c14                SysTick_Handler
 .text.pxPortInitialiseStack
                0x00002c44      0x114 ./freertos/freertos-kernel/portable/GCC/ARM_CM33_NTZ/non_secure/port.o
                0x00002c44                pxPortInitialiseStack
 .text.xPortStartScheduler
                0x00002d58      0x124 ./freertos/freertos-kernel/portable/GCC/ARM_CM33_NTZ/non_secure/port.o
                0x00002d58                xPortStartScheduler
 .text.vPortValidateInterruptPriority
                0x00002e7c       0x5c ./freertos/freertos-kernel/portable/GCC/ARM_CM33_NTZ/non_secure/port.o
                0x00002e7c                vPortValidateInterruptPriority
 .text.vQueueAddToRegistry
                0x00002ed8       0x88 ./freertos/freertos-kernel/queue.o
                0x00002ed8                vQueueAddToRegistry
 .text.prvAddNewTaskToReadyList
                0x00002f60      0x11c ./freertos/freertos-kernel/tasks.o
 .text.xTaskDelayUntil
                0x0000307c       0xbc ./freertos/freertos-kernel/tasks.o
                0x0000307c                xTaskDelayUntil
 .text.vTaskDelay
                0x00003138       0x48 ./freertos/freertos-kernel/tasks.o
                0x00003138                vTaskDelay
 .text.prvCreateIdleTasks
                0x00003180       0x94 ./freertos/freertos-kernel/tasks.o
 .text.vTaskStartScheduler
                0x00003214       0x68 ./freertos/freertos-kernel/tasks.o
                0x00003214                vTaskStartScheduler
 .text.vTaskSuspendAll
                0x0000327c       0x1c ./freertos/freertos-kernel/tasks.o
                0x0000327c                vTaskSuspendAll
 .text.xTaskResumeAll
                0x00003298      0x1ec ./freertos/freertos-kernel/tasks.o
                0x00003298                xTaskResumeAll
 .text.xTaskGetTickCount
                0x00003484       0x20 ./freertos/freertos-kernel/tasks.o
                0x00003484                xTaskGetTickCount
 .text.uxTaskGetNumberOfTasks
                0x000034a4       0x18 ./freertos/freertos-kernel/tasks.o
                0x000034a4                uxTaskGetNumberOfTasks
 .text.xTaskIncrementTick
                0x000034bc      0x210 ./freertos/freertos-kernel/tasks.o
                0x000034bc                xTaskIncrementTick
 .text.vTaskSwitchContext
                0x000036cc       0xf4 ./freertos/freertos-kernel/tasks.o
                0x000036cc                vTaskSwitchContext
 .text.vTaskPlaceOnEventList
                0x000037c0       0x38 ./freertos/freertos-kernel/tasks.o
                0x000037c0                vTaskPlaceOnEventList
 .text.vTaskPlaceOnEventListRestricted
                0x000037f8       0x7c ./freertos/freertos-kernel/tasks.o
                0x000037f8                vTaskPlaceOnEventListRestricted
 .text.xTaskRemoveFromEventList
                0x00003874      0x198 ./freertos/freertos-kernel/tasks.o
                0x00003874                xTaskRemoveFromEventList
 .text.vTaskInternalSetTimeOutState
                0x00003a0c       0x2c ./freertos/freertos-kernel/tasks.o
                0x00003a0c                vTaskInternalSetTimeOutState
 .text.xTaskCheckForTimeOut
                0x00003a38       0xac ./freertos/freertos-kernel/tasks.o
                0x00003a38                xTaskCheckForTimeOut
 .text.vTaskMissedYield
                0x00003ae4       0x18 ./freertos/freertos-kernel/tasks.o
                0x00003ae4                vTaskMissedYield
 .text.prvIdleTask
                0x00003afc       0x24 ./freertos/freertos-kernel/tasks.o
 .text.prvInitialiseTaskLists
                0x00003b20       0x80 ./freertos/freertos-kernel/tasks.o
 .text.prvCheckTasksWaitingTermination
                0x00003ba0       0x5c ./freertos/freertos-kernel/tasks.o
 .text.prvResetNextTaskUnblockTime
                0x00003bfc       0x38 ./freertos/freertos-kernel/tasks.o
 .text.xTaskGetSchedulerState
                0x00003c34       0x3c ./freertos/freertos-kernel/tasks.o
                0x00003c34                xTaskGetSchedulerState
 .text.xTaskPriorityInherit
                0x00003c70      0x13c ./freertos/freertos-kernel/tasks.o
                0x00003c70                xTaskPriorityInherit
 .text.xTaskPriorityDisinherit
                0x00003dac      0x124 ./freertos/freertos-kernel/tasks.o
                0x00003dac                xTaskPriorityDisinherit
 .text.vTaskPriorityDisinheritAfterTimeout
                0x00003ed0      0x150 ./freertos/freertos-kernel/tasks.o
                0x00003ed0                vTaskPriorityDisinheritAfterTimeout
 .text.pvTaskIncrementMutexHeldCount
                0x00004020       0x30 ./freertos/freertos-kernel/tasks.o
                0x00004020                pvTaskIncrementMutexHeldCount
 .text.prvAddCurrentTaskToDelayedList
                0x00004050      0x104 ./freertos/freertos-kernel/tasks.o
 .text.xTimerCreateTimerTask
                0x00004154       0x54 ./freertos/freertos-kernel/timers.o
                0x00004154                xTimerCreateTimerTask
 .text.xTimerGenericCommandFromTask
                0x000041a8       0x84 ./freertos/freertos-kernel/timers.o
                0x000041a8                xTimerGenericCommandFromTask
 .text.prvProcessExpiredTimer
                0x0000422c       0x60 ./freertos/freertos-kernel/timers.o
 .text.prvProcessTimerOrBlockTask
                0x0000428c       0x8c ./freertos/freertos-kernel/timers.o
 .text.prvGetNextExpireTime
                0x00004318       0x48 ./freertos/freertos-kernel/timers.o
 .text.prvSampleTimeNow
                0x00004360       0x40 ./freertos/freertos-kernel/timers.o
 .text.prvInsertTimerInActiveList
                0x000043a0       0x84 ./freertos/freertos-kernel/timers.o
 .text.prvProcessReceivedCommands
                0x00004424      0x1a0 ./freertos/freertos-kernel/timers.o
 .text.prvSwitchTimerLists
                0x000045c4       0x4c ./freertos/freertos-kernel/timers.o
 .text.prvCheckForValidListAndQueue
                0x00004610       0x6c ./freertos/freertos-kernel/timers.o
 .text.CLOCK_IsPLL0Locked
                0x0000467c       0x28 ./drivers/fsl_clock.o
 .text.CLOCK_IsPLL1Locked
                0x000046a4       0x28 ./drivers/fsl_clock.o
 .text.CLOCK_SetupFROHFClocking
                0x000046cc       0x9c ./drivers/fsl_clock.o
                0x000046cc                CLOCK_SetupFROHFClocking
 .text.CLOCK_SetPll0MonitorMode
                0x00004768       0x38 ./drivers/fsl_clock.o
                0x00004768                CLOCK_SetPll0MonitorMode
 .text.CLOCK_AttachClk
                0x000047a0       0xb0 ./drivers/fsl_clock.o
                0x000047a0                CLOCK_AttachClk
 .text.CLOCK_SetClkDiv
                0x00004850       0x54 ./drivers/fsl_clock.o
                0x00004850                CLOCK_SetClkDiv
 .text.CLOCK_GetLPFlexCommClkFreq
                0x000048a4       0xa0 ./drivers/fsl_clock.o
                0x000048a4                CLOCK_GetLPFlexCommClkFreq
 .text.CLOCK_GetFlexcanClkFreq
                0x00004944       0xb4 ./drivers/fsl_clock.o
                0x00004944                CLOCK_GetFlexcanClkFreq
 .text.CLOCK_GetWdtClkFreq
                0x000049f8       0xb0 ./drivers/fsl_clock.o
                0x000049f8                CLOCK_GetWdtClkFreq
 .text.CLOCK_GetPLL0InClockRate
                0x00004aa8       0x58 ./drivers/fsl_clock.o
                0x00004aa8                CLOCK_GetPLL0InClockRate
 .text.CLOCK_GetPLL1InClockRate
                0x00004b00       0x58 ./drivers/fsl_clock.o
                0x00004b00                CLOCK_GetPLL1InClockRate
 .text.CLOCK_SetPLL0Freq
                0x00004b58      0x10c ./drivers/fsl_clock.o
                0x00004b58                CLOCK_SetPLL0Freq
 .text.CLOCK_GetFro12MFreq
                0x00004c64       0x2c ./drivers/fsl_clock.o
 .text.CLOCK_GetClk1MFreq
                0x00004c90       0x14 ./drivers/fsl_clock.o
 .text.CLOCK_GetFroHfFreq
                0x00004ca4       0x4c ./drivers/fsl_clock.o
 .text.CLOCK_GetClk48MFreq
                0x00004cf0       0x2c ./drivers/fsl_clock.o
 .text.CLOCK_GetClk16KFreq
                0x00004d1c       0x44 ./drivers/fsl_clock.o
 .text.CLOCK_GetExtClkFreq
                0x00004d60       0x2c ./drivers/fsl_clock.o
 .text.CLOCK_GetOsc32KFreq
                0x00004d8c       0x4c ./drivers/fsl_clock.o
 .text.CLOCK_GetLposcFreq
                0x00004dd8       0x48 ./drivers/fsl_clock.o
 .text.findPll0PreDiv
                0x00004e20       0x40 ./drivers/fsl_clock.o
 .text.findPll1PreDiv
                0x00004e60       0x40 ./drivers/fsl_clock.o
 .text.findPll0PostDiv
                0x00004ea0       0x60 ./drivers/fsl_clock.o
 .text.findPll1PostDiv
                0x00004f00       0x60 ./drivers/fsl_clock.o
 .text.findPll0MMult
                0x00004f60       0xac ./drivers/fsl_clock.o
 .text.findPll1MMult
                0x0000500c       0xac ./drivers/fsl_clock.o
 .text.SDK_DelayAtLeastUs
                0x000050b8       0x8c ./drivers/fsl_common_arm.o
                0x000050b8                SDK_DelayAtLeastUs
 .text.CTIMER_GenericIRQHandler
                0x00005144       0xb4 ./drivers/fsl_ctimer.o
 .text.DAC_GetInstance
                0x000051f8       0x4c ./drivers/fsl_dac.o
 .text.DAC_Init
                0x00005244      0x138 ./drivers/fsl_dac.o
                0x00005244                DAC_Init
 .text.DAC_GetDefaultConfig
                0x0000537c       0x64 ./drivers/fsl_dac.o
                0x0000537c                DAC_GetDefaultConfig
 .text.FLEXCAN_GetInstance
                0x000053e0       0x4c ./drivers/fsl_flexcan.o
                0x000053e0                FLEXCAN_GetInstance
 .text.FLEXCAN_Reset
                0x0000542c       0xbc ./drivers/fsl_flexcan.o
 .text.FLEXCAN_Init
                0x000054e8      0x1fc ./drivers/fsl_flexcan.o
                0x000054e8                FLEXCAN_Init
 .text.FLEXCAN_GetDefaultConfig
                0x000056e4       0xb0 ./drivers/fsl_flexcan.o
                0x000056e4                FLEXCAN_GetDefaultConfig
 .text.FLEXCAN_SetTimingConfig
                0x00005794       0x88 ./drivers/fsl_flexcan.o
                0x00005794                FLEXCAN_SetTimingConfig
 .text.FLEXCAN_SetTxMbConfig
                0x0000581c       0xa4 ./drivers/fsl_flexcan.o
                0x0000581c                FLEXCAN_SetTxMbConfig
 .text.FLEXCAN_GetSegments
                0x000058c0      0x148 ./drivers/fsl_flexcan.o
 .text.FLEXCAN_CalculateImprovedTimingValues
                0x00005a08      0x110 ./drivers/fsl_flexcan.o
                0x00005a08                FLEXCAN_CalculateImprovedTimingValues
 .text.FLEXCAN_SetRxMbConfig
                0x00005b18       0xf8 ./drivers/fsl_flexcan.o
                0x00005b18                FLEXCAN_SetRxMbConfig
 .text.FLEXCAN_WriteTxMb
                0x00005c10      0x148 ./drivers/fsl_flexcan.o
                0x00005c10                FLEXCAN_WriteTxMb
 .text.FLEXCAN_TransferSendNonBlocking
                0x00005d58      0x104 ./drivers/fsl_flexcan.o
                0x00005d58                FLEXCAN_TransferSendNonBlocking
 .text.FLEXCAN_TransferReceiveNonBlocking
                0x00005e5c       0xc8 ./drivers/fsl_flexcan.o
                0x00005e5c                FLEXCAN_TransferReceiveNonBlocking
 .text.CAN0_DriverIRQHandler
                0x00005f24       0x34 ./drivers/fsl_flexcan.o
                0x00005f24                CAN0_DriverIRQHandler
 .text.CAN1_DriverIRQHandler
                0x00005f58       0x34 ./drivers/fsl_flexcan.o
                0x00005f58                CAN1_DriverIRQHandler
 .text.FLEXIO_CommonIRQHandler
                0x00005f8c       0x58 ./drivers/fsl_flexio.o
 .text.GPIO_PinInit
                0x00005fe4       0x64 ./drivers/fsl_gpio.o
                0x00005fe4                GPIO_PinInit
 .text.LPADC_GetInstance
                0x00006048       0x4c ./drivers/fsl_lpadc.o
 .text.LPADC_GetGainConvResult
                0x00006094      0x134 ./drivers/fsl_lpadc.o
 .text.LPADC_Init
                0x000061c8      0x170 ./drivers/fsl_lpadc.o
                0x000061c8                LPADC_Init
 .text.LPADC_GetConvResult
                0x00006338       0x70 ./drivers/fsl_lpadc.o
                0x00006338                LPADC_GetConvResult
 .text.LPADC_SetConvTriggerConfig
                0x000063a8       0x8c ./drivers/fsl_lpadc.o
                0x000063a8                LPADC_SetConvTriggerConfig
 .text.LPADC_GetDefaultConvTriggerConfig
                0x00006434       0x50 ./drivers/fsl_lpadc.o
                0x00006434                LPADC_GetDefaultConvTriggerConfig
 .text.LPADC_SetConvCommandConfig
                0x00006484      0x160 ./drivers/fsl_lpadc.o
                0x00006484                LPADC_SetConvCommandConfig
 .text.LPADC_GetDefaultConvCommandConfig
                0x000065e4       0x84 ./drivers/fsl_lpadc.o
                0x000065e4                LPADC_GetDefaultConvCommandConfig
 .text.LPADC_PrepareAutoCalibration
                0x00006668       0x44 ./drivers/fsl_lpadc.o
                0x00006668                LPADC_PrepareAutoCalibration
 .text.LP_FLEXCOMM_GetInterruptStatus
                0x000066ac       0x28 ./drivers/fsl_lpflexcomm.o
                0x000066ac                LP_FLEXCOMM_GetInterruptStatus
 .text.LP_FLEXCOMM_SetPeriph
                0x000066d4       0x94 ./drivers/fsl_lpflexcomm.o
 .text.LP_FLEXCOMM_Init
                0x00006768       0x58 ./drivers/fsl_lpflexcomm.o
                0x00006768                LP_FLEXCOMM_Init
 .text.LP_FLEXCOMM_CommonIRQHandler
                0x000067c0       0xb8 ./drivers/fsl_lpflexcomm.o
 .text.LPUART_GetInstance
                0x00006878       0x4c ./drivers/fsl_lpuart.o
                0x00006878                LPUART_GetInstance
 .text.LPUART_Init
                0x000068c4      0x3b4 ./drivers/fsl_lpuart.o
                0x000068c4                LPUART_Init
 .text.LPUART_GetDefaultConfig
                0x00006c78       0x8c ./drivers/fsl_lpuart.o
                0x00006c78                LPUART_GetDefaultConfig
 .text.LPUART_EnableInterrupts
                0x00006d04       0xc8 ./drivers/fsl_lpuart.o
                0x00006d04                LPUART_EnableInterrupts
 .text.LPUART_GetStatusFlags
                0x00006dcc       0x60 ./drivers/fsl_lpuart.o
                0x00006dcc                LPUART_GetStatusFlags
 .text.LPUART_ClearStatusFlags
                0x00006e2c       0x94 ./drivers/fsl_lpuart.o
                0x00006e2c                LPUART_ClearStatusFlags
 .text.LPUART_WriteBlocking
                0x00006ec0       0x68 ./drivers/fsl_lpuart.o
                0x00006ec0                LPUART_WriteBlocking
 .text.RESET_ClearPeripheralReset
                0x00006f28       0x64 ./drivers/fsl_reset.o
                0x00006f28                RESET_ClearPeripheralReset
 .text.SPC_SetSRAMOperateVoltage
                0x00006f8c       0x64 ./drivers/fsl_spc.o
                0x00006f8c                SPC_SetSRAMOperateVoltage
 .text.SPC_SetActiveModeCoreLDORegulatorConfig
                0x00006ff0       0x94 ./drivers/fsl_spc.o
                0x00006ff0                SPC_SetActiveModeCoreLDORegulatorConfig
 .text.SPC_SetActiveModeDCDCRegulatorConfig
                0x00007084       0x68 ./drivers/fsl_spc.o
                0x00007084                SPC_SetActiveModeDCDCRegulatorConfig
 .text.VREF_GetInstance
                0x000070ec       0x44 ./drivers/fsl_vref.o
 .text.VREF_Init
                0x00007130       0xdc ./drivers/fsl_vref.o
                0x00007130                VREF_Init
 .text.VREF_GetDefaultConfig
                0x0000720c       0x50 ./drivers/fsl_vref.o
                0x0000720c                VREF_GetDefaultConfig
 .text.WWDT_GetInstance
                0x0000725c       0x54 ./drivers/fsl_wwdt.o
 .text.WWDT_GetDefaultConfig
                0x000072b0       0x60 ./drivers/fsl_wwdt.o
                0x000072b0                WWDT_GetDefaultConfig
 .text.WWDT_Init
                0x00007310      0x120 ./drivers/fsl_wwdt.o
                0x00007310                WWDT_Init
 .text.SystemInit
                0x00007430      0x114 ./device/system_MCXN947_cm33_core0.o
                0x00007430                SystemInit
 .text.HAL_UartInitCommon
                0x00007544       0xe4 ./component/uart/fsl_adapter_lpuart.o
 .text.HAL_UartInit
                0x00007628       0x84 ./component/uart/fsl_adapter_lpuart.o
                0x00007628                HAL_UartInit
 .text.HAL_UartSendBlocking
                0x000076ac       0x64 ./component/uart/fsl_adapter_lpuart.o
                0x000076ac                HAL_UartSendBlocking
 .text.BOARD_InitDebugConsole
                0x00007710       0x38 ./board/board.o
                0x00007710                BOARD_InitDebugConsole
 .text.BOARD_BootClockPLL150M
                0x00007748       0xd8 ./board/clock_config.o
                0x00007748                BOARD_BootClockPLL150M
 .text.__NVIC_EnableIRQ
                0x00007820       0x3c ./board/pin_mux.o
 .text.PORT_SetPinConfig
                0x0000785c       0x38 ./board/pin_mux.o
 .text.GPIO_SetPinInterruptConfig
                0x00007894       0x4c ./board/pin_mux.o
 .text.BOARD_InitGPIO
                0x000078e0      0x26c ./board/pin_mux.o
                0x000078e0                BOARD_InitGPIO
 .text.BOARD_InitUART
                0x00007b4c       0x58 ./board/pin_mux.o
                0x00007b4c                BOARD_InitUART
 .text.BOARD_InitCAN
                0x00007ba4       0x5c ./board/pin_mux.o
                0x00007ba4                BOARD_InitCAN
 .text.BOARD_InitADC
                0x00007c00       0x98 ./board/pin_mux.o
                0x00007c00                BOARD_InitADC
 .text.BOARD_InitDAC
                0x00007c98       0x30 ./board/pin_mux.o
                0x00007c98                BOARD_InitDAC
 .text._initio  0x00007cc8       0x78 C:/nxp/MCUXpressoIDE_24.9.25/ide/plugins/com.nxp.mcuxpresso.tools.win32_24.9.0.202407110857/tools/bin/../lib/gcc/arm-none-eabi/13.2.1/../../../../arm-none-eabi/lib/thumb/v8-m.main+fp/hard\libcr_c.a(initio.o)
                0x00007cc8                _initio
 .text.ch_val   0x00007d40       0x30 C:/nxp/MCUXpressoIDE_24.9.25/ide/plugins/com.nxp.mcuxpresso.tools.win32_24.9.0.202407110857/tools/bin/../lib/gcc/arm-none-eabi/13.2.1/../../../../arm-none-eabi/lib/thumb/v8-m.main+fp/hard\libcr_c.a(scanf.o)
 .text._strtoul
                0x00007d70       0xb4 C:/nxp/MCUXpressoIDE_24.9.25/ide/plugins/com.nxp.mcuxpresso.tools.win32_24.9.0.202407110857/tools/bin/../lib/gcc/arm-none-eabi/13.2.1/../../../../arm-none-eabi/lib/thumb/v8-m.main+fp/hard\libcr_c.a(scanf.o)
 .text.strtol   0x00007e24       0x80 C:/nxp/MCUXpressoIDE_24.9.25/ide/plugins/com.nxp.mcuxpresso.tools.win32_24.9.0.202407110857/tools/bin/../lib/gcc/arm-none-eabi/13.2.1/../../../../arm-none-eabi/lib/thumb/v8-m.main+fp/hard\libcr_c.a(scanf.o)
                0x00007e24                strtol
 .text.atoi     0x00007ea4       0x18 C:/nxp/MCUXpressoIDE_24.9.25/ide/plugins/com.nxp.mcuxpresso.tools.win32_24.9.0.202407110857/tools/bin/../lib/gcc/arm-none-eabi/13.2.1/../../../../arm-none-eabi/lib/thumb/v8-m.main+fp/hard\libcr_c.a(scanf.o)
                0x00007ea4                atoi
 .text._Cwritebuf
                0x00007ebc       0x6c C:/nxp/MCUXpressoIDE_24.9.25/ide/plugins/com.nxp.mcuxpresso.tools.win32_24.9.0.202407110857/tools/bin/../lib/gcc/arm-none-eabi/13.2.1/../../../../arm-none-eabi/lib/thumb/v8-m.main+fp/hard\libcr_c.a(_writebuf.o)
                0x00007ebc                _Cwritebuf
 .text.fflush   0x00007f28       0x3c C:/nxp/MCUXpressoIDE_24.9.25/ide/plugins/com.nxp.mcuxpresso.tools.win32_24.9.0.202407110857/tools/bin/../lib/gcc/arm-none-eabi/13.2.1/../../../../arm-none-eabi/lib/thumb/v8-m.main+fp/hard\libcr_c.a(fflush.o)
                0x00007f28                fflush
 .text.fseek    0x00007f64       0xf8 C:/nxp/MCUXpressoIDE_24.9.25/ide/plugins/com.nxp.mcuxpresso.tools.win32_24.9.0.202407110857/tools/bin/../lib/gcc/arm-none-eabi/13.2.1/../../../../arm-none-eabi/lib/thumb/v8-m.main+fp/hard\libcr_c.a(fseek.o)
                0x00007f64                fseek
 .text.ftell    0x0000805c       0x44 C:/nxp/MCUXpressoIDE_24.9.25/ide/plugins/com.nxp.mcuxpresso.tools.win32_24.9.0.202407110857/tools/bin/../lib/gcc/arm-none-eabi/13.2.1/../../../../arm-none-eabi/lib/thumb/v8-m.main+fp/hard\libcr_c.a(ftell.o)
                0x0000805c                ftell
 .text.__aeabi_ddiv
                0x000080a0      0x134 C:/nxp/MCUXpressoIDE_24.9.25/ide/plugins/com.nxp.mcuxpresso.tools.win32_24.9.0.202407110857/tools/bin/../lib/gcc/arm-none-eabi/13.2.1/thumb/v8-m.main+fp/hard\libcr_eabihelpers.a(double.o)
                0x000080a0                __aeabi_ddiv
 .text.__aeabi_dsub
                0x000081d4      0x1b4 C:/nxp/MCUXpressoIDE_24.9.25/ide/plugins/com.nxp.mcuxpresso.tools.win32_24.9.0.202407110857/tools/bin/../lib/gcc/arm-none-eabi/13.2.1/thumb/v8-m.main+fp/hard\libcr_eabihelpers.a(double.o)
                0x000081d4                __aeabi_dsub
 .text.__aeabi_dadd
                0x00008388      0x118 C:/nxp/MCUXpressoIDE_24.9.25/ide/plugins/com.nxp.mcuxpresso.tools.win32_24.9.0.202407110857/tools/bin/../lib/gcc/arm-none-eabi/13.2.1/thumb/v8-m.main+fp/hard\libcr_eabihelpers.a(double.o)
                0x00008388                __aeabi_dadd
 .text.__aeabi_d2f
                0x000084a0       0x58 C:/nxp/MCUXpressoIDE_24.9.25/ide/plugins/com.nxp.mcuxpresso.tools.win32_24.9.0.202407110857/tools/bin/../lib/gcc/arm-none-eabi/13.2.1/thumb/v8-m.main+fp/hard\libcr_eabihelpers.a(double.o)
                0x000084a0                __aeabi_d2f
 .text.fsl_assert_hook
                0x000084f8       0x1a ./utilities/fsl_assert.o
                0x000084f8                fsl_assert_hook
 .text.DbgConsole_PrintCallback
                0x00008512       0x66 ./utilities/fsl_debug_console.o
 .text.DbgConsole_Printf
                0x00008578       0x2c ./utilities/fsl_debug_console.o
                0x00008578                DbgConsole_Printf
 .text.PrintGetWidth
                0x000085a4       0x6a ./utilities/fsl_str.o
 .text.PrintGetPrecision
                0x0000860e       0x8c ./utilities/fsl_str.o
 .text.PrintIsobpu
                0x0000869a       0x38 ./utilities/fsl_str.o
 .text.PrintIsdi
                0x000086d2       0x2c ./utilities/fsl_str.o
 .text.PrintOutputdifFobpu
                0x000086fe       0x44 ./utilities/fsl_str.o
 .text.PrintOutputxX
                0x00008742       0x44 ./utilities/fsl_str.o
 .text.PrintIsfF
                0x00008786       0x2c ./utilities/fsl_str.o
 .text.PrintIsxX
                0x000087b2       0x2c ./utilities/fsl_str.o
 .text.PrintFilterLengthFlag
                0x000087de       0x3e ./utilities/fsl_str.o
 .text.PrintGetRadixFromobpu
                0x0000881c       0x40 ./utilities/fsl_str.o
 .text.ConvertRadixNumToString
                0x0000885c       0xc2 ./utilities/fsl_str.o
 .text.StrFormatExaminedi
                0x0000891e       0x26 ./utilities/fsl_str.o
 .text.StrFormatExaminexX
                0x00008944       0x26 ./utilities/fsl_str.o
 .text.StrFormatExamineobpu
                0x0000896a       0x26 ./utilities/fsl_str.o
 .text.ConvertPrecisionWidthToLength
                0x00008990       0x20 ./utilities/fsl_str.o
 .text.StrFormatPrintf
                0x000089b0      0x2bc ./utilities/fsl_str.o
                0x000089b0                StrFormatPrintf
 .text.OR_IRQHandler
                0x00008c6c        0x8 ./startup/startup_mcxn947_cm33_core0.o
                0x00008c6c                OR_IRQHandler
 .text.EDMA_0_CH0_IRQHandler
                0x00008c74        0x8 ./startup/startup_mcxn947_cm33_core0.o
                0x00008c74                EDMA_0_CH0_IRQHandler
 .text.EDMA_0_CH1_IRQHandler
                0x00008c7c        0x8 ./startup/startup_mcxn947_cm33_core0.o
                0x00008c7c                EDMA_0_CH1_IRQHandler
 .text.EDMA_0_CH2_IRQHandler
                0x00008c84        0x8 ./startup/startup_mcxn947_cm33_core0.o
                0x00008c84                EDMA_0_CH2_IRQHandler
 .text.EDMA_0_CH3_IRQHandler
                0x00008c8c        0x8 ./startup/startup_mcxn947_cm33_core0.o
                0x00008c8c                EDMA_0_CH3_IRQHandler
 .text.EDMA_0_CH4_IRQHandler
                0x00008c94        0x8 ./startup/startup_mcxn947_cm33_core0.o
                0x00008c94                EDMA_0_CH4_IRQHandler
 .text.EDMA_0_CH5_IRQHandler
                0x00008c9c        0x8 ./startup/startup_mcxn947_cm33_core0.o
                0x00008c9c                EDMA_0_CH5_IRQHandler
 .text.EDMA_0_CH6_IRQHandler
                0x00008ca4        0x8 ./startup/startup_mcxn947_cm33_core0.o
                0x00008ca4                EDMA_0_CH6_IRQHandler
 .text.EDMA_0_CH7_IRQHandler
                0x00008cac        0x8 ./startup/startup_mcxn947_cm33_core0.o
                0x00008cac                EDMA_0_CH7_IRQHandler
 .text.EDMA_0_CH8_IRQHandler
                0x00008cb4        0x8 ./startup/startup_mcxn947_cm33_core0.o
                0x00008cb4                EDMA_0_CH8_IRQHandler
 .text.EDMA_0_CH9_IRQHandler
                0x00008cbc        0x8 ./startup/startup_mcxn947_cm33_core0.o
                0x00008cbc                EDMA_0_CH9_IRQHandler
 .text.EDMA_0_CH10_IRQHandler
                0x00008cc4        0x8 ./startup/startup_mcxn947_cm33_core0.o
                0x00008cc4                EDMA_0_CH10_IRQHandler
 .text.EDMA_0_CH11_IRQHandler
                0x00008ccc        0x8 ./startup/startup_mcxn947_cm33_core0.o
                0x00008ccc                EDMA_0_CH11_IRQHandler
 .text.EDMA_0_CH12_IRQHandler
                0x00008cd4        0x8 ./startup/startup_mcxn947_cm33_core0.o
                0x00008cd4                EDMA_0_CH12_IRQHandler
 .text.EDMA_0_CH13_IRQHandler
                0x00008cdc        0x8 ./startup/startup_mcxn947_cm33_core0.o
                0x00008cdc                EDMA_0_CH13_IRQHandler
 .text.EDMA_0_CH14_IRQHandler
                0x00008ce4        0x8 ./startup/startup_mcxn947_cm33_core0.o
                0x00008ce4                EDMA_0_CH14_IRQHandler
 .text.EDMA_0_CH15_IRQHandler
                0x00008cec        0x8 ./startup/startup_mcxn947_cm33_core0.o
                0x00008cec                EDMA_0_CH15_IRQHandler
 .text.GPIO01_IRQHandler
                0x00008cf4        0x8 ./startup/startup_mcxn947_cm33_core0.o
                0x00008cf4                GPIO01_IRQHandler
 .text.GPIO10_IRQHandler
                0x00008cfc        0x8 ./startup/startup_mcxn947_cm33_core0.o
                0x00008cfc                GPIO10_IRQHandler
 .text.GPIO11_IRQHandler
                0x00008d04        0x8 ./startup/startup_mcxn947_cm33_core0.o
                0x00008d04                GPIO11_IRQHandler
 .text.GPIO20_IRQHandler
                0x00008d0c        0x8 ./startup/startup_mcxn947_cm33_core0.o
                0x00008d0c                GPIO20_IRQHandler
 .text.GPIO21_IRQHandler
                0x00008d14        0x8 ./startup/startup_mcxn947_cm33_core0.o
                0x00008d14                GPIO21_IRQHandler
 .text.GPIO30_IRQHandler
                0x00008d1c        0x8 ./startup/startup_mcxn947_cm33_core0.o
                0x00008d1c                GPIO30_IRQHandler
 .text.GPIO31_IRQHandler
                0x00008d24        0x8 ./startup/startup_mcxn947_cm33_core0.o
                0x00008d24                GPIO31_IRQHandler
 .text.GPIO40_IRQHandler
                0x00008d2c        0x8 ./startup/startup_mcxn947_cm33_core0.o
                0x00008d2c                GPIO40_IRQHandler
 .text.GPIO41_IRQHandler
                0x00008d34        0x8 ./startup/startup_mcxn947_cm33_core0.o
                0x00008d34                GPIO41_IRQHandler
 .text.GPIO50_IRQHandler
                0x00008d3c        0x8 ./startup/startup_mcxn947_cm33_core0.o
                0x00008d3c                GPIO50_IRQHandler
 .text.GPIO51_IRQHandler
                0x00008d44        0x8 ./startup/startup_mcxn947_cm33_core0.o
                0x00008d44                GPIO51_IRQHandler
 .text.UTICK0_IRQHandler
                0x00008d4c        0x8 ./startup/startup_mcxn947_cm33_core0.o
                0x00008d4c                UTICK0_IRQHandler
 .text.MRT0_IRQHandler
                0x00008d54        0x8 ./startup/startup_mcxn947_cm33_core0.o
                0x00008d54                MRT0_IRQHandler
 .text.CTIMER0_IRQHandler
                0x00008d5c        0x8 ./startup/startup_mcxn947_cm33_core0.o
                0x00008d5c                CTIMER0_IRQHandler
 .text.CTIMER1_IRQHandler
                0x00008d64        0x8 ./startup/startup_mcxn947_cm33_core0.o
                0x00008d64                CTIMER1_IRQHandler
 .text.SCT0_IRQHandler
                0x00008d6c        0x8 ./startup/startup_mcxn947_cm33_core0.o
                0x00008d6c                SCT0_IRQHandler
 .text.CTIMER2_IRQHandler
                0x00008d74        0x8 ./startup/startup_mcxn947_cm33_core0.o
                0x00008d74                CTIMER2_IRQHandler
 .text.LP_FLEXCOMM0_IRQHandler
                0x00008d7c        0x8 ./startup/startup_mcxn947_cm33_core0.o
                0x00008d7c                LP_FLEXCOMM0_IRQHandler
 .text.LP_FLEXCOMM1_IRQHandler
                0x00008d84        0x8 ./startup/startup_mcxn947_cm33_core0.o
                0x00008d84                LP_FLEXCOMM1_IRQHandler
 .text.LP_FLEXCOMM2_IRQHandler
                0x00008d8c        0x8 ./startup/startup_mcxn947_cm33_core0.o
                0x00008d8c                LP_FLEXCOMM2_IRQHandler
 .text.LP_FLEXCOMM3_IRQHandler
                0x00008d94        0x8 ./startup/startup_mcxn947_cm33_core0.o
                0x00008d94                LP_FLEXCOMM3_IRQHandler
 .text.LP_FLEXCOMM5_IRQHandler
                0x00008d9c        0x8 ./startup/startup_mcxn947_cm33_core0.o
                0x00008d9c                LP_FLEXCOMM5_IRQHandler
 .text.LP_FLEXCOMM6_IRQHandler
                0x00008da4        0x8 ./startup/startup_mcxn947_cm33_core0.o
                0x00008da4                LP_FLEXCOMM6_IRQHandler
 .text.LP_FLEXCOMM7_IRQHandler
                0x00008dac        0x8 ./startup/startup_mcxn947_cm33_core0.o
                0x00008dac                LP_FLEXCOMM7_IRQHandler
 .text.LP_FLEXCOMM8_IRQHandler
                0x00008db4        0x8 ./startup/startup_mcxn947_cm33_core0.o
                0x00008db4                LP_FLEXCOMM8_IRQHandler
 .text.LP_FLEXCOMM9_IRQHandler
                0x00008dbc        0x8 ./startup/startup_mcxn947_cm33_core0.o
                0x00008dbc                LP_FLEXCOMM9_IRQHandler
 .text.ADC0_IRQHandler
                0x00008dc4        0x8 ./startup/startup_mcxn947_cm33_core0.o
                0x00008dc4                ADC0_IRQHandler
 .text.ADC1_IRQHandler
                0x00008dcc        0x8 ./startup/startup_mcxn947_cm33_core0.o
                0x00008dcc                ADC1_IRQHandler
 .text.PINT0_IRQHandler
                0x00008dd4        0x8 ./startup/startup_mcxn947_cm33_core0.o
                0x00008dd4                PINT0_IRQHandler
 .text.PDM_EVENT_IRQHandler
                0x00008ddc        0x8 ./startup/startup_mcxn947_cm33_core0.o
                0x00008ddc                PDM_EVENT_IRQHandler
 .text.Reserved65_IRQHandler
                0x00008de4        0x8 ./startup/startup_mcxn947_cm33_core0.o
                0x00008de4                Reserved65_IRQHandler
 .text.USB0_FS_IRQHandler
                0x00008dec        0x8 ./startup/startup_mcxn947_cm33_core0.o
                0x00008dec                USB0_FS_IRQHandler
 .text.USB0_DCD_IRQHandler
                0x00008df4        0x8 ./startup/startup_mcxn947_cm33_core0.o
                0x00008df4                USB0_DCD_IRQHandler
 .text.RTC_IRQHandler
                0x00008dfc        0x8 ./startup/startup_mcxn947_cm33_core0.o
                0x00008dfc                RTC_IRQHandler
 .text.SMARTDMA_IRQHandler
                0x00008e04        0x8 ./startup/startup_mcxn947_cm33_core0.o
                0x00008e04                SMARTDMA_IRQHandler
 .text.MAILBOX_IRQHandler
                0x00008e0c        0x8 ./startup/startup_mcxn947_cm33_core0.o
                0x00008e0c                MAILBOX_IRQHandler
 .text.CTIMER3_IRQHandler
                0x00008e14        0x8 ./startup/startup_mcxn947_cm33_core0.o
                0x00008e14                CTIMER3_IRQHandler
 .text.CTIMER4_IRQHandler
                0x00008e1c        0x8 ./startup/startup_mcxn947_cm33_core0.o
                0x00008e1c                CTIMER4_IRQHandler
 .text.OS_EVENT_IRQHandler
                0x00008e24        0x8 ./startup/startup_mcxn947_cm33_core0.o
                0x00008e24                OS_EVENT_IRQHandler
 .text.FLEXSPI0_IRQHandler
                0x00008e2c        0x8 ./startup/startup_mcxn947_cm33_core0.o
                0x00008e2c                FLEXSPI0_IRQHandler
 .text.SAI0_IRQHandler
                0x00008e34        0x8 ./startup/startup_mcxn947_cm33_core0.o
                0x00008e34                SAI0_IRQHandler
 .text.SAI1_IRQHandler
                0x00008e3c        0x8 ./startup/startup_mcxn947_cm33_core0.o
                0x00008e3c                SAI1_IRQHandler
 .text.USDHC0_IRQHandler
                0x00008e44        0x8 ./startup/startup_mcxn947_cm33_core0.o
                0x00008e44                USDHC0_IRQHandler
 .text.CAN0_IRQHandler
                0x00008e4c        0x8 ./startup/startup_mcxn947_cm33_core0.o
                0x00008e4c                CAN0_IRQHandler
 .text.CAN1_IRQHandler
                0x00008e54        0x8 ./startup/startup_mcxn947_cm33_core0.o
                0x00008e54                CAN1_IRQHandler
 .text.Reserved80_IRQHandler
                0x00008e5c        0x8 ./startup/startup_mcxn947_cm33_core0.o
                0x00008e5c                Reserved80_IRQHandler
 .text.Reserved81_IRQHandler
                0x00008e64        0x8 ./startup/startup_mcxn947_cm33_core0.o
                0x00008e64                Reserved81_IRQHandler
 .text.USB1_HS_PHY_IRQHandler
                0x00008e6c        0x8 ./startup/startup_mcxn947_cm33_core0.o
                0x00008e6c                USB1_HS_PHY_IRQHandler
 .text.USB1_HS_IRQHandler
                0x00008e74        0x8 ./startup/startup_mcxn947_cm33_core0.o
                0x00008e74                USB1_HS_IRQHandler
 .text.SEC_HYPERVISOR_CALL_IRQHandler
                0x00008e7c        0x8 ./startup/startup_mcxn947_cm33_core0.o
                0x00008e7c                SEC_HYPERVISOR_CALL_IRQHandler
 .text.Reserved85_IRQHandler
                0x00008e84        0x8 ./startup/startup_mcxn947_cm33_core0.o
                0x00008e84                Reserved85_IRQHandler
 .text.PLU_IRQHandler
                0x00008e8c        0x8 ./startup/startup_mcxn947_cm33_core0.o
                0x00008e8c                PLU_IRQHandler
 .text.Freqme_IRQHandler
                0x00008e94        0x8 ./startup/startup_mcxn947_cm33_core0.o
                0x00008e94                Freqme_IRQHandler
 .text.SEC_VIO_IRQHandler
                0x00008e9c        0x8 ./startup/startup_mcxn947_cm33_core0.o
                0x00008e9c                SEC_VIO_IRQHandler
 .text.ELS_IRQHandler
                0x00008ea4        0x8 ./startup/startup_mcxn947_cm33_core0.o
                0x00008ea4                ELS_IRQHandler
 .text.PKC_IRQHandler
                0x00008eac        0x8 ./startup/startup_mcxn947_cm33_core0.o
                0x00008eac                PKC_IRQHandler
 .text.PUF_IRQHandler
                0x00008eb4        0x8 ./startup/startup_mcxn947_cm33_core0.o
                0x00008eb4                PUF_IRQHandler
 .text.PQ_IRQHandler
                0x00008ebc        0x8 ./startup/startup_mcxn947_cm33_core0.o
                0x00008ebc                PQ_IRQHandler
 .text.EDMA_1_CH0_IRQHandler
                0x00008ec4        0x8 ./startup/startup_mcxn947_cm33_core0.o
                0x00008ec4                EDMA_1_CH0_IRQHandler
 .text.EDMA_1_CH1_IRQHandler
                0x00008ecc        0x8 ./startup/startup_mcxn947_cm33_core0.o
                0x00008ecc                EDMA_1_CH1_IRQHandler
 .text.EDMA_1_CH2_IRQHandler
                0x00008ed4        0x8 ./startup/startup_mcxn947_cm33_core0.o
                0x00008ed4                EDMA_1_CH2_IRQHandler
 .text.EDMA_1_CH3_IRQHandler
                0x00008edc        0x8 ./startup/startup_mcxn947_cm33_core0.o
                0x00008edc                EDMA_1_CH3_IRQHandler
 .text.EDMA_1_CH4_IRQHandler
                0x00008ee4        0x8 ./startup/startup_mcxn947_cm33_core0.o
                0x00008ee4                EDMA_1_CH4_IRQHandler
 .text.EDMA_1_CH5_IRQHandler
                0x00008eec        0x8 ./startup/startup_mcxn947_cm33_core0.o
                0x00008eec                EDMA_1_CH5_IRQHandler
 .text.EDMA_1_CH6_IRQHandler
                0x00008ef4        0x8 ./startup/startup_mcxn947_cm33_core0.o
                0x00008ef4                EDMA_1_CH6_IRQHandler
 .text.EDMA_1_CH7_IRQHandler
                0x00008efc        0x8 ./startup/startup_mcxn947_cm33_core0.o
                0x00008efc                EDMA_1_CH7_IRQHandler
 .text.EDMA_1_CH8_IRQHandler
                0x00008f04        0x8 ./startup/startup_mcxn947_cm33_core0.o
                0x00008f04                EDMA_1_CH8_IRQHandler
 .text.EDMA_1_CH9_IRQHandler
                0x00008f0c        0x8 ./startup/startup_mcxn947_cm33_core0.o
                0x00008f0c                EDMA_1_CH9_IRQHandler
 .text.EDMA_1_CH10_IRQHandler
                0x00008f14        0x8 ./startup/startup_mcxn947_cm33_core0.o
                0x00008f14                EDMA_1_CH10_IRQHandler
 .text.EDMA_1_CH11_IRQHandler
                0x00008f1c        0x8 ./startup/startup_mcxn947_cm33_core0.o
                0x00008f1c                EDMA_1_CH11_IRQHandler
 .text.EDMA_1_CH12_IRQHandler
                0x00008f24        0x8 ./startup/startup_mcxn947_cm33_core0.o
                0x00008f24                EDMA_1_CH12_IRQHandler
 .text.EDMA_1_CH13_IRQHandler
                0x00008f2c        0x8 ./startup/startup_mcxn947_cm33_core0.o
                0x00008f2c                EDMA_1_CH13_IRQHandler
 .text.EDMA_1_CH14_IRQHandler
                0x00008f34        0x8 ./startup/startup_mcxn947_cm33_core0.o
                0x00008f34                EDMA_1_CH14_IRQHandler
 .text.EDMA_1_CH15_IRQHandler
                0x00008f3c        0x8 ./startup/startup_mcxn947_cm33_core0.o
                0x00008f3c                EDMA_1_CH15_IRQHandler
 .text.CDOG0_IRQHandler
                0x00008f44        0x8 ./startup/startup_mcxn947_cm33_core0.o
                0x00008f44                CDOG0_IRQHandler
 .text.CDOG1_IRQHandler
                0x00008f4c        0x8 ./startup/startup_mcxn947_cm33_core0.o
                0x00008f4c                CDOG1_IRQHandler
 .text.I3C0_IRQHandler
                0x00008f54        0x8 ./startup/startup_mcxn947_cm33_core0.o
                0x00008f54                I3C0_IRQHandler
 .text.I3C1_IRQHandler
                0x00008f5c        0x8 ./startup/startup_mcxn947_cm33_core0.o
                0x00008f5c                I3C1_IRQHandler
 .text.NPU_IRQHandler
                0x00008f64        0x8 ./startup/startup_mcxn947_cm33_core0.o
                0x00008f64                NPU_IRQHandler
 .text.GDET_IRQHandler
                0x00008f6c        0x8 ./startup/startup_mcxn947_cm33_core0.o
                0x00008f6c                GDET_IRQHandler
 .text.VBAT0_IRQHandler
                0x00008f74        0x8 ./startup/startup_mcxn947_cm33_core0.o
                0x00008f74                VBAT0_IRQHandler
 .text.EWM0_IRQHandler
                0x00008f7c        0x8 ./startup/startup_mcxn947_cm33_core0.o
                0x00008f7c                EWM0_IRQHandler
 .text.TSI_END_OF_SCAN_IRQHandler
                0x00008f84        0x8 ./startup/startup_mcxn947_cm33_core0.o
                0x00008f84                TSI_END_OF_SCAN_IRQHandler
 .text.TSI_OUT_OF_SCAN_IRQHandler
                0x00008f8c        0x8 ./startup/startup_mcxn947_cm33_core0.o
                0x00008f8c                TSI_OUT_OF_SCAN_IRQHandler
 .text.EMVSIM0_IRQHandler
                0x00008f94        0x8 ./startup/startup_mcxn947_cm33_core0.o
                0x00008f94                EMVSIM0_IRQHandler
 .text.EMVSIM1_IRQHandler
                0x00008f9c        0x8 ./startup/startup_mcxn947_cm33_core0.o
                0x00008f9c                EMVSIM1_IRQHandler
 .text.FLEXIO_IRQHandler
                0x00008fa4        0x8 ./startup/startup_mcxn947_cm33_core0.o
                0x00008fa4                FLEXIO_IRQHandler
 .text.DAC0_IRQHandler
                0x00008fac        0x8 ./startup/startup_mcxn947_cm33_core0.o
                0x00008fac                DAC0_IRQHandler
 .text.DAC1_IRQHandler
                0x00008fb4        0x8 ./startup/startup_mcxn947_cm33_core0.o
                0x00008fb4                DAC1_IRQHandler
 .text.DAC2_IRQHandler
                0x00008fbc        0x8 ./startup/startup_mcxn947_cm33_core0.o
                0x00008fbc                DAC2_IRQHandler
 .text.HSCMP0_IRQHandler
                0x00008fc4        0x8 ./startup/startup_mcxn947_cm33_core0.o
                0x00008fc4                HSCMP0_IRQHandler
 .text.HSCMP1_IRQHandler
                0x00008fcc        0x8 ./startup/startup_mcxn947_cm33_core0.o
                0x00008fcc                HSCMP1_IRQHandler
 .text.HSCMP2_IRQHandler
                0x00008fd4        0x8 ./startup/startup_mcxn947_cm33_core0.o
                0x00008fd4                HSCMP2_IRQHandler
 .text.FLEXPWM0_RELOAD_ERROR_IRQHandler
                0x00008fdc        0x8 ./startup/startup_mcxn947_cm33_core0.o
                0x00008fdc                FLEXPWM0_RELOAD_ERROR_IRQHandler
 .text.FLEXPWM0_FAULT_IRQHandler
                0x00008fe4        0x8 ./startup/startup_mcxn947_cm33_core0.o
                0x00008fe4                FLEXPWM0_FAULT_IRQHandler
 .text.FLEXPWM0_SUBMODULE0_IRQHandler
                0x00008fec        0x8 ./startup/startup_mcxn947_cm33_core0.o
                0x00008fec                FLEXPWM0_SUBMODULE0_IRQHandler
 .text.FLEXPWM0_SUBMODULE1_IRQHandler
                0x00008ff4        0x8 ./startup/startup_mcxn947_cm33_core0.o
                0x00008ff4                FLEXPWM0_SUBMODULE1_IRQHandler
 .text.FLEXPWM0_SUBMODULE2_IRQHandler
                0x00008ffc        0x8 ./startup/startup_mcxn947_cm33_core0.o
                0x00008ffc                FLEXPWM0_SUBMODULE2_IRQHandler
 .text.FLEXPWM0_SUBMODULE3_IRQHandler
                0x00009004        0x8 ./startup/startup_mcxn947_cm33_core0.o
                0x00009004                FLEXPWM0_SUBMODULE3_IRQHandler
 .text.FLEXPWM1_RELOAD_ERROR_IRQHandler
                0x0000900c        0x8 ./startup/startup_mcxn947_cm33_core0.o
                0x0000900c                FLEXPWM1_RELOAD_ERROR_IRQHandler
 .text.FLEXPWM1_FAULT_IRQHandler
                0x00009014        0x8 ./startup/startup_mcxn947_cm33_core0.o
                0x00009014                FLEXPWM1_FAULT_IRQHandler
 .text.FLEXPWM1_SUBMODULE0_IRQHandler
                0x0000901c        0x8 ./startup/startup_mcxn947_cm33_core0.o
                0x0000901c                FLEXPWM1_SUBMODULE0_IRQHandler
 .text.FLEXPWM1_SUBMODULE1_IRQHandler
                0x00009024        0x8 ./startup/startup_mcxn947_cm33_core0.o
                0x00009024                FLEXPWM1_SUBMODULE1_IRQHandler
 .text.FLEXPWM1_SUBMODULE2_IRQHandler
                0x0000902c        0x8 ./startup/startup_mcxn947_cm33_core0.o
                0x0000902c                FLEXPWM1_SUBMODULE2_IRQHandler
 .text.FLEXPWM1_SUBMODULE3_IRQHandler
                0x00009034        0x8 ./startup/startup_mcxn947_cm33_core0.o
                0x00009034                FLEXPWM1_SUBMODULE3_IRQHandler
 .text.QDC0_COMPARE_IRQHandler
                0x0000903c        0x8 ./startup/startup_mcxn947_cm33_core0.o
                0x0000903c                QDC0_COMPARE_IRQHandler
 .text.QDC0_HOME_IRQHandler
                0x00009044        0x8 ./startup/startup_mcxn947_cm33_core0.o
                0x00009044                QDC0_HOME_IRQHandler
 .text.QDC0_WDG_SAB_IRQHandler
                0x0000904c        0x8 ./startup/startup_mcxn947_cm33_core0.o
                0x0000904c                QDC0_WDG_SAB_IRQHandler
 .text.QDC0_IDX_IRQHandler
                0x00009054        0x8 ./startup/startup_mcxn947_cm33_core0.o
                0x00009054                QDC0_IDX_IRQHandler
 .text.QDC1_COMPARE_IRQHandler
                0x0000905c        0x8 ./startup/startup_mcxn947_cm33_core0.o
                0x0000905c                QDC1_COMPARE_IRQHandler
 .text.QDC1_HOME_IRQHandler
                0x00009064        0x8 ./startup/startup_mcxn947_cm33_core0.o
                0x00009064                QDC1_HOME_IRQHandler
 .text.QDC1_WDG_SAB_IRQHandler
                0x0000906c        0x8 ./startup/startup_mcxn947_cm33_core0.o
                0x0000906c                QDC1_WDG_SAB_IRQHandler
 .text.QDC1_IDX_IRQHandler
                0x00009074        0x8 ./startup/startup_mcxn947_cm33_core0.o
                0x00009074                QDC1_IDX_IRQHandler
 .text.ITRC0_IRQHandler
                0x0000907c        0x8 ./startup/startup_mcxn947_cm33_core0.o
                0x0000907c                ITRC0_IRQHandler
 .text.BSP32_IRQHandler
                0x00009084        0x8 ./startup/startup_mcxn947_cm33_core0.o
                0x00009084                BSP32_IRQHandler
 .text.ELS_ERR_IRQHandler
                0x0000908c        0x8 ./startup/startup_mcxn947_cm33_core0.o
                0x0000908c                ELS_ERR_IRQHandler
 .text.PKC_ERR_IRQHandler
                0x00009094        0x8 ./startup/startup_mcxn947_cm33_core0.o
                0x00009094                PKC_ERR_IRQHandler
 .text.ERM_SINGLE_BIT_ERROR_IRQHandler
                0x0000909c        0x8 ./startup/startup_mcxn947_cm33_core0.o
                0x0000909c                ERM_SINGLE_BIT_ERROR_IRQHandler
 .text.ERM_MULTI_BIT_ERROR_IRQHandler
                0x000090a4        0x8 ./startup/startup_mcxn947_cm33_core0.o
                0x000090a4                ERM_MULTI_BIT_ERROR_IRQHandler
 .text.FMU0_IRQHandler
                0x000090ac        0x8 ./startup/startup_mcxn947_cm33_core0.o
                0x000090ac                FMU0_IRQHandler
 .text.ETHERNET_IRQHandler
                0x000090b4        0x8 ./startup/startup_mcxn947_cm33_core0.o
                0x000090b4                ETHERNET_IRQHandler
 .text.ETHERNET_PMT_IRQHandler
                0x000090bc        0x8 ./startup/startup_mcxn947_cm33_core0.o
                0x000090bc                ETHERNET_PMT_IRQHandler
 .text.ETHERNET_MACLP_IRQHandler
                0x000090c4        0x8 ./startup/startup_mcxn947_cm33_core0.o
                0x000090c4                ETHERNET_MACLP_IRQHandler
 .text.SINC_FILTER_IRQHandler
                0x000090cc        0x8 ./startup/startup_mcxn947_cm33_core0.o
                0x000090cc                SINC_FILTER_IRQHandler
 .text.LPTMR0_IRQHandler
                0x000090d4        0x8 ./startup/startup_mcxn947_cm33_core0.o
                0x000090d4                LPTMR0_IRQHandler
 .text.LPTMR1_IRQHandler
                0x000090dc        0x8 ./startup/startup_mcxn947_cm33_core0.o
                0x000090dc                LPTMR1_IRQHandler
 .text.SCG_IRQHandler
                0x000090e4        0x8 ./startup/startup_mcxn947_cm33_core0.o
                0x000090e4                SCG_IRQHandler
 .text.SPC_IRQHandler
                0x000090ec        0x8 ./startup/startup_mcxn947_cm33_core0.o
                0x000090ec                SPC_IRQHandler
 .text.WUU_IRQHandler
                0x000090f4        0x8 ./startup/startup_mcxn947_cm33_core0.o
                0x000090f4                WUU_IRQHandler
 .text.PORT_EFT_IRQHandler
                0x000090fc        0x8 ./startup/startup_mcxn947_cm33_core0.o
                0x000090fc                PORT_EFT_IRQHandler
 .text.ETB0_IRQHandler
                0x00009104        0x8 ./startup/startup_mcxn947_cm33_core0.o
                0x00009104                ETB0_IRQHandler
 .text.Reserved166_IRQHandler
                0x0000910c        0x8 ./startup/startup_mcxn947_cm33_core0.o
                0x0000910c                Reserved166_IRQHandler
 .text.Reserved167_IRQHandler
                0x00009114        0x8 ./startup/startup_mcxn947_cm33_core0.o
                0x00009114                Reserved167_IRQHandler
 .text.WWDT0_IRQHandler
                0x0000911c        0x8 ./startup/startup_mcxn947_cm33_core0.o
                0x0000911c                WWDT0_IRQHandler
 .text.WWDT1_IRQHandler
                0x00009124        0x8 ./startup/startup_mcxn947_cm33_core0.o
                0x00009124                WWDT1_IRQHandler
 .text.CMC0_IRQHandler
                0x0000912c        0x8 ./startup/startup_mcxn947_cm33_core0.o
                0x0000912c                CMC0_IRQHandler
 .text.CTI0_IRQHandler
                0x00009134        0x8 ./startup/startup_mcxn947_cm33_core0.o
                0x00009134                CTI0_IRQHandler
 .text.GPIO_PortSet
                0x0000913c       0x1c ./source/command.o
 .text.GPIO_PortClear
                0x00009158       0x1c ./source/command.o
 .text.GPIO_PinRead
                0x00009174       0x24 ./source/command.o
 .text.DAC_SetData
                0x00009198       0x20 ./source/command.o
 .text.GPIO_PortSet
                0x000091b8       0x1c ./source/lcd.o
 .text.GPIO_PortClear
                0x000091d4       0x1c ./source/lcd.o
 .text.delay    0x000091f0       0x3e ./source/lcd.o
                0x000091f0                delay
 .text.lcd_address
                0x0000922e       0x4c ./source/lcd.o
                0x0000922e                lcd_address
 .text.display_graphic_8x16
                0x0000927a       0x60 ./source/lcd.o
                0x0000927a                display_graphic_8x16
 .text.clear_screen
                0x000092da       0x52 ./source/lcd.o
                0x000092da                clear_screen
 .text.FontDisplay
                0x0000932c       0x48 ./source/lcd.o
                0x0000932c                FontDisplay
 .text.CLOCK_EnableClock
                0x00009374       0x8c ./source/main.o
 .text.EnableIRQ
                0x00009400       0x32 ./source/main.o
 .text.DisableGlobalIRQ
                0x00009432       0x22 ./source/main.o
 .text.EnableGlobalIRQ
                0x00009454       0x20 ./source/main.o
 .text.GPIO_PortToggle
                0x00009474       0x1c ./source/main.o
 .text.LPUART_ReadByte
                0x00009490       0x6e ./source/main.o
 .text.SPC_EnableActiveModeAnalogModules
                0x000094fe       0x26 ./source/main.o
 .text.DAC_Enable
                0x00009524       0x38 ./source/main.o
 .text.FLEXCAN_EnableInterrupts
                0x0000955c       0x9c ./source/main.o
 .text.vApplicationStackOverflowHook
                0x000095f8        0xc ./source/main.o
                0x000095f8                vApplicationStackOverflowHook
 .text.vApplicationIdleHook
                0x00009604       0x18 ./source/main.o
                0x00009604                vApplicationIdleHook
 .text.prvDisplayTask
                0x0000961c       0x3e ./source/main.o
 .text.prvSensorTask
                0x0000965a        0xe ./source/main.o
 .text.vTaskCANTx
                0x00009668       0x3a ./source/main.o
 .text.PWM_Configure
                0x000096a2        0xe ./source/main.o
 .text.HardFault_Handler
                0x000096b0       0x36 ./source/semihost_hardfault.o
                0x000096b0                HardFault_Handler
 .text.LPADC_DoSoftwareTrigger
                0x000096e6       0x1c ./source/sensor.o
 .text.vPortSVCHandler_C
                0x00009702       0x34 ./freertos/freertos-kernel/portable/GCC/ARM_CM33_NTZ/non_secure/port.o
                0x00009702                vPortSVCHandler_C
 .text.ulSetInterruptMask
                0x00009736       0x1a ./freertos/freertos-kernel/portable/GCC/ARM_CM33_NTZ/non_secure/portasm.o
                0x00009736                ulSetInterruptMask
 .text.vClearInterruptMask
                0x00009750       0x10 ./freertos/freertos-kernel/portable/GCC/ARM_CM33_NTZ/non_secure/portasm.o
                0x00009750                vClearInterruptMask
 .text.vListInitialise
                0x00009760       0x40 ./freertos/freertos-kernel/list.o
                0x00009760                vListInitialise
 .text.vListInitialiseItem
                0x000097a0       0x1a ./freertos/freertos-kernel/list.o
                0x000097a0                vListInitialiseItem
 .text.vListInsert
                0x000097ba       0x72 ./freertos/freertos-kernel/list.o
                0x000097ba                vListInsert
 .text.uxListRemove
                0x0000982c       0x54 ./freertos/freertos-kernel/list.o
                0x0000982c                uxListRemove
 .text.xQueueGenericReset
                0x00009880       0xee ./freertos/freertos-kernel/queue.o
                0x00009880                xQueueGenericReset
 .text.xQueueGenericCreate
                0x0000996e       0x8c ./freertos/freertos-kernel/queue.o
                0x0000996e                xQueueGenericCreate
 .text.prvInitialiseNewQueue
                0x000099fa       0x46 ./freertos/freertos-kernel/queue.o
 .text.xQueueGenericSend
                0x00009a40      0x192 ./freertos/freertos-kernel/queue.o
                0x00009a40                xQueueGenericSend
 .text.xQueueGenericSendFromISR
                0x00009bd2      0x104 ./freertos/freertos-kernel/queue.o
                0x00009bd2                xQueueGenericSendFromISR
 .text.xQueueGiveFromISR
                0x00009cd6       0xe8 ./freertos/freertos-kernel/queue.o
                0x00009cd6                xQueueGiveFromISR
 .text.xQueueReceive
                0x00009dbe      0x172 ./freertos/freertos-kernel/queue.o
                0x00009dbe                xQueueReceive
 .text.xQueueSemaphoreTake
                0x00009f30      0x1ae ./freertos/freertos-kernel/queue.o
                0x00009f30                xQueueSemaphoreTake
 .text.prvGetDisinheritPriorityAfterTimeout
                0x0000a0de       0x30 ./freertos/freertos-kernel/queue.o
 .text.prvCopyDataToQueue
                0x0000a10e       0xd4 ./freertos/freertos-kernel/queue.o
 .text.prvCopyDataFromQueue
                0x0000a1e2       0x4c ./freertos/freertos-kernel/queue.o
 .text.prvUnlockQueue
                0x0000a22e       0xa4 ./freertos/freertos-kernel/queue.o
 .text.prvIsQueueEmpty
                0x0000a2d2       0x2c ./freertos/freertos-kernel/queue.o
 .text.prvIsQueueFull
                0x0000a2fe       0x30 ./freertos/freertos-kernel/queue.o
 .text.vQueueWaitForMessageRestricted
                0x0000a32e       0x68 ./freertos/freertos-kernel/queue.o
                0x0000a32e                vQueueWaitForMessageRestricted
 .text.prvCreateTask
                0x0000a396       0x7a ./freertos/freertos-kernel/tasks.o
 .text.xTaskCreate
                0x0000a410       0x48 ./freertos/freertos-kernel/tasks.o
                0x0000a410                xTaskCreate
 .text.prvInitialiseNewTask
                0x0000a458      0x106 ./freertos/freertos-kernel/tasks.o
 .text.prvDeleteTCB
                0x0000a55e       0x20 ./freertos/freertos-kernel/tasks.o
 .text.xTimerCreate
                0x0000a57e       0x42 ./freertos/freertos-kernel/timers.o
                0x0000a57e                xTimerCreate
 .text.prvInitialiseNewTimer
                0x0000a5c0       0x60 ./freertos/freertos-kernel/timers.o
 .text.prvReloadTimer
                0x0000a620       0x42 ./freertos/freertos-kernel/timers.o
 .text.prvTimerTask
                0x0000a662       0x24 ./freertos/freertos-kernel/timers.o
 .text.CLOCK_GetPll0OutFreq
                0x0000a686       0x82 ./drivers/fsl_clock.o
                0x0000a686                CLOCK_GetPll0OutFreq
 .text.CLOCK_GetPll1OutFreq
                0x0000a708       0x82 ./drivers/fsl_clock.o
                0x0000a708                CLOCK_GetPll1OutFreq
 .text.CLOCK_GetPllClkDivFreq
                0x0000a78a       0x5e ./drivers/fsl_clock.o
                0x0000a78a                CLOCK_GetPllClkDivFreq
 .text.DelayLoop
                0x0000a7e8       0x20 ./drivers/fsl_common_arm.o
 .text.CTIMER_GetStatusFlags
                0x0000a808       0x18 ./drivers/fsl_ctimer.o
 .text.CTIMER_ClearStatusFlags
                0x0000a820       0x1c ./drivers/fsl_ctimer.o
 .text.CTIMER0_DriverIRQHandler
                0x0000a83c        0xe ./drivers/fsl_ctimer.o
                0x0000a83c                CTIMER0_DriverIRQHandler
 .text.CTIMER1_DriverIRQHandler
                0x0000a84a        0xe ./drivers/fsl_ctimer.o
                0x0000a84a                CTIMER1_DriverIRQHandler
 .text.CTIMER2_DriverIRQHandler
                0x0000a858        0xe ./drivers/fsl_ctimer.o
                0x0000a858                CTIMER2_DriverIRQHandler
 .text.CTIMER3_DriverIRQHandler
                0x0000a866        0xe ./drivers/fsl_ctimer.o
                0x0000a866                CTIMER3_DriverIRQHandler
 .text.CTIMER4_DriverIRQHandler
                0x0000a874        0xe ./drivers/fsl_ctimer.o
                0x0000a874                CTIMER4_DriverIRQHandler
 .text.CLOCK_EnableClock
                0x0000a882       0x8c ./drivers/fsl_dac.o
 .text.DAC_SetReset
                0x0000a90e       0x22 ./drivers/fsl_dac.o
 .text.DAC_ClearReset
                0x0000a930       0x24 ./drivers/fsl_dac.o
 .text.CLOCK_EnableClock
                0x0000a954       0x8c ./drivers/fsl_flexcan.o
 .text.DisableGlobalIRQ
                0x0000a9e0       0x22 ./drivers/fsl_flexcan.o
 .text.EnableGlobalIRQ
                0x0000aa02       0x20 ./drivers/fsl_flexcan.o
 .text.FLEXCAN_EnableMbInterrupts
                0x0000aa22       0x2a ./drivers/fsl_flexcan.o
 .text.FLEXCAN_Enable
                0x0000aa4c       0x54 ./drivers/fsl_flexcan.o
 .text.flexcan_memset
                0x0000aaa0       0x3a ./drivers/fsl_flexcan.o
 .text.FLEXCAN_EnterFreezeMode
                0x0000aada       0x3c ./drivers/fsl_flexcan.o
                0x0000aada                FLEXCAN_EnterFreezeMode
 .text.FLEXCAN_ExitFreezeMode
                0x0000ab16       0x3c ./drivers/fsl_flexcan.o
                0x0000ab16                FLEXCAN_ExitFreezeMode
 .text.FLEXCAN_IsMbOccupied
                0x0000ab52       0x52 ./drivers/fsl_flexcan.o
 .text.FLEXCAN_SetRxMbGlobalMask
                0x0000aba4       0x30 ./drivers/fsl_flexcan.o
                0x0000aba4                FLEXCAN_SetRxMbGlobalMask
 .text.FLEXIO_DriverIRQHandler
                0x0000abd4        0xc ./drivers/fsl_flexio.o
                0x0000abd4                FLEXIO_DriverIRQHandler
 .text.GPIO_PinWrite
                0x0000abe0       0x36 ./drivers/fsl_gpio.o
 .text.GPIO_GpioClearInterruptFlags
                0x0000ac16       0x1e ./drivers/fsl_gpio.o
                0x0000ac16                GPIO_GpioClearInterruptFlags
 .text.CLOCK_EnableClock
                0x0000ac34       0x8c ./drivers/fsl_lpadc.o
 .text.RESET_ReleasePeripheralReset
                0x0000acc0       0x16 ./drivers/fsl_lpadc.o
 .text.LPADC_Enable
                0x0000acd6       0x38 ./drivers/fsl_lpadc.o
 .text.LPADC_DoResetFIFO0
                0x0000ad0e       0x20 ./drivers/fsl_lpadc.o
 .text.LPADC_DoResetFIFO1
                0x0000ad2e       0x20 ./drivers/fsl_lpadc.o
 .text.LPADC_DoResetConfig
                0x0000ad4e       0x2c ./drivers/fsl_lpadc.o
 .text.LPADC_GetConvResultCount
                0x0000ad7a       0x26 ./drivers/fsl_lpadc.o
 .text.LPADC_EnableOffsetCalibration
                0x0000ada0       0x38 ./drivers/fsl_lpadc.o
 .text.LPADC_GetDefaultConfig
                0x0000add8       0x5c ./drivers/fsl_lpadc.o
                0x0000add8                LPADC_GetDefaultConfig
 .text.LPADC_DoOffsetCalibration
                0x0000ae34       0x2a ./drivers/fsl_lpadc.o
                0x0000ae34                LPADC_DoOffsetCalibration
 .text.LPADC_DoAutoCalibration
                0x0000ae5e       0x1c ./drivers/fsl_lpadc.o
                0x0000ae5e                LPADC_DoAutoCalibration
 .text.LPADC_FinishAutoCalibration
                0x0000ae7a      0x104 ./drivers/fsl_lpadc.o
                0x0000ae7a                LPADC_FinishAutoCalibration
 .text.CLOCK_EnableClock
                0x0000af7e       0x8c ./drivers/fsl_lpflexcomm.o
 .text.LP_FLEXCOMM_PeripheralIsPresent
                0x0000b00a       0x52 ./drivers/fsl_lpflexcomm.o
 .text.LP_FLEXCOMM0_DriverIRQHandler
                0x0000b05c        0xe ./drivers/fsl_lpflexcomm.o
                0x0000b05c                LP_FLEXCOMM0_DriverIRQHandler
 .text.LP_FLEXCOMM1_DriverIRQHandler
                0x0000b06a        0xe ./drivers/fsl_lpflexcomm.o
                0x0000b06a                LP_FLEXCOMM1_DriverIRQHandler
 .text.LP_FLEXCOMM2_DriverIRQHandler
                0x0000b078        0xe ./drivers/fsl_lpflexcomm.o
                0x0000b078                LP_FLEXCOMM2_DriverIRQHandler
 .text.LP_FLEXCOMM3_DriverIRQHandler
                0x0000b086        0xe ./drivers/fsl_lpflexcomm.o
                0x0000b086                LP_FLEXCOMM3_DriverIRQHandler
 .text.LP_FLEXCOMM5_DriverIRQHandler
                0x0000b094        0xe ./drivers/fsl_lpflexcomm.o
                0x0000b094                LP_FLEXCOMM5_DriverIRQHandler
 .text.LP_FLEXCOMM6_DriverIRQHandler
                0x0000b0a2        0xe ./drivers/fsl_lpflexcomm.o
                0x0000b0a2                LP_FLEXCOMM6_DriverIRQHandler
 .text.LP_FLEXCOMM7_DriverIRQHandler
                0x0000b0b0        0xe ./drivers/fsl_lpflexcomm.o
                0x0000b0b0                LP_FLEXCOMM7_DriverIRQHandler
 .text.LP_FLEXCOMM8_DriverIRQHandler
                0x0000b0be        0xe ./drivers/fsl_lpflexcomm.o
                0x0000b0be                LP_FLEXCOMM8_DriverIRQHandler
 .text.LP_FLEXCOMM9_DriverIRQHandler
                0x0000b0cc        0xe ./drivers/fsl_lpflexcomm.o
                0x0000b0cc                LP_FLEXCOMM9_DriverIRQHandler
 .text.DisableGlobalIRQ
                0x0000b0da       0x22 ./drivers/fsl_lpuart.o
 .text.EnableGlobalIRQ
                0x0000b0fc       0x20 ./drivers/fsl_lpuart.o
 .text.LPUART_SoftwareReset
                0x0000b11c       0x2c ./drivers/fsl_lpuart.o
 .text.SPC_GetActiveModeBandgapMode
                0x0000b148       0x22 ./drivers/fsl_spc.o
 .text.SPC_GetActiveModeVoltageDetectStatus
                0x0000b16a       0x22 ./drivers/fsl_spc.o
 .text.SPC_GetActiveModeCoreLDOVDDVoltageLevel
                0x0000b18c       0x22 ./drivers/fsl_spc.o
 .text.SPC_GetActiveModeCoreLDODriveStrength
                0x0000b1ae       0x22 ./drivers/fsl_spc.o
 .text.SPC_SetActiveModeDCDCRegulatorVoltageLevel
                0x0000b1d0       0x32 ./drivers/fsl_spc.o
 .text.SPC_SetActiveModeCoreLDORegulatorVoltageLevel
                0x0000b202       0x60 ./drivers/fsl_spc.o
                0x0000b202                SPC_SetActiveModeCoreLDORegulatorVoltageLevel
 .text.SPC_SetActiveModeCoreLDORegulatorDriveStrength
                0x0000b262       0x5e ./drivers/fsl_spc.o
                0x0000b262                SPC_SetActiveModeCoreLDORegulatorDriveStrength
 .text.SPC_SetActiveModeDCDCRegulatorDriveStrength
                0x0000b2c0       0x48 ./drivers/fsl_spc.o
                0x0000b2c0                SPC_SetActiveModeDCDCRegulatorDriveStrength
 .text.CLOCK_EnableClock
                0x0000b308       0x8c ./drivers/fsl_vref.o
 .text.CLOCK_EnableClock
                0x0000b394       0x8c ./drivers/fsl_wwdt.o
 .text.DisableGlobalIRQ
                0x0000b420       0x22 ./drivers/fsl_wwdt.o
 .text.EnableGlobalIRQ
                0x0000b442       0x20 ./drivers/fsl_wwdt.o
 .text.WWDT_Refresh
                0x0000b462       0x2c ./drivers/fsl_wwdt.o
                0x0000b462                WWDT_Refresh
 .text.SystemInitHook
                0x0000b48e        0xe ./device/system_MCXN947_cm33_core0.o
                0x0000b48e                SystemInitHook
 .text.HAL_UartGetStatus
                0x0000b49c       0x28 ./component/uart/fsl_adapter_lpuart.o
 .text.DisableGlobalIRQ
                0x0000b4c4       0x22 ./component/serial_manager/fsl_component_serial_manager.o
 .text.EnableGlobalIRQ
                0x0000b4e6       0x20 ./component/serial_manager/fsl_component_serial_manager.o
 .text.SerialManager_StartWriting
                0x0000b506       0x38 ./component/serial_manager/fsl_component_serial_manager.o
 .text.SerialManager_Write
                0x0000b53e       0x44 ./component/serial_manager/fsl_component_serial_manager.o
 .text.SerialManager_Init
                0x0000b582       0x60 ./component/serial_manager/fsl_component_serial_manager.o
                0x0000b582                SerialManager_Init
 .text.SerialManager_OpenWriteHandle
                0x0000b5e2       0x50 ./component/serial_manager/fsl_component_serial_manager.o
                0x0000b5e2                SerialManager_OpenWriteHandle
 .text.SerialManager_OpenReadHandle
                0x0000b632       0x60 ./component/serial_manager/fsl_component_serial_manager.o
                0x0000b632                SerialManager_OpenReadHandle
 .text.SerialManager_WriteBlocking
                0x0000b692       0x20 ./component/serial_manager/fsl_component_serial_manager.o
                0x0000b692                SerialManager_WriteBlocking
 .text.Serial_UartInit
                0x0000b6b2       0x3e ./component/serial_manager/fsl_component_serial_port_uart.o
                0x0000b6b2                Serial_UartInit
 .text.Serial_UartWrite
                0x0000b6f0       0x38 ./component/serial_manager/fsl_component_serial_port_uart.o
                0x0000b6f0                Serial_UartWrite
 .text.CLOCK_EnableClock
                0x0000b728       0x8c ./board/clock_config.o
 .text.BOARD_InitBootClocks
                0x0000b7b4        0xc ./board/clock_config.o
                0x0000b7b4                BOARD_InitBootClocks
 .text.CLOCK_EnableClock
                0x0000b7c0       0x8c ./board/pin_mux.o
 .text.EnableIRQ
                0x0000b84c       0x32 ./board/pin_mux.o
 .text.BOARD_InitPins
                0x0000b87e       0x34 ./board/pin_mux.o
                0x0000b87e                BOARD_InitPins
 .text.__main   0x0000b8b2        0xe C:/nxp/MCUXpressoIDE_24.9.25/ide/plugins/com.nxp.mcuxpresso.tools.win32_24.9.0.202407110857/tools/bin/../lib/gcc/arm-none-eabi/13.2.1/../../../../arm-none-eabi/lib/thumb/v8-m.main+fp/hard\libcr_nohost_nf.a(_cr__main.o)
                0x0000b8b2                __main
 .text.memset   0x0000b8c0        0x4 C:/nxp/MCUXpressoIDE_24.9.25/ide/plugins/com.nxp.mcuxpresso.tools.win32_24.9.0.202407110857/tools/bin/../lib/gcc/arm-none-eabi/13.2.1/../../../../arm-none-eabi/lib/thumb/v8-m.main+fp/hard\libcr_c.a(memset.o)
                0x0000b8c0                memset
 .text.free     0x0000b8c4       0x30 C:/nxp/MCUXpressoIDE_24.9.25/ide/plugins/com.nxp.mcuxpresso.tools.win32_24.9.0.202407110857/tools/bin/../lib/gcc/arm-none-eabi/13.2.1/../../../../arm-none-eabi/lib/thumb/v8-m.main+fp/hard\libcr_c.a(alloc.o)
                0x0000b8c4                free
 .text.setvbuf  0x0000b8f4       0x3e C:/nxp/MCUXpressoIDE_24.9.25/ide/plugins/com.nxp.mcuxpresso.tools.win32_24.9.0.202407110857/tools/bin/../lib/gcc/arm-none-eabi/13.2.1/../../../../arm-none-eabi/lib/thumb/v8-m.main+fp/hard\libcr_c.a(setvbuf.o)
                0x0000b8f4                setvbuf