D:\Project\ME Box\PS_pfc\SourceCode\frdmmcxn947_freertos_v1.0.3\CMSIS/core_cm33.h:2390:22:__NVIC_EnableIRQ	16	static
../drivers/fsl_clock.h:1394:20:CLOCK_EnableClock	24	static
../drivers/fsl_clock.h:1420:20:CLOCK_DisableClock	24	static
../drivers/fsl_common_arm.h:586:24:EnableIRQ	24	static
../drivers/fsl_common_arm.h:804:24:DisableGlobalIRQ	16	static
../drivers/fsl_common_arm.h:830:20:EnableGlobalIRQ	24	static
../drivers/fsl_flexcan.h:1433:24:FLEXCAN_GetStatusFlags	80	static
../drivers/fsl_flexcan.h:1468:20:FLEXCAN_ClearStatusFlags	24	static
../drivers/fsl_flexcan.h:1526:24:FLEXCAN_GetMbStatusFlags	16	static
../drivers/fsl_flexcan.h:1571:20:FLEXCAN_ClearMbStatusFlags	16	static
../drivers/fsl_flexcan.h:1663:20:FLEXCAN_EnableInterrupts	40	static
../drivers/fsl_flexcan.h:1715:20:FLEXCAN_DisableInterrupts	40	static
../drivers/fsl_flexcan.h:1767:20:FLEXCAN_EnableMbInterrupts	24	static
../drivers/fsl_flexcan.h:1815:20:FLEXCAN_DisableMbInterrupts	24	static
../drivers/fsl_flexcan.h:1899:20:FLEXCAN_Enable	16	static
../drivers/fsl_flexcan.c:349:13:flexcan_memset	32	static
../drivers/fsl_flexcan.c:378:6:FLEXCAN_IsInstanceHasFDMode	16	static
../drivers/fsl_flexcan.c:411:10:FLEXCAN_GetInstance	24	static
../drivers/fsl_flexcan.c:599:6:FLEXCAN_EnterFreezeMode	16	static
../drivers/fsl_flexcan.c:617:6:FLEXCAN_ExitFreezeMode	16	static
../drivers/fsl_flexcan.c:645:13:FLEXCAN_IsMbOccupied	24	static
../drivers/fsl_flexcan.c:721:13:FLEXCAN_Reset	24	static
../drivers/fsl_flexcan.c:811:10:FLEXCAN_SetBitRate	40	static
../drivers/fsl_flexcan.c:838:10:FLEXCAN_SetFDBitRate	48	static
../drivers/fsl_flexcan.c:878:6:FLEXCAN_Init	64	static
../drivers/fsl_flexcan.c:1078:6:FLEXCAN_FDInit	56	static
../drivers/fsl_flexcan.c:1211:6:FLEXCAN_Deinit	24	static
../drivers/fsl_flexcan.c:1256:6:FLEXCAN_GetDefaultConfig	16	static
../drivers/fsl_flexcan.c:1324:6:FLEXCAN_SetPNConfig	24	static
../drivers/fsl_flexcan.c:1367:10:FLEXCAN_ReadPNWakeUpMB	32	static
../drivers/fsl_flexcan.c:1429:6:FLEXCAN_SetTimingConfig	16	static
../drivers/fsl_flexcan.c:1508:6:FLEXCAN_SetFDTimingConfig	16	static
../drivers/fsl_flexcan.c:1555:6:FLEXCAN_SetRxMbGlobalMask	16	static
../drivers/fsl_flexcan.c:1577:6:FLEXCAN_SetRxFifoGlobalMask	16	static
../drivers/fsl_flexcan.c:1603:6:FLEXCAN_SetRxIndividualMask	24	static
../drivers/fsl_flexcan.c:1629:6:FLEXCAN_SetTxMbConfig	16	static
../drivers/fsl_flexcan.c:1663:13:FLEXCAN_GetSegments	40	static
../drivers/fsl_flexcan.c:1787:6:FLEXCAN_CalculateImprovedTimingValues	64	static
../drivers/fsl_flexcan.c:1881:17:FLEXCAN_GetFDMailboxOffset	24	static
../drivers/fsl_flexcan.c:1917:13:FLEXCAN_FDGetSegments	48	static
../drivers/fsl_flexcan.c:2015:13:FLEXCAN_CalculateImprovedNominalTimingValues	72	static
../drivers/fsl_flexcan.c:2126:6:FLEXCAN_FDCalculateImprovedTimingValues	48	static
../drivers/fsl_flexcan.c:2228:6:FLEXCAN_SetFDTxMbConfig	32	static
../drivers/fsl_flexcan.c:2293:6:FLEXCAN_SetRxMbConfig	32	static
../drivers/fsl_flexcan.c:2349:6:FLEXCAN_SetFDRxMbConfig	48	static
../drivers/fsl_flexcan.c:2415:6:FLEXCAN_SetRxFifoConfig	40	static
../drivers/fsl_flexcan.c:2543:6:FLEXCAN_SetEnhancedRxFifoConfig	32	static
../drivers/fsl_flexcan.c:2611:6:FLEXCAN_EnableRxFifoDMA	16	static
../drivers/fsl_flexcan.c:2784:10:FLEXCAN_WriteTxMb	32	static
../drivers/fsl_flexcan.c:2861:10:FLEXCAN_WriteFDTxMb	56	static
../drivers/fsl_flexcan.c:2956:10:FLEXCAN_ReadRxMb	40	static
../drivers/fsl_flexcan.c:3037:10:FLEXCAN_ReadFDRxMb	56	static
../drivers/fsl_flexcan.c:3137:10:FLEXCAN_ReadRxFifo	24	static
../drivers/fsl_flexcan.c:3200:10:FLEXCAN_ReadEnhancedRxFifo	32	static
../drivers/fsl_flexcan.c:3247:10:FLEXCAN_TransferSendBlocking	32	static
../drivers/fsl_flexcan.c:3307:10:FLEXCAN_TransferReceiveBlocking	24	static
../drivers/fsl_flexcan.c:3353:10:FLEXCAN_TransferFDSendBlocking	40	static
../drivers/fsl_flexcan.c:3414:10:FLEXCAN_TransferFDReceiveBlocking	24	static
../drivers/fsl_flexcan.c:3459:10:FLEXCAN_TransferReceiveFifoBlocking	24	static
../drivers/fsl_flexcan.c:3488:10:FLEXCAN_TransferReceiveEnhancedFifoBlocking	32	static
../drivers/fsl_flexcan.c:3516:6:FLEXCAN_TransferCreateHandle	32	static
../drivers/fsl_flexcan.c:3601:10:FLEXCAN_TransferSendNonBlocking	32	static
../drivers/fsl_flexcan.c:3672:10:FLEXCAN_TransferReceiveNonBlocking	32	static
../drivers/fsl_flexcan.c:3732:10:FLEXCAN_TransferFDSendNonBlocking	32	static
../drivers/fsl_flexcan.c:3804:10:FLEXCAN_TransferFDReceiveNonBlocking	32	static
../drivers/fsl_flexcan.c:3863:10:FLEXCAN_TransferReceiveFifoNonBlocking	32	static
../drivers/fsl_flexcan.c:3913:10:FLEXCAN_TransferGetReceiveFifoCount	32	static
../drivers/fsl_flexcan.c:3944:10:FLEXCAN_TransferReceiveEnhancedFifoNonBlocking	64	static
../drivers/fsl_flexcan.c:4000:6:FLEXCAN_TransferAbortSend	32	static
../drivers/fsl_flexcan.c:4046:6:FLEXCAN_TransferFDAbortSend	40	static
../drivers/fsl_flexcan.c:4096:6:FLEXCAN_TransferFDAbortReceive	24	static
../drivers/fsl_flexcan.c:4136:6:FLEXCAN_TransferAbortReceive	24	static
../drivers/fsl_flexcan.c:4174:6:FLEXCAN_TransferAbortReceiveFifo	16	static
../drivers/fsl_flexcan.c:4205:6:FLEXCAN_TransferAbortReceiveEnhancedFifo	16	static
../drivers/fsl_flexcan.c:4248:10:FLEXCAN_GetTimeStamp	16	static
../drivers/fsl_flexcan.c:4262:13:FLEXCAN_CheckUnhandleInterruptEvents	96	static
../drivers/fsl_flexcan.c:4320:17:FLEXCAN_SubHandlerForLegacyRxFIFO	40	static
../drivers/fsl_flexcan.c:4429:17:FLEXCAN_SubHandlerForMB	32	static
../drivers/fsl_flexcan.c:4533:17:FLEXCAN_SubHandlerForDataTransfered	40	static
../drivers/fsl_flexcan.c:4635:17:FLEXCAN_SubHandlerForEhancedRxFifo	56	static
../drivers/fsl_flexcan.c:4736:6:FLEXCAN_TransferHandleIRQ	88	static
../drivers/fsl_flexcan.c:4790:6:CAN0_DriverIRQHandler	8	static
../drivers/fsl_flexcan.c:4801:6:CAN1_DriverIRQHandler	8	static
