../drivers/fsl_clock.h:1394:20:CLOCK_EnableClock	24	static
../drivers/fsl_clock.h:1420:20:CLOCK_DisableClock	24	static
../drivers/fsl_reset.h:250:20:RESET_ReleasePeripheralReset	16	static
../drivers/fsl_lpadc.h:758:20:LPADC_Enable	16	static
../drivers/fsl_lpadc.h:776:20:LPADC_DoResetFIFO0	16	static
../drivers/fsl_lpadc.h:786:20:LPADC_DoResetFIFO1	16	static
../drivers/fsl_lpadc.h:813:20:LPADC_DoResetConfig	16	static
../drivers/fsl_lpadc.h:994:24:LPADC_GetConvResultCount	16	static
../drivers/fsl_lpadc.h:1316:20:LPADC_EnableOffsetCalibration	16	static
../drivers/fsl_lpadc.c:88:17:LPADC_GetInstance	24	static
../drivers/fsl_lpadc.c:122:17:LPADC_GetGainConvResult	104	static
../drivers/fsl_lpadc.c:152:6:LPADC_Init	24	static
../drivers/fsl_lpadc.c:279:6:LPADC_GetDefaultConfig	16	static
../drivers/fsl_lpadc.c:317:6:LPADC_Deinit	16	static
../drivers/fsl_lpadc.c:338:6:LPADC_GetConvResult	32	static
../drivers/fsl_lpadc.c:365:6:LPADC_GetConvResultBlocking	32	static
../drivers/fsl_lpadc.c:447:6:LPADC_SetConvTriggerConfig	32	static
../drivers/fsl_lpadc.c:486:6:LPADC_GetDefaultConvTriggerConfig	16	static
../drivers/fsl_lpadc.c:513:6:LPADC_SetConvCommandConfig	32	static
../drivers/fsl_lpadc.c:624:6:LPADC_GetDefaultConvCommandConfig	16	static
../drivers/fsl_lpadc.c:752:6:LPADC_DoOffsetCalibration	16	static
../drivers/fsl_lpadc.c:766:6:LPADC_DoAutoCalibration	16	static
../drivers/fsl_lpadc.c:778:6:LPADC_PrepareAutoCalibration	16	static
../drivers/fsl_lpadc.c:795:6:LPADC_FinishAutoCalibration	32	static
../drivers/fsl_lpadc.c:873:6:LPADC_GetCalibrationValue	24	static
../drivers/fsl_lpadc.c:928:6:LPADC_SetCalibrationValue	24	static
