D:\Project\ME Box\PS_pfc\SourceCode\frdmmcxn947_freertos_v1.0.3\drivers/fsl_gpio.h:358:20:GPIO_PortSet	16	static
D:\Project\ME Box\PS_pfc\SourceCode\frdmmcxn947_freertos_v1.0.3\drivers/fsl_gpio.h:373:20:GPIO_PortClear	16	static
D:\Project\ME Box\PS_pfc\SourceCode\frdmmcxn947_freertos_v1.0.3\drivers/fsl_gpio.h:411:24:GPIO_PinRead	16	static
D:\Project\ME Box\PS_pfc\SourceCode\frdmmcxn947_freertos_v1.0.3\drivers/fsl_dac.h:393:20:DAC_SetData	16	static
../source/command.c:124:6:processReceivedCommand	288	static
../source/command.c:164:13:handle_SS_RLY_EN_Command	16	static
../source/command.c:169:13:handle_SS_PLY_DIS_Command	16	static
../source/command.c:174:13:handle_PFC1_FLT_DETECT_Command	24	static
../source/command.c:183:13:handle_PFC2_FLT_DETECT_Command	24	static
../source/command.c:192:13:handle_SYS_CFG0_DETECT_Command	24	static
../source/command.c:201:13:handle_SYS_CFG1_DETECT_Command	24	static
../source/command.c:210:13:handle_SYS_CFG2_DETECT_Command	24	static
../source/command.c:219:13:handle_FAN1_FB_DETECT_Command	24	static
../source/command.c:228:13:handle_FAN2_FB_DETECT_Command	24	static
../source/command.c:237:13:handle_FAN3_FB_DETECT_Command	24	static
../source/command.c:248:13:handle_PFC1_EN_Command	16	static
../source/command.c:253:13:handle_PFC1_DIS_Command	16	static
../source/command.c:258:13:handle_PFC2_EN_Command	16	static
../source/command.c:263:13:handle_PFC2_DIS_Command	16	static
../source/command.c:269:13:handle_DCDC1_EN_Command	16	static
../source/command.c:274:13:handle_DCDC1_DIS_Command	16	static
../source/command.c:279:13:handle_DCDC2_EN_Command	16	static
../source/command.c:284:13:handle_DCDC2_DIS_Command	16	static
../source/command.c:290:13:handle_FAN1_EN_Command	16	static
../source/command.c:295:13:handle_FAN1_DIS_Command	16	static
../source/command.c:301:13:handle_FAN2_EN_Command	16	static
../source/command.c:306:13:handle_FAN2_DIS_Command	16	static
../source/command.c:311:13:handle_FAN3_EN_Command	16	static
../source/command.c:316:13:handle_FAN3_DIS_Command	16	static
../source/command.c:323:13:handle_ReadAdc_Command	16	static
../source/command.c:342:6:handle_WriteDac0_Command	24	static
../source/command.c:362:6:handle_WriteDac1_Command	24	static
