D:\Git\nxp_mcxn947_pfc\drivers/fsl_gpio.h:358:20:GPIO_PortSet	16	static
D:\Git\nxp_mcxn947_pfc\drivers/fsl_gpio.h:373:20:GPIO_PortClear	16	static
../source/lcd.c:160:6:delay	24	static
../source/lcd.c:168:6:transfer_command_lcd	24	static
../source/lcd.c:187:6:transfer_data_lcd	24	static
../source/lcd.c:203:6:lcd_address	16	static
../source/lcd.c:212:6:display_graphic_5x8	24	static
../source/lcd.c:224:6:display_128x64	24	static
../source/lcd.c:239:6:display_graphic_16x16	24	static
../source/lcd.c:253:6:display_graphic_8x16	24	static
../source/lcd.c:268:6:send_command_to_ROM	24	static
../source/lcd.c:284:16:get_data_from_ROM	16	static
../source/lcd.c:304:6:get_and_write_16x16	24	static
../source/lcd.c:325:6:get_and_write_5x8	24	static
../source/lcd.c:342:6:display_string_5x8	24	static
../source/lcd.c:366:6:clear_screen	16	static
../source/lcd.c:383:6:lv_port_disp_init	8	static
../source/lcd.c:410:6:FontDisplay	24	static
../source/lcd.c:420:6:Display	8	static
