../freertos/freertos-kernel/portable/GCC/ARM_CM33_NTZ/non_secure/port.c:776:32:vPortSetupTimerInterrupt	4	static
../freertos/freertos-kernel/portable/GCC/ARM_CM33_NTZ/non_secure/port.c:804:13:prvTaskExitError	16	static
../freertos/freertos-kernel/portable/GCC/ARM_CM33_NTZ/non_secure/port.c:942:17:prvSetupFPU	4	static
../freertos/freertos-kernel/portable/GCC/ARM_CM33_NTZ/non_secure/port.c:966:6:vPortYield	4	static
../freertos/freertos-kernel/portable/GCC/ARM_CM33_NTZ/non_secure/port.c:978:6:vPortEnterCritical	8	static
../freertos/freertos-kernel/portable/GCC/ARM_CM33_NTZ/non_secure/port.c:990:6:vPortExitCritical	8	static
../freertos/freertos-kernel/portable/GCC/ARM_CM33_NTZ/non_secure/port.c:1002:6:SysTick_Handler	16	static
../freertos/freertos-kernel/portable/GCC/ARM_CM33_NTZ/non_secure/port.c:1025:6:vPortSVCHandler_C	24	static
../freertos/freertos-kernel/portable/GCC/ARM_CM33_NTZ/non_secure/port.c:1530:19:pxPortInitialiseStack	24	static
../freertos/freertos-kernel/portable/GCC/ARM_CM33_NTZ/non_secure/port.c:1613:12:xPortStartScheduler	24	static
../freertos/freertos-kernel/portable/GCC/ARM_CM33_NTZ/non_secure/port.c:1766:6:vPortEndScheduler	8	static
../freertos/freertos-kernel/portable/GCC/ARM_CM33_NTZ/non_secure/port.c:1947:12:xPortIsInsideInterrupt	16	static
../freertos/freertos-kernel/portable/GCC/ARM_CM33_NTZ/non_secure/port.c:1972:10:vPortValidateInterruptPriority	16	static
