../freertos/freertos-kernel/tasks.c:1612:20:prvCreateTask	48	static
../freertos/freertos-kernel/tasks.c:1710:16:xTaskCreate	40	static
../freertos/freertos-kernel/tasks.c:1785:13:prvInitialiseNewTask	32	static
../freertos/freertos-kernel/tasks.c:2011:17:prvAddNewTaskToReadyList	24	static
../freertos/freertos-kernel/tasks.c:2203:10:vTaskDelete	24	static
../freertos/freertos-kernel/tasks.c:2348:16:xTaskDelayUntil	32	static
../freertos/freertos-kernel/tasks.c:2440:10:vTaskDelay	24	static
../freertos/freertos-kernel/tasks.c:2490:16:eTaskGetState	48	static
../freertos/freertos-kernel/tasks.c:2622:17:uxTaskPriorityGet	24	static
../freertos/freertos-kernel/tasks.c:2648:17:uxTaskPriorityGetFromISR	32	static
../freertos/freertos-kernel/tasks.c:2693:17:uxTaskBasePriorityGet	24	static
../freertos/freertos-kernel/tasks.c:2719:17:uxTaskBasePriorityGetFromISR	32	static
../freertos/freertos-kernel/tasks.c:2764:10:vTaskPrioritySet	40	static
../freertos/freertos-kernel/tasks.c:3120:10:vTaskSuspend	24	static
../freertos/freertos-kernel/tasks.c:3288:23:prvTaskIsTaskSuspended	32	static
../freertos/freertos-kernel/tasks.c:3358:10:vTaskResume	24	static
../freertos/freertos-kernel/tasks.c:3419:16:xTaskResumeFromISR	32	static
../freertos/freertos-kernel/tasks.c:3513:19:prvCreateIdleTasks	56	static
../freertos/freertos-kernel/tasks.c:3657:6:vTaskStartScheduler	16	static
../freertos/freertos-kernel/tasks.c:3760:6:vTaskEndScheduler	8	static
../freertos/freertos-kernel/tasks.c:3775:6:vTaskSuspendAll	4	static
../freertos/freertos-kernel/tasks.c:3924:12:xTaskResumeAll	40	static
../freertos/freertos-kernel/tasks.c:4074:12:xTaskGetTickCount	16	static
../freertos/freertos-kernel/tasks.c:4093:12:xTaskGetTickCountFromISR	16	static
../freertos/freertos-kernel/tasks.c:4128:13:uxTaskGetNumberOfTasks	4	static
../freertos/freertos-kernel/tasks.c:4140:8:pcTaskGetName	24	static
../freertos/freertos-kernel/tasks.c:4427:17:uxTaskGetSystemState	32	static
../freertos/freertos-kernel/tasks.c:4588:12:xTaskCatchUpTicks	24	static
../freertos/freertos-kernel/tasks.c:4712:12:xTaskIncrementTick	40	static
../freertos/freertos-kernel/tasks.c:5095:10:vTaskSwitchContext	40	static
../freertos/freertos-kernel/tasks.c:5282:6:vTaskPlaceOnEventList	16	static
../freertos/freertos-kernel/tasks.c:5311:6:vTaskPlaceOnUnorderedEventList	32	static
../freertos/freertos-kernel/tasks.c:5343:10:vTaskPlaceOnEventListRestricted	32	static
../freertos/freertos-kernel/tasks.c:5380:12:xTaskRemoveFromEventList	40	static
../freertos/freertos-kernel/tasks.c:5473:6:vTaskRemoveFromUnorderedEventList	32	static
../freertos/freertos-kernel/tasks.c:5545:6:vTaskSetTimeOutState	16	static
../freertos/freertos-kernel/tasks.c:5561:6:vTaskInternalSetTimeOutState	16	static
../freertos/freertos-kernel/tasks.c:5573:12:xTaskCheckForTimeOut	32	static
../freertos/freertos-kernel/tasks.c:5642:6:vTaskMissedYield	4	static
../freertos/freertos-kernel/tasks.c:5655:17:uxTaskGetTaskNumber	24	static
../freertos/freertos-kernel/tasks.c:5682:10:vTaskSetTaskNumber	24	static
../freertos/freertos-kernel/tasks.c:5787:8:prvIdleTask	16	static
../freertos/freertos-kernel/tasks.c:5978:10:vTaskSetThreadLocalStoragePointer	32	static
../freertos/freertos-kernel/tasks.c:6002:12:pvTaskGetThreadLocalStoragePointer	24	static
../freertos/freertos-kernel/tasks.c:6050:13:prvInitialiseTaskLists	16	static
../freertos/freertos-kernel/tasks.c:6082:13:prvCheckTasksWaitingTermination	16	static
../freertos/freertos-kernel/tasks.c:6160:10:vTaskGetInfo	32	static
../freertos/freertos-kernel/tasks.c:6303:24:prvListTasksWithinSingleList	48	static
../freertos/freertos-kernel/tasks.c:6345:35:prvTaskCheckFreeStackSpace	24	static
../freertos/freertos-kernel/tasks.c:6441:17:prvDeleteTCB	16	static
../freertos/freertos-kernel/tasks.c:6494:13:prvResetNextTaskUnblockTime	4	static
../freertos/freertos-kernel/tasks.c:6518:22:xTaskGetCurrentTaskHandle	16	static
../freertos/freertos-kernel/tasks.c:6574:16:xTaskGetSchedulerState	16	static
../freertos/freertos-kernel/tasks.c:6614:16:xTaskPriorityInherit	32	static
../freertos/freertos-kernel/tasks.c:6717:16:xTaskPriorityDisinherit	32	static
../freertos/freertos-kernel/tasks.c:6811:10:vTaskPriorityDisinheritAfterTimeout	40	static
../freertos/freertos-kernel/tasks.c:7603:12:uxTaskResetEventItemValue	16	static
../freertos/freertos-kernel/tasks.c:7623:18:pvTaskIncrementMutexHeldCount	16	static
../freertos/freertos-kernel/tasks.c:7648:14:ulTaskGenericNotifyTake	32	static
../freertos/freertos-kernel/tasks.c:7767:16:xTaskGenericNotifyWait	32	static
../freertos/freertos-kernel/tasks.c:7899:16:xTaskGenericNotify	48	static
../freertos/freertos-kernel/tasks.c:8019:16:xTaskGenericNotifyFromISR	56	static
../freertos/freertos-kernel/tasks.c:8182:10:vTaskGenericNotifyGiveFromISR	48	static
../freertos/freertos-kernel/tasks.c:8295:16:xTaskGenericNotifyStateClear	24	static
../freertos/freertos-kernel/tasks.c:8333:14:ulTaskGenericNotifyValueClear	32	static
../freertos/freertos-kernel/tasks.c:8476:13:prvAddCurrentTaskToDelayedList	40	static
